[     759ms] [INFO] %cDownload the React DevTools for a better development experience: https://react.dev/link/react-devtools font-weight:bold @ http://localhost:3000/_next/static/chunks/01vs_next_dist_0z7rf41._.js:2477
[     784ms] [LOG] [HMR] connected @ http://localhost:3000/_next/static/chunks/01vs_next_dist_0z7rf41._.js:2477
[     845ms] [WARNING] Image with src "http://localhost:3000/images/logo-symbol.svg" has either width or height modified, but not the other. If you use CSS to change the size of your image, also include the styles 'width: "auto"' or 'height: "auto"' to maintain the aspect ratio. @ http://localhost:3000/_next/static/chunks/01vs_next_dist_0z7rf41._.js:2477
[     845ms] [WARNING] Image with src "http://localhost:3000/images/logo-wordmark.svg" has either width or height modified, but not the other. If you use CSS to change the size of your image, also include the styles 'width: "auto"' or 'height: "auto"' to maintain the aspect ratio. @ http://localhost:3000/_next/static/chunks/01vs_next_dist_0z7rf41._.js:2477
[     899ms] [LOG] [Fast Refresh] rebuilding @ http://localhost:3000/_next/static/chunks/01vs_next_dist_0z7rf41._.js:2477
[     941ms] [LOG] [Fast Refresh] done in 142ms @ http://localhost:3000/_next/static/chunks/01vs_next_dist_0z7rf41._.js:2477
[    1022ms] [WARNING] Clerk: Clerk has been loaded with development keys. Development instances have strict usage limits and should not be used when deploying your application to production. Learn more: https://clerk.com/docs/deployments/overview @ http://localhost:3000/_next/static/chunks/01vs_next_dist_0z7rf41._.js:2477
[    1293ms] [INFO] 🔒 Clerk:
The <SignIn/> component cannot render when a user is already signed in, unless the application allows multiple sessions. Since a user is signed in and this application only allows a single session, Clerk is redirecting to the `afterSignIn` URL instead.
(This notice only appears in development) @ http://localhost:3000/_next/static/chunks/01vs_next_dist_0z7rf41._.js:2477
[    1972ms] [WARNING] Image with src "https://videodelivery.net/ac5c216b2ab9d970a27be47af24505d2/thumbnails/thumbnail.jpg" has "fill" but is missing "sizes" prop. Please add it to improve page performance. Read more: https://nextjs.org/docs/api-reference/next/image#sizes @ http://localhost:3000/_next/static/chunks/01vs_next_dist_0z7rf41._.js:2477
[    1972ms] [WARNING] Image with src "https://videodelivery.net/68de5b1f368d16a9f7f798129d8f25c4/thumbnails/thumbnail.jpg" has "fill" but is missing "sizes" prop. Please add it to improve page performance. Read more: https://nextjs.org/docs/api-reference/next/image#sizes @ http://localhost:3000/_next/static/chunks/01vs_next_dist_0z7rf41._.js:2477
[    1972ms] [WARNING] Image with src "https://videodelivery.net/f0aefd3848d742388dc95db1e2466723/thumbnails/thumbnail.jpg" has "fill" but is missing "sizes" prop. Please add it to improve page performance. Read more: https://nextjs.org/docs/api-reference/next/image#sizes @ http://localhost:3000/_next/static/chunks/01vs_next_dist_0z7rf41._.js:2477
[    1972ms] [WARNING] Image with src "https://videodelivery.net/f2bb6fb9317cad488e7ffa6963b39926/thumbnails/thumbnail.jpg" has "fill" but is missing "sizes" prop. Please add it to improve page performance. Read more: https://nextjs.org/docs/api-reference/next/image#sizes @ http://localhost:3000/_next/static/chunks/01vs_next_dist_0z7rf41._.js:2477
[    1973ms] [WARNING] Image with src "https://videodelivery.net/7091e379841bf28eab0e59f4355f10ed/thumbnails/thumbnail.jpg" has "fill" but is missing "sizes" prop. Please add it to improve page performance. Read more: https://nextjs.org/docs/api-reference/next/image#sizes @ http://localhost:3000/_next/static/chunks/01vs_next_dist_0z7rf41._.js:2477
[    1976ms] [WARNING] Image with src "https://videodelivery.net/3b2696f077d0e769ac9b2813876877e7/thumbnails/thumbnail.jpg" has "fill" but is missing "sizes" prop. Please add it to improve page performance. Read more: https://nextjs.org/docs/api-reference/next/image#sizes @ http://localhost:3000/_next/static/chunks/01vs_next_dist_0z7rf41._.js:2477
[    1977ms] [WARNING] Image with src "https://i.vimeocdn.com/video/666069685-b8830d1617363db0055a21e24423e90026a79403f7a9603ca22981bdc7671ccb-d_640?region=us" has "fill" but is missing "sizes" prop. Please add it to improve page performance. Read more: https://nextjs.org/docs/api-reference/next/image#sizes @ http://localhost:3000/_next/static/chunks/01vs_next_dist_0z7rf41._.js:2477
[    1977ms] [WARNING] Image with src "https://videodelivery.net/9d192f545911ca0ef3da7d49c69f72c6/thumbnails/thumbnail.jpg" has "fill" but is missing "sizes" prop. Please add it to improve page performance. Read more: https://nextjs.org/docs/api-reference/next/image#sizes @ http://localhost:3000/_next/static/chunks/01vs_next_dist_0z7rf41._.js:2477
[    1977ms] [WARNING] Image with src "https://videodelivery.net/3c5400eef9dfe517b10625fd633e44d1/thumbnails/thumbnail.jpg" has "fill" but is missing "sizes" prop. Please add it to improve page performance. Read more: https://nextjs.org/docs/api-reference/next/image#sizes @ http://localhost:3000/_next/static/chunks/01vs_next_dist_0z7rf41._.js:2477
[   72631ms] [LOG] [Fast Refresh] rebuilding @ http://localhost:3000/_next/static/chunks/01vs_next_dist_0z7rf41._.js:2477
[   72652ms] [LOG] [Fast Refresh] done in 122ms @ http://localhost:3000/_next/static/chunks/01vs_next_dist_0z7rf41._.js:2477
[   80666ms] [LOG] [Fast Refresh] rebuilding @ http://localhost:3000/_next/static/chunks/01vs_next_dist_0z7rf41._.js:2477
[   80792ms] [LOG] [Fast Refresh] done in 227ms @ http://localhost:3000/_next/static/chunks/01vs_next_dist_0z7rf41._.js:2477
