[     630ms] [INFO] %cDownload the React DevTools for a better development experience: https://react.dev/link/react-devtools font-weight:bold @ http://localhost:3000/_next/static/chunks/01vs_next_dist_0z7rf41._.js:2477
[     660ms] [LOG] [HMR] connected @ http://localhost:3000/_next/static/chunks/01vs_next_dist_0z7rf41._.js:2477
[     794ms] [LOG] [Fast Refresh] rebuilding @ http://localhost:3000/_next/static/chunks/01vs_next_dist_0z7rf41._.js:2477
[     794ms] [LOG] [Fast Refresh] done in 109ms @ http://localhost:3000/_next/static/chunks/01vs_next_dist_0z7rf41._.js:2477
[     820ms] [WARNING] Image with src "http://localhost:3000/images/logo-symbol.svg" has either width or height modified, but not the other. If you use CSS to change the size of your image, also include the styles 'width: "auto"' or 'height: "auto"' to maintain the aspect ratio. @ http://localhost:3000/_next/static/chunks/01vs_next_dist_0z7rf41._.js:2477
[     821ms] [WARNING] Image with src "https://videodelivery.net/3c5400eef9dfe517b10625fd633e44d1/thumbnails/thumbnail.jpg" has "fill" but is missing "sizes" prop. Please add it to improve page performance. Read more: https://nextjs.org/docs/api-reference/next/image#sizes @ http://localhost:3000/_next/static/chunks/01vs_next_dist_0z7rf41._.js:2477
[     821ms] [WARNING] Image with src "https://i.vimeocdn.com/video/666069685-b8830d1617363db0055a21e24423e90026a79403f7a9603ca22981bdc7671ccb-d_640?region=us" has "fill" but is missing "sizes" prop. Please add it to improve page performance. Read more: https://nextjs.org/docs/api-reference/next/image#sizes @ http://localhost:3000/_next/static/chunks/01vs_next_dist_0z7rf41._.js:2477
[     821ms] [WARNING] Image with src "https://videodelivery.net/3b2696f077d0e769ac9b2813876877e7/thumbnails/thumbnail.jpg" has "fill" but is missing "sizes" prop. Please add it to improve page performance. Read more: https://nextjs.org/docs/api-reference/next/image#sizes @ http://localhost:3000/_next/static/chunks/01vs_next_dist_0z7rf41._.js:2477
[     821ms] [WARNING] Image with src "https://videodelivery.net/7091e379841bf28eab0e59f4355f10ed/thumbnails/thumbnail.jpg" has "fill" but is missing "sizes" prop. Please add it to improve page performance. Read more: https://nextjs.org/docs/api-reference/next/image#sizes @ http://localhost:3000/_next/static/chunks/01vs_next_dist_0z7rf41._.js:2477
[     821ms] [WARNING] Image with src "https://videodelivery.net/f2bb6fb9317cad488e7ffa6963b39926/thumbnails/thumbnail.jpg" has "fill" but is missing "sizes" prop. Please add it to improve page performance. Read more: https://nextjs.org/docs/api-reference/next/image#sizes @ http://localhost:3000/_next/static/chunks/01vs_next_dist_0z7rf41._.js:2477
[     825ms] [WARNING] Image with src "https://videodelivery.net/9d192f545911ca0ef3da7d49c69f72c6/thumbnails/thumbnail.jpg" has "fill" but is missing "sizes" prop. Please add it to improve page performance. Read more: https://nextjs.org/docs/api-reference/next/image#sizes @ http://localhost:3000/_next/static/chunks/01vs_next_dist_0z7rf41._.js:2477
[     825ms] [WARNING] Image with src "https://videodelivery.net/ac5c216b2ab9d970a27be47af24505d2/thumbnails/thumbnail.jpg" has "fill" but is missing "sizes" prop. Please add it to improve page performance. Read more: https://nextjs.org/docs/api-reference/next/image#sizes @ http://localhost:3000/_next/static/chunks/01vs_next_dist_0z7rf41._.js:2477
[     825ms] [WARNING] Image with src "https://videodelivery.net/f0aefd3848d742388dc95db1e2466723/thumbnails/thumbnail.jpg" has "fill" but is missing "sizes" prop. Please add it to improve page performance. Read more: https://nextjs.org/docs/api-reference/next/image#sizes @ http://localhost:3000/_next/static/chunks/01vs_next_dist_0z7rf41._.js:2477
[     827ms] [WARNING] Image with src "https://videodelivery.net/68de5b1f368d16a9f7f798129d8f25c4/thumbnails/thumbnail.jpg" has "fill" but is missing "sizes" prop. Please add it to improve page performance. Read more: https://nextjs.org/docs/api-reference/next/image#sizes @ http://localhost:3000/_next/static/chunks/01vs_next_dist_0z7rf41._.js:2477
[    1020ms] [WARNING] Clerk: Clerk has been loaded with development keys. Development instances have strict usage limits and should not be used when deploying your application to production. Learn more: https://clerk.com/docs/deployments/overview @ http://localhost:3000/_next/static/chunks/01vs_next_dist_0z7rf41._.js:2477
[    4500ms] [LOG] [Fast Refresh] rebuilding @ http://localhost:3000/_next/static/chunks/01vs_next_dist_0z7rf41._.js:2477
[    4517ms] [LOG] [Fast Refresh] done in 118ms @ http://localhost:3000/_next/static/chunks/01vs_next_dist_0z7rf41._.js:2477
[  358867ms] [LOG] [Fast Refresh] rebuilding @ http://localhost:3000/_next/static/chunks/01vs_next_dist_0z7rf41._.js:2477
[  358889ms] [ERROR] ./src/app/(main)/[username]/page.tsx:222:19
Expected '</', got 'jsx text'
  220 |               />
  221 |             )}
> 222 |           </aside>
      |                   ^^^^^^^^^^^^^^^^^^^^^^^^^^^^^^^^^^^^^^^^^^^^^^^^^^^^^^^^^^^^^^^^^^^^^^^^^^
> 223 |
      | ^
> 224 |           {/* ── Main content ────────────────────────────────── */}
      | ^^^^^^^^^^
  225 |           <main className="min-w-0 flex-1">
  226 |
  227 |             {/* Tab bar */}

Parsing ecmascript source code failed @ http://localhost:3000/_next/static/chunks/01vs_next_dist_0z7rf41._.js:3318
[  358889ms] [ERROR] ./src/app/(main)/[username]/page.tsx
Code generation for chunk item errored
An error occurred while generating the chunk item [project]/src/app/(main)/[username]/page.tsx [app-rsc] (ecmascript)

Caused by:
- CJS module can't be async.

Debug info:
- An error occurred while generating the chunk item [project]/src/app/(main)/[username]/page.tsx [app-rsc] (ecmascript)
- Execution of <EcmascriptModuleAsset as EcmascriptChunkPlaceable>::chunk_item_content failed
- Execution of EcmascriptChunkItemContent::new failed
- CJS module can't be async. @ http://localhost:3000/_next/static/chunks/01vs_next_dist_0z7rf41._.js:3318
[  358949ms] [ERROR] ./src/app/(main)/[username]/page.tsx:222:19
Expected '</', got 'jsx text'
  220 |               />
  221 |             )}
> 222 |           </aside>
      |                   ^^^^^^^^^^^^^^^^^^^^^^^^^^^^^^^^^^^^^^^^^^^^^^^^^^^^^^^^^^^^^^^^^^^^^^^^^^
> 223 |
      | ^
> 224 |           {/* ── Main content ────────────────────────────────── */}
      | ^^^^^^^^^^
  225 |           <main className="min-w-0 flex-1">
  226 |
  227 |             {/* Tab bar */}

Parsing ecmascript source code failed @ http://localhost:3000/_next/static/chunks/01vs_next_dist_0z7rf41._.js:3318
[  358950ms] [ERROR] ./src/app/(main)/[username]/page.tsx
Code generation for chunk item errored
An error occurred while generating the chunk item [project]/src/app/(main)/[username]/page.tsx [app-rsc] (ecmascript)

Caused by:
- CJS module can't be async.

Debug info:
- An error occurred while generating the chunk item [project]/src/app/(main)/[username]/page.tsx [app-rsc] (ecmascript)
- Execution of <EcmascriptModuleAsset as EcmascriptChunkPlaceable>::chunk_item_content failed
- Execution of EcmascriptChunkItemContent::new failed
- CJS module can't be async. @ http://localhost:3000/_next/static/chunks/01vs_next_dist_0z7rf41._.js:3318
[  359023ms] [LOG] [Fast Refresh] rebuilding @ http://localhost:3000/_next/static/chunks/01vs_next_dist_0z7rf41._.js:2477
[  362410ms] [LOG] [Fast Refresh] rebuilding @ http://localhost:3000/_next/static/chunks/01vs_next_dist_0z7rf41._.js:2477
[  362440ms] [LOG] [Fast Refresh] done in 54ms @ http://localhost:3000/_next/static/chunks/01vs_next_dist_0z7rf41._.js:2477
[  376972ms] [LOG] [Fast Refresh] rebuilding @ http://localhost:3000/_next/static/chunks/01vs_next_dist_0z7rf41._.js:2477
[  377068ms] [LOG] [Fast Refresh] done in 175ms @ http://localhost:3000/_next/static/chunks/01vs_next_dist_0z7rf41._.js:2477
[  452781ms] [LOG] [Fast Refresh] rebuilding @ http://localhost:3000/_next/static/chunks/01vs_next_dist_0z7rf41._.js:2477
[  452815ms] [LOG] [Fast Refresh] done in 58ms @ http://localhost:3000/_next/static/chunks/01vs_next_dist_0z7rf41._.js:2477
[  740152ms] [LOG] [Fast Refresh] rebuilding @ http://localhost:3000/_next/static/chunks/01vs_next_dist_0z7rf41._.js:2477
[  740175ms] [LOG] [Fast Refresh] done in 77ms @ http://localhost:3000/_next/static/chunks/01vs_next_dist_0z7rf41._.js:2477
[  750617ms] [LOG] [Fast Refresh] rebuilding @ http://localhost:3000/_next/static/chunks/01vs_next_dist_0z7rf41._.js:2477
[  750650ms] [LOG] [Fast Refresh] done in 57ms @ http://localhost:3000/_next/static/chunks/01vs_next_dist_0z7rf41._.js:2477
[ 1079201ms] [LOG] [Fast Refresh] rebuilding @ http://localhost:3000/_next/static/chunks/01vs_next_dist_0z7rf41._.js:2477
[ 1079220ms] [LOG] [Fast Refresh] done in 103ms @ http://localhost:3000/_next/static/chunks/01vs_next_dist_0z7rf41._.js:2477
[ 1090814ms] [LOG] [Fast Refresh] rebuilding @ http://localhost:3000/_next/static/chunks/01vs_next_dist_0z7rf41._.js:2477
[ 1090834ms] [LOG] [Fast Refresh] done in 82ms @ http://localhost:3000/_next/static/chunks/01vs_next_dist_0z7rf41._.js:2477
[ 1095043ms] [LOG] [Fast Refresh] rebuilding @ http://localhost:3000/_next/static/chunks/01vs_next_dist_0z7rf41._.js:2477
[ 1095077ms] [LOG] [Fast Refresh] done in 59ms @ http://localhost:3000/_next/static/chunks/01vs_next_dist_0z7rf41._.js:2477
[ 2119606ms] [LOG] [Fast Refresh] rebuilding @ http://localhost:3000/_next/static/chunks/01vs_next_dist_0z7rf41._.js:2477
[ 2119614ms] [LOG] [Fast Refresh] done in 109ms @ http://localhost:3000/_next/static/chunks/01vs_next_dist_0z7rf41._.js:2477
[ 2192075ms] [LOG] [Fast Refresh] rebuilding @ http://localhost:3000/_next/static/chunks/01vs_next_dist_0z7rf41._.js:2477
[ 2192328ms] [LOG] [Fast Refresh] done in 341ms @ http://localhost:3000/_next/static/chunks/01vs_next_dist_0z7rf41._.js:2477
[ 2353609ms] [LOG] [Fast Refresh] rebuilding @ http://localhost:3000/_next/static/chunks/01vs_next_dist_0z7rf41._.js:2477
[ 2353690ms] [LOG] [Fast Refresh] done in 153ms @ http://localhost:3000/_next/static/chunks/01vs_next_dist_0z7rf41._.js:2477
[ 2657416ms] [LOG] [Fast Refresh] rebuilding @ http://localhost:3000/_next/static/chunks/01vs_next_dist_0z7rf41._.js:2477
[ 2657437ms] [LOG] [Fast Refresh] done in 75ms @ http://localhost:3000/_next/static/chunks/01vs_next_dist_0z7rf41._.js:2477
[ 2664294ms] [LOG] [Fast Refresh] rebuilding @ http://localhost:3000/_next/static/chunks/01vs_next_dist_0z7rf41._.js:2477
[ 2664318ms] [LOG] [Fast Refresh] done in 72ms @ http://localhost:3000/_next/static/chunks/01vs_next_dist_0z7rf41._.js:2477
[ 3123786ms] [LOG] [Fast Refresh] rebuilding @ http://localhost:3000/_next/static/chunks/01vs_next_dist_0z7rf41._.js:2477
[ 3123809ms] [LOG] [Fast Refresh] done in 79ms @ http://localhost:3000/_next/static/chunks/01vs_next_dist_0z7rf41._.js:2477
[ 3128190ms] [LOG] [Fast Refresh] rebuilding @ http://localhost:3000/_next/static/chunks/01vs_next_dist_0z7rf41._.js:2477
[ 3128213ms] [LOG] [Fast Refresh] done in 63ms @ http://localhost:3000/_next/static/chunks/01vs_next_dist_0z7rf41._.js:2477
[ 3709713ms] [LOG] [Fast Refresh] rebuilding @ http://localhost:3000/_next/static/chunks/01vs_next_dist_0z7rf41._.js:2477
[ 3709971ms] [LOG] [Fast Refresh] done in 321ms @ http://localhost:3000/_next/static/chunks/01vs_next_dist_0z7rf41._.js:2477
[ 3714330ms] [LOG] [Fast Refresh] rebuilding @ http://localhost:3000/_next/static/chunks/01vs_next_dist_0z7rf41._.js:2477
[ 3714419ms] [LOG] [Fast Refresh] done in 156ms @ http://localhost:3000/_next/static/chunks/01vs_next_dist_0z7rf41._.js:2477
[ 3872240ms] [LOG] [Fast Refresh] rebuilding @ http://localhost:3000/_next/static/chunks/01vs_next_dist_0z7rf41._.js:2477
[ 3872350ms] [LOG] [Fast Refresh] done in 140ms @ http://localhost:3000/_next/static/chunks/01vs_next_dist_0z7rf41._.js:2477
[ 3872462ms] [LOG] [Fast Refresh] rebuilding @ http://localhost:3000/_next/static/chunks/01vs_next_dist_0z7rf41._.js:2477
[ 3872521ms] [LOG] [Fast Refresh] done in 159ms @ http://localhost:3000/_next/static/chunks/01vs_next_dist_0z7rf41._.js:2477
[ 3875643ms] [LOG] [Fast Refresh] rebuilding @ http://localhost:3000/_next/static/chunks/01vs_next_dist_0z7rf41._.js:2477
[ 3875649ms] [LOG] [Fast Refresh] done in 106ms @ http://localhost:3000/_next/static/chunks/01vs_next_dist_0z7rf41._.js:2477
[ 3876520ms] [LOG] [Fast Refresh] rebuilding @ http://localhost:3000/_next/static/chunks/01vs_next_dist_0z7rf41._.js:2477
[ 3876523ms] [LOG] [Fast Refresh] done in 105ms @ http://localhost:3000/_next/static/chunks/01vs_next_dist_0z7rf41._.js:2477
[ 4214238ms] [LOG] [Fast Refresh] rebuilding @ http://localhost:3000/_next/static/chunks/01vs_next_dist_0z7rf41._.js:2477
[ 4214317ms] [LOG] [Fast Refresh] done in 77ms @ http://localhost:3000/_next/static/chunks/01vs_next_dist_0z7rf41._.js:2477
[ 4236341ms] [LOG] [Fast Refresh] rebuilding @ http://localhost:3000/_next/static/chunks/01vs_next_dist_0z7rf41._.js:2477
[ 4237708ms] [LOG] [Fast Refresh] done in 1465ms @ http://localhost:3000/_next/static/chunks/01vs_next_dist_0z7rf41._.js:2477
[ 4237840ms] [WARNING] [Fast Refresh] performing full reload

Fast Refresh will perform a full reload when you edit a file that's imported by modules outside of the React rendering tree.
You might have a file which exports a React component but also exports a value that is imported by a non-React component file.
Consider migrating the non-React component export to a separate file and importing it into both files.

It is also possible the parent component of the component you edited is a class component, which disables Fast Refresh.
Fast Refresh requires at least one parent function component in your React tree. @ http://localhost:3000/_next/static/chunks/01vs_next_dist_0z7rf41._.js:2477
[ 4239100ms] [LOG] [Fast Refresh] rebuilding @ http://localhost:3000/_next/static/chunks/01vs_next_dist_0z7rf41._.js:2477
[ 4239345ms] [LOG] [Fast Refresh] done in 346ms @ http://localhost:3000/_next/static/chunks/01vs_next_dist_0z7rf41._.js:2477
[ 4239359ms] [ERROR] Failed to load resource: the server responded with a status of 500 (Internal Server Error) @ http://localhost:3000/ryan-rumbolt8324?_rsc=VK68UpoSnTUjK2N9:0
[ 4240146ms] [LOG] [Fast Refresh] rebuilding @ http://localhost:3000/_next/static/chunks/01vs_next_dist_0z7rf41._.js:2477
[ 4240847ms] [LOG] [Fast Refresh] done in 801ms @ http://localhost:3000/_next/static/chunks/01vs_next_dist_0z7rf41._.js:2477
[ 4240948ms] [LOG] [Fast Refresh] rebuilding @ http://localhost:3000/_next/static/chunks/01vs_next_dist_0z7rf41._.js:2477
[ 4241890ms] [LOG] [Fast Refresh] done in 1042ms @ http://localhost:3000/_next/static/chunks/01vs_next_dist_0z7rf41._.js:2477
[ 4241898ms] [ERROR] Failed to load resource: the server responded with a status of 500 (Internal Server Error) @ http://localhost:3000/ryan-rumbolt8324?_rsc=VK68UpoSnTUjK2N9:0
[ 4241940ms] [ERROR] Failed to load resource: the server responded with a status of 500 (Internal Server Error) @ http://localhost:3000/ryan-rumbolt8324:0
[ 4242119ms] [INFO] %cDownload the React DevTools for a better development experience: https://react.dev/link/react-devtools font-weight:bold @ http://localhost:3000/_next/static/chunks/0p2h_react-dom_0vsf22y._.js:15305
[ 4242198ms] ReferenceError: require is not defined
    at doRender (file:///Users/wonderlust/Developer/frendr/.next/dev/server/chunks/ssr/node_modules__pnpm_0p9_7i9._.js?id=%5Bproject%5D%2Fnode_modules%2F.pnpm%2Fnext%4016.2.6_%40babel%2Bcore%407.29.7_react-dom%4019.2.4_react%4019.2.4__react%4019.2.4%2Fnode_modules%2Fnext%2Fdist%2Fesm%2Fbuild%2Ftemplates%2Fapp-page.js%3Fpage%3D%2F%28main%29%2F%5Busername%5D%2Fpage+%7B+METADATA_0+%3D%3E+%22%5Bproject%5D%2Fsrc%2Fapp%2Ffavicon.ico.mjs+%7B+IMAGE+%3D%3E+%5C%22%5Bproject%5D%2Fsrc%2Fapp%2Ffavicon.ico+%28static+in+ecmascript%2C+tag+client%29%5C%22+%7D+%5Bapp-rsc%5D+%28structured+image+object%2C+ecmascript%29%22%2C+MODULE_1+%3D%3E+%22%5Bproject%5D%2Fsrc%2Fapp%2Flayout.tsx+%5Bapp-rsc%5D+%28ecmascript%2C+Next.js+Server+Component%29%22%2C+MODULE_2+%3D%3E+%22%5Bproject%5D%2Fnode_modules%2F.pnpm%2Fnext%4016.2.6_%40babel%2Bcore%407.29.7_react-dom%4019.2.4_react%4019.2.4__react%4019.2.4%2Fnode_modules%2Fnext%2Fdist%2Fclient%2Fcomponents%2Fbuiltin%2Fnot-found.js+%5Bapp-rsc%5D+%28ecmascript%2C+Next.js+Server+Component%29%22%2C+MODULE_3+%3D%3E+%22%5Bproject%5D%2Fnode_modules%2F.pnpm%2Fnext%4016.2.6_%40babel%2Bcore%407.29.7_react-dom%4019.2.4_react%4019.2.4__react%4019.2.4%2Fnode_modules%2Fnext%2Fdist%2Fclient%2Fcomponents%2Fbuiltin%2Fforbidden.js+%5Bapp-rsc%5D+%28ecmascript%2C+Next.js+Server+Component%29%22%2C+MODULE_4+%3D%3E+%22%5Bproject%5D%2Fnode_modules%2F.pnpm%2Fnext%4016.2.6_%40babel%2Bcore%407.29.7_react-dom%4019.2.4_react%4019.2.4__react%4019.2.4%2Fnode_modules%2Fnext%2Fdist%2Fclient%2Fcomponents%2Fbuiltin%2Funauthorized.js+%5Bapp-rsc%5D+%28ecmascript%2C+Next.js+Server+Component%29%22%2C+MODULE_5+%3D%3E+%22%5Bproject%5D%2Fnode_modules%2F.pnpm%2Fnext%4016.2.6_%40babel%2Bcore%407.29.7_react-dom%4019.2.4_react%4019.2.4__react%4019.2.4%2Fnode_modules%2Fnext%2Fdist%2Fclient%2Fcomponents%2Fbuiltin%2Fglobal-error.js+%5Bapp-rsc%5D+%28ecmascript%2C+Next.js+Server+Component%29%22%2C+MODULE_6+%3D%3E+%22%5Bproject%5D%2Fsrc%2Fapp%2F%28main%29%2Flayout.tsx+%5Bapp-rsc%5D+%28ecmascript%2C+Next.js+Server+Component%29%22%2C+MODULE_7+%3D%3E+%22%5Bproject%5D%2Fnode_modules%2F.pnpm%2Fnext%4016.2.6_%40babel%2Bcore%407.29.7_react-dom%4019.2.4_react%4019.2.4__react%4019.2.4%2Fnode_modules%2Fnext%2Fdist%2Fclient%2Fcomponents%2Fbuiltin%2Fnot-found.js+%5Bapp-rsc%5D+%28ecmascript%2C+Next.js+Server+Component%29%22%2C+MODULE_8+%3D%3E+%22%5Bproject%5D%2Fnode_modules%2F.pnpm%2Fnext%4016.2.6_%40babel%2Bcore%407.29.7_react-dom%4019.2.4_react%4019.2.4__react%4019.2.4%2Fnode_modules%2Fnext%2Fdist%2Fclient%2Fcomponents%2Fbuiltin%2Fforbidden.js+%5Bapp-rsc%5D+%28ecmascript%2C+Next.js+Server+Component%29%22%2C+MODULE_9+%3D%3E+%22%5Bproject%5D%2Fnode_modules%2F.pnpm%2Fnext%4016.2.6_%40babel%2Bcore%407.29.7_react-dom%4019.2.4_react%4019.2.4__react%4019.2.4%2Fnode_modules%2Fnext%2Fdist%2Fclient%2Fcomponents%2Fbuiltin%2Funauthorized.js+%5Bapp-rsc%5D+%28ecmascript%2C+Next.js+Server+Component%29%22%2C+MODULE_10+%3D%3E+%22%5Bproject%5D%2Fsrc%2Fapp%2F%28main%29%2F%5Busername%5D%2Fpage.tsx+%5Bapp-rsc%5D+%28ecmascript%2C+Next.js+Server+Component%29%22+%7D+%5Bapp-rsc%5D+%28ecmascript%29+%3Clocals%3E:601:60)
    at responseGenerator (file:///Users/wonderlust/Developer/frendr/.next/dev/server/chunks/ssr/node_modules__pnpm_0p9_7i9._.js?id=%5Bproject%5D%2Fnode_modules%2F.pnpm%2Fnext%4016.2.6_%40babel%2Bcore%407.29.7_react-dom%4019.2.4_react%4019.2.4__react%4019.2.4%2Fnode_modules%2Fnext%2Fdist%2Fesm%2Fbuild%2Ftemplates%2Fapp-page.js%3Fpage%3D%2F%28main%29%2F%5Busername%5D%2Fpage+%7B+METADATA_0+%3D%3E+%22%5Bproject%5D%2Fsrc%2Fapp%2Ffavicon.ico.mjs+%7B+IMAGE+%3D%3E+%5C%22%5Bproject%5D%2Fsrc%2Fapp%2Ffavicon.ico+%28static+in+ecmascript%2C+tag+client%29%5C%22+%7D+%5Bapp-rsc%5D+%28structured+image+object%2C+ecmascript%29%22%2C+MODULE_1+%3D%3E+%22%5Bproject%5D%2Fsrc%2Fapp%2Flayout.tsx+%5Bapp-rsc%5D+%28ecmascript%2C+Next.js+Server+Component%29%22%2C+MODULE_2+%3D%3E+%22%5Bproject%5D%2Fnode_modules%2F.pnpm%2Fnext%4016.2.6_%40babel%2Bcore%407.29.7_react-dom%4019.2.4_react%4019.2.4__react%4019.2.4%2Fnode_modules%2Fnext%2Fdist%2Fclient%2Fcomponents%2Fbuiltin%2Fnot-found.js+%5Bapp-rsc%5D+%28ecmascript%2C+Next.js+Server+Component%29%22%2C+MODULE_3+%3D%3E+%22%5Bproject%5D%2Fnode_modules%2F.pnpm%2Fnext%4016.2.6_%40babel%2Bcore%407.29.7_react-dom%4019.2.4_react%4019.2.4__react%4019.2.4%2Fnode_modules%2Fnext%2Fdist%2Fclient%2Fcomponents%2Fbuiltin%2Fforbidden.js+%5Bapp-rsc%5D+%28ecmascript%2C+Next.js+Server+Component%29%22%2C+MODULE_4+%3D%3E+%22%5Bproject%5D%2Fnode_modules%2F.pnpm%2Fnext%4016.2.6_%40babel%2Bcore%407.29.7_react-dom%4019.2.4_react%4019.2.4__react%4019.2.4%2Fnode_modules%2Fnext%2Fdist%2Fclient%2Fcomponents%2Fbuiltin%2Funauthorized.js+%5Bapp-rsc%5D+%28ecmascript%2C+Next.js+Server+Component%29%22%2C+MODULE_5+%3D%3E+%22%5Bproject%5D%2Fnode_modules%2F.pnpm%2Fnext%4016.2.6_%40babel%2Bcore%407.29.7_react-dom%4019.2.4_react%4019.2.4__react%4019.2.4%2Fnode_modules%2Fnext%2Fdist%2Fclient%2Fcomponents%2Fbuiltin%2Fglobal-error.js+%5Bapp-rsc%5D+%28ecmascript%2C+Next.js+Server+Component%29%22%2C+MODULE_6+%3D%3E+%22%5Bproject%5D%2Fsrc%2Fapp%2F%28main%29%2Flayout.tsx+%5Bapp-rsc%5D+%28ecmascript%2C+Next.js+Server+Component%29%22%2C+MODULE_7+%3D%3E+%22%5Bproject%5D%2Fnode_modules%2F.pnpm%2Fnext%4016.2.6_%40babel%2Bcore%407.29.7_react-dom%4019.2.4_react%4019.2.4__react%4019.2.4%2Fnode_modules%2Fnext%2Fdist%2Fclient%2Fcomponents%2Fbuiltin%2Fnot-found.js+%5Bapp-rsc%5D+%28ecmascript%2C+Next.js+Server+Component%29%22%2C+MODULE_8+%3D%3E+%22%5Bproject%5D%2Fnode_modules%2F.pnpm%2Fnext%4016.2.6_%40babel%2Bcore%407.29.7_react-dom%4019.2.4_react%4019.2.4__react%4019.2.4%2Fnode_modules%2Fnext%2Fdist%2Fclient%2Fcomponents%2Fbuiltin%2Fforbidden.js+%5Bapp-rsc%5D+%28ecmascript%2C+Next.js+Server+Component%29%22%2C+MODULE_9+%3D%3E+%22%5Bproject%5D%2Fnode_modules%2F.pnpm%2Fnext%4016.2.6_%40babel%2Bcore%407.29.7_react-dom%4019.2.4_react%4019.2.4__react%4019.2.4%2Fnode_modules%2Fnext%2Fdist%2Fclient%2Fcomponents%2Fbuiltin%2Funauthorized.js+%5Bapp-rsc%5D+%28ecmascript%2C+Next.js+Server+Component%29%22%2C+MODULE_10+%3D%3E+%22%5Bproject%5D%2Fsrc%2Fapp%2F%28main%29%2F%5Busername%5D%2Fpage.tsx+%5Bapp-rsc%5D+%28ecmascript%2C+Next.js+Server+Component%29%22+%7D+%5Bapp-rsc%5D+%28ecmascript%29+%3Clocals%3E:941:24)
    at responseGenerator (file:///Users/wonderlust/Developer/frendr/.next/dev/server/chunks/ssr/node_modules__pnpm_0p9_7i9._.js?id=%5Bproject%5D%2Fnode_modules%2F.pnpm%2Fnext%4016.2.6_%40babel%2Bcore%407.29.7_react-dom%4019.2.4_react%4019.2.4__react%4019.2.4%2Fnode_modules%2Fnext%2Fdist%2Fesm%2Fbuild%2Ftemplates%2Fapp-page.js%3Fpage%3D%2F%28main%29%2F%5Busername%5D%2Fpage+%7B+METADATA_0+%3D%3E+%22%5Bproject%5D%2Fsrc%2Fapp%2Ffavicon.ico.mjs+%7B+IMAGE+%3D%3E+%5C%22%5Bproject%5D%2Fsrc%2Fapp%2Ffavicon.ico+%28static+in+ecmascript%2C+tag+client%29%5C%22+%7D+%5Bapp-rsc%5D+%28structured+image+object%2C+ecmascript%29%22%2C+MODULE_1+%3D%3E+%22%5Bproject%5D%2Fsrc%2Fapp%2Flayout.tsx+%5Bapp-rsc%5D+%28ecmascript%2C+Next.js+Server+Component%29%22%2C+MODULE_2+%3D%3E+%22%5Bproject%5D%2Fnode_modules%2F.pnpm%2Fnext%4016.2.6_%40babel%2Bcore%407.29.7_react-dom%4019.2.4_react%4019.2.4__react%4019.2.4%2Fnode_modules%2Fnext%2Fdist%2Fclient%2Fcomponents%2Fbuiltin%2Fnot-found.js+%5Bapp-rsc%5D+%28ecmascript%2C+Next.js+Server+Component%29%22%2C+MODULE_3+%3D%3E+%22%5Bproject%5D%2Fnode_modules%2F.pnpm%2Fnext%4016.2.6_%40babel%2Bcore%407.29.7_react-dom%4019.2.4_react%4019.2.4__react%4019.2.4%2Fnode_modules%2Fnext%2Fdist%2Fclient%2Fcomponents%2Fbuiltin%2Fforbidden.js+%5Bapp-rsc%5D+%28ecmascript%2C+Next.js+Server+Component%29%22%2C+MODULE_4+%3D%3E+%22%5Bproject%5D%2Fnode_modules%2F.pnpm%2Fnext%4016.2.6_%40babel%2Bcore%407.29.7_react-dom%4019.2.4_react%4019.2.4__react%4019.2.4%2Fnode_modules%2Fnext%2Fdist%2Fclient%2Fcomponents%2Fbuiltin%2Funauthorized.js+%5Bapp-rsc%5D+%28ecmascript%2C+Next.js+Server+Component%29%22%2C+MODULE_5+%3D%3E+%22%5Bproject%5D%2Fnode_modules%2F.pnpm%2Fnext%4016.2.6_%40babel%2Bcore%407.29.7_react-dom%4019.2.4_react%4019.2.4__react%4019.2.4%2Fnode_modules%2Fnext%2Fdist%2Fclient%2Fcomponents%2Fbuiltin%2Fglobal-error.js+%5Bapp-rsc%5D+%28ecmascript%2C+Next.js+Server+Component%29%22%2C+MODULE_6+%3D%3E+%22%5Bproject%5D%2Fsrc%2Fapp%2F%28main%29%2Flayout.tsx+%5Bapp-rsc%5D+%28ecmascript%2C+Next.js+Server+Component%29%22%2C+MODULE_7+%3D%3E+%22%5Bproject%5D%2Fnode_modules%2F.pnpm%2Fnext%4016.2.6_%40babel%2Bcore%407.29.7_react-dom%4019.2.4_react%4019.2.4__react%4019.2.4%2Fnode_modules%2Fnext%2Fdist%2Fclient%2Fcomponents%2Fbuiltin%2Fnot-found.js+%5Bapp-rsc%5D+%28ecmascript%2C+Next.js+Server+Component%29%22%2C+MODULE_8+%3D%3E+%22%5Bproject%5D%2Fnode_modules%2F.pnpm%2Fnext%4016.2.6_%40babel%2Bcore%407.29.7_react-dom%4019.2.4_react%4019.2.4__react%4019.2.4%2Fnode_modules%2Fnext%2Fdist%2Fclient%2Fcomponents%2Fbuiltin%2Fforbidden.js+%5Bapp-rsc%5D+%28ecmascript%2C+Next.js+Server+Component%29%22%2C+MODULE_9+%3D%3E+%22%5Bproject%5D%2Fnode_modules%2F.pnpm%2Fnext%4016.2.6_%40babel%2Bcore%407.29.7_react-dom%4019.2.4_react%4019.2.4__react%4019.2.4%2Fnode_modules%2Fnext%2Fdist%2Fclient%2Fcomponents%2Fbuiltin%2Funauthorized.js+%5Bapp-rsc%5D+%28ecmascript%2C+Next.js+Server+Component%29%22%2C+MODULE_10+%3D%3E+%22%5Bproject%5D%2Fsrc%2Fapp%2F%28main%29%2F%5Busername%5D%2Fpage.tsx+%5Bapp-rsc%5D+%28ecmascript%2C+Next.js+Server+Component%29%22+%7D+%5Bapp-rsc%5D+%28ecmascript%29+%3Clocals%3E:969:41)
    at ResponseCache.get (file:///Users/wonderlust/Developer/frendr/node_modules/.pnpm/next@16.2.6_@babel+core@7.29.7_react-dom@19.2.4_react@19.2.4__react@19.2.4/node_modules/next/dist/compiled/next-server/app-page-turbo.runtime.dev.js:65:13212)
    at AppPageRouteModule.handleResponse (file:///Users/wonderlust/Developer/frendr/node_modules/.pnpm/next@16.2.6_@babel+core@7.29.7_react-dom@19.2.4_react@19.2.4__react@19.2.4/node_modules/next/dist/compiled/next-server/app-page-turbo.runtime.dev.js:71:66449)
    at async handleResponse (file:///Users/wonderlust/Developer/frendr/.next/dev/server/chunks/ssr/node_modules__pnpm_0p9_7i9._.js?id=%5Bproject%5D%2Fnode_modules%2F.pnpm%2Fnext%4016.2.6_%40babel%2Bcore%407.29.7_react-dom%4019.2.4_react%4019.2.4__react%4019.2.4%2Fnode_modules%2Fnext%2Fdist%2Fesm%2Fbuild%2Ftemplates%2Fapp-page.js%3Fpage%3D%2F%28main%29%2F%5Busername%5D%2Fpage+%7B+METADATA_0+%3D%3E+%22%5Bproject%5D%2Fsrc%2Fapp%2Ffavicon.ico.mjs+%7B+IMAGE+%3D%3E+%5C%22%5Bproject%5D%2Fsrc%2Fapp%2Ffavicon.ico+%28static+in+ecmascript%2C+tag+client%29%5C%22+%7D+%5Bapp-rsc%5D+%28structured+image+object%2C+ecmascript%29%22%2C+MODULE_1+%3D%3E+%22%5Bproject%5D%2Fsrc%2Fapp%2Flayout.tsx+%5Bapp-rsc%5D+%28ecmascript%2C+Next.js+Server+Component%29%22%2C+MODULE_2+%3D%3E+%22%5Bproject%5D%2Fnode_modules%2F.pnpm%2Fnext%4016.2.6_%40babel%2Bcore%407.29.7_react-dom%4019.2.4_react%4019.2.4__react%4019.2.4%2Fnode_modules%2Fnext%2Fdist%2Fclient%2Fcomponents%2Fbuiltin%2Fnot-found.js+%5Bapp-rsc%5D+%28ecmascript%2C+Next.js+Server+Component%29%22%2C+MODULE_3+%3D%3E+%22%5Bproject%5D%2Fnode_modules%2F.pnpm%2Fnext%4016.2.6_%40babel%2Bcore%407.29.7_react-dom%4019.2.4_react%4019.2.4__react%4019.2.4%2Fnode_modules%2Fnext%2Fdist%2Fclient%2Fcomponents%2Fbuiltin%2Fforbidden.js+%5Bapp-rsc%5D+%28ecmascript%2C+Next.js+Server+Component%29%22%2C+MODULE_4+%3D%3E+%22%5Bproject%5D%2Fnode_modules%2F.pnpm%2Fnext%4016.2.6_%40babel%2Bcore%407.29.7_react-dom%4019.2.4_react%4019.2.4__react%4019.2.4%2Fnode_modules%2Fnext%2Fdist%2Fclient%2Fcomponents%2Fbuiltin%2Funauthorized.js+%5Bapp-rsc%5D+%28ecmascript%2C+Next.js+Server+Component%29%22%2C+MODULE_5+%3D%3E+%22%5Bproject%5D%2Fnode_modules%2F.pnpm%2Fnext%4016.2.6_%40babel%2Bcore%407.29.7_react-dom%4019.2.4_react%4019.2.4__react%4019.2.4%2Fnode_modules%2Fnext%2Fdist%2Fclient%2Fcomponents%2Fbuiltin%2Fglobal-error.js+%5Bapp-rsc%5D+%28ecmascript%2C+Next.js+Server+Component%29%22%2C+MODULE_6+%3D%3E+%22%5Bproject%5D%2Fsrc%2Fapp%2F%28main%29%2Flayout.tsx+%5Bapp-rsc%5D+%28ecmascript%2C+Next.js+Server+Component%29%22%2C+MODULE_7+%3D%3E+%22%5Bproject%5D%2Fnode_modules%2F.pnpm%2Fnext%4016.2.6_%40babel%2Bcore%407.29.7_react-dom%4019.2.4_react%4019.2.4__react%4019.2.4%2Fnode_modules%2Fnext%2Fdist%2Fclient%2Fcomponents%2Fbuiltin%2Fnot-found.js+%5Bapp-rsc%5D+%28ecmascript%2C+Next.js+Server+Component%29%22%2C+MODULE_8+%3D%3E+%22%5Bproject%5D%2Fnode_modules%2F.pnpm%2Fnext%4016.2.6_%40babel%2Bcore%407.29.7_react-dom%4019.2.4_react%4019.2.4__react%4019.2.4%2Fnode_modules%2Fnext%2Fdist%2Fclient%2Fcomponents%2Fbuiltin%2Fforbidden.js+%5Bapp-rsc%5D+%28ecmascript%2C+Next.js+Server+Component%29%22%2C+MODULE_9+%3D%3E+%22%5Bproject%5D%2Fnode_modules%2F.pnpm%2Fnext%4016.2.6_%40babel%2Bcore%407.29.7_react-dom%4019.2.4_react%4019.2.4__react%4019.2.4%2Fnode_modules%2Fnext%2Fdist%2Fclient%2Fcomponents%2Fbuiltin%2Funauthorized.js+%5Bapp-rsc%5D+%28ecmascript%2C+Next.js+Server+Component%29%22%2C+MODULE_10+%3D%3E+%22%5Bproject%5D%2Fsrc%2Fapp%2F%28main%29%2F%5Busername%5D%2Fpage.tsx+%5Bapp-rsc%5D+%28ecmascript%2C+Next.js+Server+Component%29%22+%7D+%5Bapp-rsc%5D+%28ecmascript%29+%3Clocals%3E:967:32)
    at async Module.handler (file:///Users/wonderlust/Developer/frendr/.next/dev/server/chunks/ssr/node_modules__pnpm_0p9_7i9._.js?id=%5Bproject%5D%2Fnode_modules%2F.pnpm%2Fnext%4016.2.6_%40babel%2Bcore%407.29.7_react-dom%4019.2.4_react%4019.2.4__react%4019.2.4%2Fnode_modules%2Fnext%2Fdist%2Fesm%2Fbuild%2Ftemplates%2Fapp-page.js%3Fpage%3D%2F%28main%29%2F%5Busername%5D%2Fpage+%7B+METADATA_0+%3D%3E+%22%5Bproject%5D%2Fsrc%2Fapp%2Ffavicon.ico.mjs+%7B+IMAGE+%3D%3E+%5C%22%5Bproject%5D%2Fsrc%2Fapp%2Ffavicon.ico+%28static+in+ecmascript%2C+tag+client%29%5C%22+%7D+%5Bapp-rsc%5D+%28structured+image+object%2C+ecmascript%29%22%2C+MODULE_1+%3D%3E+%22%5Bproject%5D%2Fsrc%2Fapp%2Flayout.tsx+%5Bapp-rsc%5D+%28ecmascript%2C+Next.js+Server+Component%29%22%2C+MODULE_2+%3D%3E+%22%5Bproject%5D%2Fnode_modules%2F.pnpm%2Fnext%4016.2.6_%40babel%2Bcore%407.29.7_react-dom%4019.2.4_react%4019.2.4__react%4019.2.4%2Fnode_modules%2Fnext%2Fdist%2Fclient%2Fcomponents%2Fbuiltin%2Fnot-found.js+%5Bapp-rsc%5D+%28ecmascript%2C+Next.js+Server+Component%29%22%2C+MODULE_3+%3D%3E+%22%5Bproject%5D%2Fnode_modules%2F.pnpm%2Fnext%4016.2.6_%40babel%2Bcore%407.29.7_react-dom%4019.2.4_react%4019.2.4__react%4019.2.4%2Fnode_modules%2Fnext%2Fdist%2Fclient%2Fcomponents%2Fbuiltin%2Fforbidden.js+%5Bapp-rsc%5D+%28ecmascript%2C+Next.js+Server+Component%29%22%2C+MODULE_4+%3D%3E+%22%5Bproject%5D%2Fnode_modules%2F.pnpm%2Fnext%4016.2.6_%40babel%2Bcore%407.29.7_react-dom%4019.2.4_react%4019.2.4__react%4019.2.4%2Fnode_modules%2Fnext%2Fdist%2Fclient%2Fcomponents%2Fbuiltin%2Funauthorized.js+%5Bapp-rsc%5D+%28ecmascript%2C+Next.js+Server+Component%29%22%2C+MODULE_5+%3D%3E+%22%5Bproject%5D%2Fnode_modules%2F.pnpm%2Fnext%4016.2.6_%40babel%2Bcore%407.29.7_react-dom%4019.2.4_react%4019.2.4__react%4019.2.4%2Fnode_modules%2Fnext%2Fdist%2Fclient%2Fcomponents%2Fbuiltin%2Fglobal-error.js+%5Bapp-rsc%5D+%28ecmascript%2C+Next.js+Server+Component%29%22%2C+MODULE_6+%3D%3E+%22%5Bproject%5D%2Fsrc%2Fapp%2F%28main%29%2Flayout.tsx+%5Bapp-rsc%5D+%28ecmascript%2C+Next.js+Server+Component%29%22%2C+MODULE_7+%3D%3E+%22%5Bproject%5D%2Fnode_modules%2F.pnpm%2Fnext%4016.2.6_%40babel%2Bcore%407.29.7_react-dom%4019.2.4_react%4019.2.4__react%4019.2.4%2Fnode_modules%2Fnext%2Fdist%2Fclient%2Fcomponents%2Fbuiltin%2Fnot-found.js+%5Bapp-rsc%5D+%28ecmascript%2C+Next.js+Server+Component%29%22%2C+MODULE_8+%3D%3E+%22%5Bproject%5D%2Fnode_modules%2F.pnpm%2Fnext%4016.2.6_%40babel%2Bcore%407.29.7_react-dom%4019.2.4_react%4019.2.4__react%4019.2.4%2Fnode_modules%2Fnext%2Fdist%2Fclient%2Fcomponents%2Fbuiltin%2Fforbidden.js+%5Bapp-rsc%5D+%28ecmascript%2C+Next.js+Server+Component%29%22%2C+MODULE_9+%3D%3E+%22%5Bproject%5D%2Fnode_modules%2F.pnpm%2Fnext%4016.2.6_%40babel%2Bcore%407.29.7_react-dom%4019.2.4_react%4019.2.4__react%4019.2.4%2Fnode_modules%2Fnext%2Fdist%2Fclient%2Fcomponents%2Fbuiltin%2Funauthorized.js+%5Bapp-rsc%5D+%28ecmascript%2C+Next.js+Server+Component%29%22%2C+MODULE_10+%3D%3E+%22%5Bproject%5D%2Fsrc%2Fapp%2F%28main%29%2F%5Busername%5D%2Fpage.tsx+%5Bapp-rsc%5D+%28ecmascript%2C+Next.js+Server+Component%29%22+%7D+%5Bapp-rsc%5D+%28ecmascript%29+%3Clocals%3E:1373:20)
    at async DevServer.renderToResponseWithComponentsImpl (file:///Users/wonderlust/Developer/frendr/node_modules/.pnpm/next@16.2.6_@babel+core@7.29.7_react-dom@19.2.4_react@19.2.4__react@19.2.4/node_modules/next/dist/server/base-server.js:1462:9)
    at async DevServer.renderPageComponent (file:///Users/wonderlust/Developer/frendr/node_modules/.pnpm/next@16.2.6_@babel+core@7.29.7_react-dom@19.2.4_react@19.2.4__react@19.2.4/node_modules/next/dist/server/base-server.js:1514:24)
    at async DevServer.renderToResponseImpl (file:///Users/wonderlust/Developer/frendr/node_modules/.pnpm/next@16.2.6_@babel+core@7.29.7_react-dom@19.2.4_react@19.2.4__react@19.2.4/node_modules/next/dist/server/base-server.js:1564:32)
    at async DevServer.pipeImpl (file:///Users/wonderlust/Developer/frendr/node_modules/.pnpm/next@16.2.6_@babel+core@7.29.7_react-dom@19.2.4_react@19.2.4__react@19.2.4/node_modules/next/dist/server/base-server.js:1044:25)
    at async NextNodeServer.handleCatchallRenderRequest (file:///Users/wonderlust/Developer/frendr/node_modules/.pnpm/next@16.2.6_@babel+core@7.29.7_react-dom@19.2.4_react@19.2.4__react@19.2.4/node_modules/next/dist/server/next-server.js:338:17)
    at async DevServer.handleRequestImpl (file:///Users/wonderlust/Developer/frendr/node_modules/.pnpm/next@16.2.6_@babel+core@7.29.7_react-dom@19.2.4_react@19.2.4__react@19.2.4/node_modules/next/dist/server/base-server.js:935:17)
    at async (file:///Users/wonderlust/Developer/frendr/node_modules/.pnpm/next@16.2.6_@babel+core@7.29.7_react-dom@19.2.4_react@19.2.4__react@19.2.4/node_modules/next/dist/server/dev/next-dev-server.js:394:20)
    at async Span.traceAsyncFn (file:///Users/wonderlust/Developer/frendr/node_modules/.pnpm/next@16.2.6_@babel+core@7.29.7_react-dom@19.2.4_react@19.2.4__react@19.2.4/node_modules/next/dist/trace/trace.js:164:20)
    at async DevServer.handleRequest (file:///Users/wonderlust/Developer/frendr/node_modules/.pnpm/next@16.2.6_@babel+core@7.29.7_react-dom@19.2.4_react@19.2.4__react@19.2.4/node_modules/next/dist/server/dev/next-dev-server.js:390:24)
    at async invokeRender (file:///Users/wonderlust/Developer/frendr/node_modules/.pnpm/next@16.2.6_@babel+core@7.29.7_react-dom@19.2.4_react@19.2.4__react@19.2.4/node_modules/next/dist/server/lib/router-server.js:266:21)
    at async handleRequest (file:///Users/wonderlust/Developer/frendr/node_modules/.pnpm/next@16.2.6_@babel+core@7.29.7_react-dom@19.2.4_react@19.2.4__react@19.2.4/node_modules/next/dist/server/lib/router-server.js:465:24)
    at async requestHandlerImpl (file:///Users/wonderlust/Developer/frendr/node_modules/.pnpm/next@16.2.6_@babel+core@7.29.7_react-dom@19.2.4_react@19.2.4__react@19.2.4/node_modules/next/dist/server/lib/router-server.js:514:13)
    at async Server.requestListener (file:///Users/wonderlust/Developer/frendr/node_modules/.pnpm/next@16.2.6_@babel+core@7.29.7_react-dom@19.2.4_react@19.2.4__react@19.2.4/node_modules/next/dist/server/lib/start-server.js:225:13)
[ 4242194ms] [LOG] [HMR] connected @ http://localhost:3000/_next/static/chunks/01vs_next_dist_0f.3z~m._.js:1226
[ 4259221ms] [LOG] [Fast Refresh] rebuilding @ http://localhost:3000/_next/static/chunks/01vs_next_dist_0f.3z~m._.js:1226
[ 4259536ms] [WARNING] [Fast Refresh] performing full reload

Fast Refresh will perform a full reload when you edit a file that's imported by modules outside of the React rendering tree.
You might have a file which exports a React component but also exports a value that is imported by a non-React component file.
Consider migrating the non-React component export to a separate file and importing it into both files.

It is also possible the parent component of the component you edited is a class component, which disables Fast Refresh.
Fast Refresh requires at least one parent function component in your React tree. @ http://localhost:3000/_next/static/chunks/01vs_next_dist_0f.3z~m._.js:1226
[ 4259559ms] [WARNING] [Fast Refresh] performing full reload because your application had an unrecoverable error @ http://localhost:3000/_next/static/chunks/01vs_next_dist_0f.3z~m._.js:1226
[ 4259755ms] [WARNING] [Fast Refresh] performing full reload

Fast Refresh will perform a full reload when you edit a file that's imported by modules outside of the React rendering tree.
You might have a file which exports a React component but also exports a value that is imported by a non-React component file.
Consider migrating the non-React component export to a separate file and importing it into both files.

It is also possible the parent component of the component you edited is a class component, which disables Fast Refresh.
Fast Refresh requires at least one parent function component in your React tree. @ http://localhost:3000/_next/static/chunks/01vs_next_dist_0f.3z~m._.js:1226
[ 4259758ms] [WARNING] [Fast Refresh] performing full reload because your application had an unrecoverable error @ http://localhost:3000/_next/static/chunks/01vs_next_dist_0f.3z~m._.js:1226
[ 4259777ms] [LOG] [Fast Refresh] done in 633ms @ http://localhost:3000/_next/static/chunks/01vs_next_dist_0f.3z~m._.js:1226
[ 4259985ms] [LOG] [Fast Refresh] rebuilding @ http://localhost:3000/_next/static/chunks/01vs_next_dist_0f.3z~m._.js:1226
[ 4260276ms] [LOG] [Fast Refresh] done in 391ms @ http://localhost:3000/_next/static/chunks/01vs_next_dist_0f.3z~m._.js:1226
[ 4265946ms] [INFO] %cDownload the React DevTools for a better development experience: https://react.dev/link/react-devtools font-weight:bold @ http://localhost:3000/_next/static/chunks/01vs_next_dist_0z7rf41._.js:2477
[ 4265994ms] [LOG] [HMR] connected @ http://localhost:3000/_next/static/chunks/01vs_next_dist_0z7rf41._.js:2477
[ 4266174ms] [WARNING] Clerk: Clerk has been loaded with development keys. Development instances have strict usage limits and should not be used when deploying your application to production. Learn more: https://clerk.com/docs/deployments/overview @ http://localhost:3000/_next/static/chunks/01vs_next_dist_0z7rf41._.js:2477
[ 4266204ms] [WARNING] Image with src "http://localhost:3000/images/logo-symbol.svg" has either width or height modified, but not the other. If you use CSS to change the size of your image, also include the styles 'width: "auto"' or 'height: "auto"' to maintain the aspect ratio. @ http://localhost:3000/_next/static/chunks/01vs_next_dist_0z7rf41._.js:2477
[ 4266205ms] [WARNING] Image with src "https://videodelivery.net/3c5400eef9dfe517b10625fd633e44d1/thumbnails/thumbnail.jpg" has "fill" but is missing "sizes" prop. Please add it to improve page performance. Read more: https://nextjs.org/docs/api-reference/next/image#sizes @ http://localhost:3000/_next/static/chunks/01vs_next_dist_0z7rf41._.js:2477
[ 4266205ms] [WARNING] Image with src "https://i.vimeocdn.com/video/666069685-b8830d1617363db0055a21e24423e90026a79403f7a9603ca22981bdc7671ccb-d_640?region=us" has "fill" but is missing "sizes" prop. Please add it to improve page performance. Read more: https://nextjs.org/docs/api-reference/next/image#sizes @ http://localhost:3000/_next/static/chunks/01vs_next_dist_0z7rf41._.js:2477
[ 4266206ms] [WARNING] Image with src "https://videodelivery.net/3b2696f077d0e769ac9b2813876877e7/thumbnails/thumbnail.jpg" has "fill" but is missing "sizes" prop. Please add it to improve page performance. Read more: https://nextjs.org/docs/api-reference/next/image#sizes @ http://localhost:3000/_next/static/chunks/01vs_next_dist_0z7rf41._.js:2477
[ 4266206ms] [WARNING] Image with src "https://videodelivery.net/7091e379841bf28eab0e59f4355f10ed/thumbnails/thumbnail.jpg" has "fill" but is missing "sizes" prop. Please add it to improve page performance. Read more: https://nextjs.org/docs/api-reference/next/image#sizes @ http://localhost:3000/_next/static/chunks/01vs_next_dist_0z7rf41._.js:2477
[ 4266206ms] [WARNING] Image with src "https://videodelivery.net/f2bb6fb9317cad488e7ffa6963b39926/thumbnails/thumbnail.jpg" has "fill" but is missing "sizes" prop. Please add it to improve page performance. Read more: https://nextjs.org/docs/api-reference/next/image#sizes @ http://localhost:3000/_next/static/chunks/01vs_next_dist_0z7rf41._.js:2477
[ 4266208ms] [WARNING] Image with src "https://videodelivery.net/9d192f545911ca0ef3da7d49c69f72c6/thumbnails/thumbnail.jpg" has "fill" but is missing "sizes" prop. Please add it to improve page performance. Read more: https://nextjs.org/docs/api-reference/next/image#sizes @ http://localhost:3000/_next/static/chunks/01vs_next_dist_0z7rf41._.js:2477
[ 4266209ms] [WARNING] Image with src "https://videodelivery.net/ac5c216b2ab9d970a27be47af24505d2/thumbnails/thumbnail.jpg" has "fill" but is missing "sizes" prop. Please add it to improve page performance. Read more: https://nextjs.org/docs/api-reference/next/image#sizes @ http://localhost:3000/_next/static/chunks/01vs_next_dist_0z7rf41._.js:2477
[ 4266209ms] [WARNING] Image with src "https://videodelivery.net/f0aefd3848d742388dc95db1e2466723/thumbnails/thumbnail.jpg" has "fill" but is missing "sizes" prop. Please add it to improve page performance. Read more: https://nextjs.org/docs/api-reference/next/image#sizes @ http://localhost:3000/_next/static/chunks/01vs_next_dist_0z7rf41._.js:2477
[ 4266210ms] [WARNING] Image with src "https://videodelivery.net/68de5b1f368d16a9f7f798129d8f25c4/thumbnails/thumbnail.jpg" has "fill" but is missing "sizes" prop. Please add it to improve page performance. Read more: https://nextjs.org/docs/api-reference/next/image#sizes @ http://localhost:3000/_next/static/chunks/01vs_next_dist_0z7rf41._.js:2477
[ 4276776ms] [LOG] [Fast Refresh] rebuilding @ http://localhost:3000/_next/static/chunks/01vs_next_dist_0z7rf41._.js:2477
[ 4276945ms] [LOG] [Fast Refresh] done in 236ms @ http://localhost:3000/_next/static/chunks/01vs_next_dist_0z7rf41._.js:2477
[ 4403255ms] [LOG] [Fast Refresh] rebuilding @ http://localhost:3000/_next/static/chunks/01vs_next_dist_0z7rf41._.js:2477
[ 4406830ms] [LOG] [Fast Refresh] done in 3676ms @ http://localhost:3000/_next/static/chunks/01vs_next_dist_0z7rf41._.js:2477
[ 4435410ms] [LOG] [Fast Refresh] rebuilding @ http://localhost:3000/_next/static/chunks/01vs_next_dist_0z7rf41._.js:2477
[ 4436214ms] [LOG] [Fast Refresh] done in 906ms @ http://localhost:3000/_next/static/chunks/01vs_next_dist_0z7rf41._.js:2477
[ 4998801ms] [LOG] [Fast Refresh] rebuilding @ http://localhost:3000/_next/static/chunks/01vs_next_dist_0z7rf41._.js:2477
[ 4998833ms] [LOG] [Fast Refresh] done in 71ms @ http://localhost:3000/_next/static/chunks/01vs_next_dist_0z7rf41._.js:2477
[ 5356670ms] [LOG] [Fast Refresh] rebuilding @ http://localhost:3000/_next/static/chunks/01vs_next_dist_0z7rf41._.js:2477
[ 5356673ms] [LOG] [Fast Refresh] done in 104ms @ http://localhost:3000/_next/static/chunks/01vs_next_dist_0z7rf41._.js:2477
[ 5437181ms] [LOG] [Fast Refresh] rebuilding @ http://localhost:3000/_next/static/chunks/01vs_next_dist_0z7rf41._.js:2477
[ 5437211ms] [LOG] [Fast Refresh] done in 99ms @ http://localhost:3000/_next/static/chunks/01vs_next_dist_0z7rf41._.js:2477
[ 5445502ms] [LOG] [Fast Refresh] rebuilding @ http://localhost:3000/_next/static/chunks/01vs_next_dist_0z7rf41._.js:2477
[ 5445768ms] [WARNING] [Fast Refresh] performing full reload

Fast Refresh will perform a full reload when you edit a file that's imported by modules outside of the React rendering tree.
You might have a file which exports a React component but also exports a value that is imported by a non-React component file.
Consider migrating the non-React component export to a separate file and importing it into both files.

It is also possible the parent component of the component you edited is a class component, which disables Fast Refresh.
Fast Refresh requires at least one parent function component in your React tree. @ http://localhost:3000/_next/static/chunks/01vs_next_dist_0z7rf41._.js:2477
[ 5446656ms] [LOG] [Fast Refresh] done in 910ms @ http://localhost:3000/_next/static/chunks/01vs_next_dist_0z7rf41._.js:2477
[ 5447753ms] [LOG] [Fast Refresh] rebuilding @ http://localhost:3000/_next/static/chunks/01vs_next_dist_0z7rf41._.js:2477
[ 5447764ms] [LOG] [Fast Refresh] done in 112ms @ http://localhost:3000/_next/static/chunks/01vs_next_dist_0z7rf41._.js:2477
[ 5448049ms] [LOG] [Fast Refresh] rebuilding @ http://localhost:3000/_next/static/chunks/01vs_next_dist_0z7rf41._.js:2477
[ 5448063ms] [LOG] [Fast Refresh] done in 117ms @ http://localhost:3000/_next/static/chunks/01vs_next_dist_0z7rf41._.js:2477
[ 5450879ms] [INFO] %cDownload the React DevTools for a better development experience: https://react.dev/link/react-devtools font-weight:bold @ http://localhost:3000/_next/static/chunks/01vs_next_dist_0z7rf41._.js:2477
[ 5450955ms] [LOG] [HMR] connected @ http://localhost:3000/_next/static/chunks/01vs_next_dist_0z7rf41._.js:2477
[ 5451366ms] [WARNING] Clerk: Clerk has been loaded with development keys. Development instances have strict usage limits and should not be used when deploying your application to production. Learn more: https://clerk.com/docs/deployments/overview @ http://localhost:3000/_next/static/chunks/01vs_next_dist_0z7rf41._.js:2477
[ 5451863ms] [LOG] [Fast Refresh] rebuilding @ http://localhost:3000/_next/static/chunks/01vs_next_dist_0z7rf41._.js:2477
[ 5451962ms] [WARNING] Image with src "http://localhost:3000/images/logo-symbol.svg" has either width or height modified, but not the other. If you use CSS to change the size of your image, also include the styles 'width: "auto"' or 'height: "auto"' to maintain the aspect ratio. @ http://localhost:3000/_next/static/chunks/01vs_next_dist_0z7rf41._.js:2477
[ 5451964ms] [WARNING] Image with src "https://videodelivery.net/3c5400eef9dfe517b10625fd633e44d1/thumbnails/thumbnail.jpg" has "fill" but is missing "sizes" prop. Please add it to improve page performance. Read more: https://nextjs.org/docs/api-reference/next/image#sizes @ http://localhost:3000/_next/static/chunks/01vs_next_dist_0z7rf41._.js:2477
[ 5451965ms] [WARNING] Image with src "https://i.vimeocdn.com/video/666069685-b8830d1617363db0055a21e24423e90026a79403f7a9603ca22981bdc7671ccb-d_640?region=us" has "fill" but is missing "sizes" prop. Please add it to improve page performance. Read more: https://nextjs.org/docs/api-reference/next/image#sizes @ http://localhost:3000/_next/static/chunks/01vs_next_dist_0z7rf41._.js:2477
[ 5451965ms] [WARNING] Image with src "https://videodelivery.net/3b2696f077d0e769ac9b2813876877e7/thumbnails/thumbnail.jpg" has "fill" but is missing "sizes" prop. Please add it to improve page performance. Read more: https://nextjs.org/docs/api-reference/next/image#sizes @ http://localhost:3000/_next/static/chunks/01vs_next_dist_0z7rf41._.js:2477
[ 5451966ms] [WARNING] Image with src "https://videodelivery.net/7091e379841bf28eab0e59f4355f10ed/thumbnails/thumbnail.jpg" has "fill" but is missing "sizes" prop. Please add it to improve page performance. Read more: https://nextjs.org/docs/api-reference/next/image#sizes @ http://localhost:3000/_next/static/chunks/01vs_next_dist_0z7rf41._.js:2477
[ 5451966ms] [WARNING] Image with src "https://videodelivery.net/f2bb6fb9317cad488e7ffa6963b39926/thumbnails/thumbnail.jpg" has "fill" but is missing "sizes" prop. Please add it to improve page performance. Read more: https://nextjs.org/docs/api-reference/next/image#sizes @ http://localhost:3000/_next/static/chunks/01vs_next_dist_0z7rf41._.js:2477
[ 5451967ms] [WARNING] Image with src "https://videodelivery.net/9d192f545911ca0ef3da7d49c69f72c6/thumbnails/thumbnail.jpg" has "fill" but is missing "sizes" prop. Please add it to improve page performance. Read more: https://nextjs.org/docs/api-reference/next/image#sizes @ http://localhost:3000/_next/static/chunks/01vs_next_dist_0z7rf41._.js:2477
[ 5452182ms] [WARNING] Image with src "https://videodelivery.net/ac5c216b2ab9d970a27be47af24505d2/thumbnails/thumbnail.jpg" has "fill" but is missing "sizes" prop. Please add it to improve page performance. Read more: https://nextjs.org/docs/api-reference/next/image#sizes @ http://localhost:3000/_next/static/chunks/01vs_next_dist_0z7rf41._.js:2477
[ 5452184ms] [WARNING] Image with src "https://videodelivery.net/f0aefd3848d742388dc95db1e2466723/thumbnails/thumbnail.jpg" has "fill" but is missing "sizes" prop. Please add it to improve page performance. Read more: https://nextjs.org/docs/api-reference/next/image#sizes @ http://localhost:3000/_next/static/chunks/01vs_next_dist_0z7rf41._.js:2477
[ 5452193ms] [WARNING] Image with src "https://videodelivery.net/68de5b1f368d16a9f7f798129d8f25c4/thumbnails/thumbnail.jpg" has "fill" but is missing "sizes" prop. Please add it to improve page performance. Read more: https://nextjs.org/docs/api-reference/next/image#sizes @ http://localhost:3000/_next/static/chunks/01vs_next_dist_0z7rf41._.js:2477
[ 5452749ms] [WARNING] [Fast Refresh] performing full reload

Fast Refresh will perform a full reload when you edit a file that's imported by modules outside of the React rendering tree.
You might have a file which exports a React component but also exports a value that is imported by a non-React component file.
Consider migrating the non-React component export to a separate file and importing it into both files.

It is also possible the parent component of the component you edited is a class component, which disables Fast Refresh.
Fast Refresh requires at least one parent function component in your React tree. @ http://localhost:3000/_next/static/chunks/01vs_next_dist_0z7rf41._.js:2477
[ 5453915ms] [LOG] [Fast Refresh] done in 1594ms @ http://localhost:3000/_next/static/chunks/01vs_next_dist_0z7rf41._.js:2477
[ 5456845ms] [INFO] %cDownload the React DevTools for a better development experience: https://react.dev/link/react-devtools font-weight:bold @ http://localhost:3000/_next/static/chunks/01vs_next_dist_0z7rf41._.js:2477
[ 5456904ms] [LOG] [HMR] connected @ http://localhost:3000/_next/static/chunks/01vs_next_dist_0z7rf41._.js:2477
[ 5457145ms] [WARNING] Clerk: Clerk has been loaded with development keys. Development instances have strict usage limits and should not be used when deploying your application to production. Learn more: https://clerk.com/docs/deployments/overview @ http://localhost:3000/_next/static/chunks/01vs_next_dist_0z7rf41._.js:2477
[ 5457546ms] [WARNING] Image with src "http://localhost:3000/images/logo-symbol.svg" has either width or height modified, but not the other. If you use CSS to change the size of your image, also include the styles 'width: "auto"' or 'height: "auto"' to maintain the aspect ratio. @ http://localhost:3000/_next/static/chunks/01vs_next_dist_0z7rf41._.js:2477
[ 5457547ms] [WARNING] Image with src "https://videodelivery.net/3c5400eef9dfe517b10625fd633e44d1/thumbnails/thumbnail.jpg" has "fill" but is missing "sizes" prop. Please add it to improve page performance. Read more: https://nextjs.org/docs/api-reference/next/image#sizes @ http://localhost:3000/_next/static/chunks/01vs_next_dist_0z7rf41._.js:2477
[ 5457548ms] [WARNING] Image with src "https://i.vimeocdn.com/video/666069685-b8830d1617363db0055a21e24423e90026a79403f7a9603ca22981bdc7671ccb-d_640?region=us" has "fill" but is missing "sizes" prop. Please add it to improve page performance. Read more: https://nextjs.org/docs/api-reference/next/image#sizes @ http://localhost:3000/_next/static/chunks/01vs_next_dist_0z7rf41._.js:2477
[ 5457548ms] [WARNING] Image with src "https://videodelivery.net/3b2696f077d0e769ac9b2813876877e7/thumbnails/thumbnail.jpg" has "fill" but is missing "sizes" prop. Please add it to improve page performance. Read more: https://nextjs.org/docs/api-reference/next/image#sizes @ http://localhost:3000/_next/static/chunks/01vs_next_dist_0z7rf41._.js:2477
[ 5457548ms] [WARNING] Image with src "https://videodelivery.net/7091e379841bf28eab0e59f4355f10ed/thumbnails/thumbnail.jpg" has "fill" but is missing "sizes" prop. Please add it to improve page performance. Read more: https://nextjs.org/docs/api-reference/next/image#sizes @ http://localhost:3000/_next/static/chunks/01vs_next_dist_0z7rf41._.js:2477
[ 5457549ms] [WARNING] Image with src "https://videodelivery.net/f2bb6fb9317cad488e7ffa6963b39926/thumbnails/thumbnail.jpg" has "fill" but is missing "sizes" prop. Please add it to improve page performance. Read more: https://nextjs.org/docs/api-reference/next/image#sizes @ http://localhost:3000/_next/static/chunks/01vs_next_dist_0z7rf41._.js:2477
[ 5457552ms] [WARNING] Image with src "https://videodelivery.net/9d192f545911ca0ef3da7d49c69f72c6/thumbnails/thumbnail.jpg" has "fill" but is missing "sizes" prop. Please add it to improve page performance. Read more: https://nextjs.org/docs/api-reference/next/image#sizes @ http://localhost:3000/_next/static/chunks/01vs_next_dist_0z7rf41._.js:2477
[ 5457552ms] [WARNING] Image with src "https://videodelivery.net/ac5c216b2ab9d970a27be47af24505d2/thumbnails/thumbnail.jpg" has "fill" but is missing "sizes" prop. Please add it to improve page performance. Read more: https://nextjs.org/docs/api-reference/next/image#sizes @ http://localhost:3000/_next/static/chunks/01vs_next_dist_0z7rf41._.js:2477
[ 5457552ms] [WARNING] Image with src "https://videodelivery.net/f0aefd3848d742388dc95db1e2466723/thumbnails/thumbnail.jpg" has "fill" but is missing "sizes" prop. Please add it to improve page performance. Read more: https://nextjs.org/docs/api-reference/next/image#sizes @ http://localhost:3000/_next/static/chunks/01vs_next_dist_0z7rf41._.js:2477
[ 5457552ms] [WARNING] Image with src "https://videodelivery.net/68de5b1f368d16a9f7f798129d8f25c4/thumbnails/thumbnail.jpg" has "fill" but is missing "sizes" prop. Please add it to improve page performance. Read more: https://nextjs.org/docs/api-reference/next/image#sizes @ http://localhost:3000/_next/static/chunks/01vs_next_dist_0z7rf41._.js:2477
[ 5458404ms] [LOG] [Fast Refresh] rebuilding @ http://localhost:3000/_next/static/chunks/01vs_next_dist_0z7rf41._.js:2477
[ 5458618ms] [LOG] [Fast Refresh] done in 313ms @ http://localhost:3000/_next/static/chunks/01vs_next_dist_0z7rf41._.js:2477
[ 5458823ms] [LOG] [Fast Refresh] rebuilding @ http://localhost:3000/_next/static/chunks/01vs_next_dist_0z7rf41._.js:2477
[ 5458897ms] [LOG] [Fast Refresh] done in 176ms @ http://localhost:3000/_next/static/chunks/01vs_next_dist_0z7rf41._.js:2477
[ 5459326ms] [LOG] [Fast Refresh] rebuilding @ http://localhost:3000/_next/static/chunks/01vs_next_dist_0z7rf41._.js:2477
[ 5459329ms] [LOG] [Fast Refresh] done in 105ms @ http://localhost:3000/_next/static/chunks/01vs_next_dist_0z7rf41._.js:2477
[ 5460851ms] [LOG] [Fast Refresh] rebuilding @ http://localhost:3000/_next/static/chunks/01vs_next_dist_0z7rf41._.js:2477
[ 5460853ms] [LOG] [Fast Refresh] done in 102ms @ http://localhost:3000/_next/static/chunks/01vs_next_dist_0z7rf41._.js:2477
[ 5462119ms] [LOG] [Fast Refresh] rebuilding @ http://localhost:3000/_next/static/chunks/01vs_next_dist_0z7rf41._.js:2477
[ 5462148ms] [LOG] [Fast Refresh] done in 129ms @ http://localhost:3000/_next/static/chunks/01vs_next_dist_0z7rf41._.js:2477
[ 5466330ms] [LOG] [Fast Refresh] rebuilding @ http://localhost:3000/_next/static/chunks/01vs_next_dist_0z7rf41._.js:2477
[ 5466385ms] [LOG] [Fast Refresh] done in 157ms @ http://localhost:3000/_next/static/chunks/01vs_next_dist_0z7rf41._.js:2477
[ 5466491ms] [LOG] [Fast Refresh] rebuilding @ http://localhost:3000/_next/static/chunks/01vs_next_dist_0z7rf41._.js:2477
[ 5467516ms] [LOG] [Fast Refresh] done in 590ms @ http://localhost:3000/_next/static/chunks/01vs_next_dist_0z7rf41._.js:2477
[ 5467617ms] [WARNING] [Fast Refresh] performing full reload

Fast Refresh will perform a full reload when you edit a file that's imported by modules outside of the React rendering tree.
You might have a file which exports a React component but also exports a value that is imported by a non-React component file.
Consider migrating the non-React component export to a separate file and importing it into both files.

It is also possible the parent component of the component you edited is a class component, which disables Fast Refresh.
Fast Refresh requires at least one parent function component in your React tree. @ http://localhost:3000/_next/static/chunks/01vs_next_dist_0z7rf41._.js:2477
[ 5467820ms] [LOG] [Fast Refresh] rebuilding @ http://localhost:3000/_next/static/chunks/01vs_next_dist_0z7rf41._.js:2477
[ 5467835ms] [LOG] [Fast Refresh] done in 116ms @ http://localhost:3000/_next/static/chunks/01vs_next_dist_0z7rf41._.js:2477
[ 5468647ms] [LOG] [Fast Refresh] rebuilding @ http://localhost:3000/_next/static/chunks/01vs_next_dist_0z7rf41._.js:2477
[ 5468718ms] [LOG] [Fast Refresh] done in 173ms @ http://localhost:3000/_next/static/chunks/01vs_next_dist_0z7rf41._.js:2477
[ 5469317ms] [LOG] [Fast Refresh] rebuilding @ http://localhost:3000/_next/static/chunks/01vs_next_dist_0z7rf41._.js:2477
[ 5469402ms] [LOG] [Fast Refresh] done in 185ms @ http://localhost:3000/_next/static/chunks/01vs_next_dist_0z7rf41._.js:2477
[ 5469563ms] [LOG] [Fast Refresh] rebuilding @ http://localhost:3000/_next/static/chunks/01vs_next_dist_0z7rf41._.js:2477
[ 5469563ms] [LOG] [Fast Refresh] done in 101ms @ http://localhost:3000/_next/static/chunks/01vs_next_dist_0z7rf41._.js:2477
[ 5469886ms] [LOG] [Fast Refresh] rebuilding @ http://localhost:3000/_next/static/chunks/01vs_next_dist_0z7rf41._.js:2477
[ 5469919ms] [LOG] [Fast Refresh] done in 133ms @ http://localhost:3000/_next/static/chunks/01vs_next_dist_0z7rf41._.js:2477
[ 5471091ms] [INFO] %cDownload the React DevTools for a better development experience: https://react.dev/link/react-devtools font-weight:bold @ http://localhost:3000/_next/static/chunks/01vs_next_dist_0z7rf41._.js:2477
[ 5471183ms] [LOG] [HMR] connected @ http://localhost:3000/_next/static/chunks/01vs_next_dist_0z7rf41._.js:2477
[ 5471417ms] [WARNING] Clerk: Clerk has been loaded with development keys. Development instances have strict usage limits and should not be used when deploying your application to production. Learn more: https://clerk.com/docs/deployments/overview @ http://localhost:3000/_next/static/chunks/01vs_next_dist_0z7rf41._.js:2477
[ 5471807ms] [WARNING] Image with src "http://localhost:3000/images/logo-symbol.svg" has either width or height modified, but not the other. If you use CSS to change the size of your image, also include the styles 'width: "auto"' or 'height: "auto"' to maintain the aspect ratio. @ http://localhost:3000/_next/static/chunks/01vs_next_dist_0z7rf41._.js:2477
[ 5471808ms] [WARNING] Image with src "https://videodelivery.net/3c5400eef9dfe517b10625fd633e44d1/thumbnails/thumbnail.jpg" has "fill" but is missing "sizes" prop. Please add it to improve page performance. Read more: https://nextjs.org/docs/api-reference/next/image#sizes @ http://localhost:3000/_next/static/chunks/01vs_next_dist_0z7rf41._.js:2477
[ 5471808ms] [WARNING] Image with src "https://i.vimeocdn.com/video/666069685-b8830d1617363db0055a21e24423e90026a79403f7a9603ca22981bdc7671ccb-d_640?region=us" has "fill" but is missing "sizes" prop. Please add it to improve page performance. Read more: https://nextjs.org/docs/api-reference/next/image#sizes @ http://localhost:3000/_next/static/chunks/01vs_next_dist_0z7rf41._.js:2477
[ 5471808ms] [WARNING] Image with src "https://videodelivery.net/3b2696f077d0e769ac9b2813876877e7/thumbnails/thumbnail.jpg" has "fill" but is missing "sizes" prop. Please add it to improve page performance. Read more: https://nextjs.org/docs/api-reference/next/image#sizes @ http://localhost:3000/_next/static/chunks/01vs_next_dist_0z7rf41._.js:2477
[ 5471808ms] [WARNING] Image with src "https://videodelivery.net/7091e379841bf28eab0e59f4355f10ed/thumbnails/thumbnail.jpg" has "fill" but is missing "sizes" prop. Please add it to improve page performance. Read more: https://nextjs.org/docs/api-reference/next/image#sizes @ http://localhost:3000/_next/static/chunks/01vs_next_dist_0z7rf41._.js:2477
[ 5471809ms] [WARNING] Image with src "https://videodelivery.net/f2bb6fb9317cad488e7ffa6963b39926/thumbnails/thumbnail.jpg" has "fill" but is missing "sizes" prop. Please add it to improve page performance. Read more: https://nextjs.org/docs/api-reference/next/image#sizes @ http://localhost:3000/_next/static/chunks/01vs_next_dist_0z7rf41._.js:2477
[ 5471885ms] [WARNING] Image with src "https://videodelivery.net/9d192f545911ca0ef3da7d49c69f72c6/thumbnails/thumbnail.jpg" has "fill" but is missing "sizes" prop. Please add it to improve page performance. Read more: https://nextjs.org/docs/api-reference/next/image#sizes @ http://localhost:3000/_next/static/chunks/01vs_next_dist_0z7rf41._.js:2477
[ 5471886ms] [WARNING] Image with src "https://videodelivery.net/ac5c216b2ab9d970a27be47af24505d2/thumbnails/thumbnail.jpg" has "fill" but is missing "sizes" prop. Please add it to improve page performance. Read more: https://nextjs.org/docs/api-reference/next/image#sizes @ http://localhost:3000/_next/static/chunks/01vs_next_dist_0z7rf41._.js:2477
[ 5471886ms] [WARNING] Image with src "https://videodelivery.net/f0aefd3848d742388dc95db1e2466723/thumbnails/thumbnail.jpg" has "fill" but is missing "sizes" prop. Please add it to improve page performance. Read more: https://nextjs.org/docs/api-reference/next/image#sizes @ http://localhost:3000/_next/static/chunks/01vs_next_dist_0z7rf41._.js:2477
[ 5471886ms] [WARNING] Image with src "https://videodelivery.net/68de5b1f368d16a9f7f798129d8f25c4/thumbnails/thumbnail.jpg" has "fill" but is missing "sizes" prop. Please add it to improve page performance. Read more: https://nextjs.org/docs/api-reference/next/image#sizes @ http://localhost:3000/_next/static/chunks/01vs_next_dist_0z7rf41._.js:2477
[ 5489113ms] [LOG] [Fast Refresh] rebuilding @ http://localhost:3000/_next/static/chunks/01vs_next_dist_0z7rf41._.js:2477
[ 5489228ms] [LOG] [Fast Refresh] done in 217ms @ http://localhost:3000/_next/static/chunks/01vs_next_dist_0z7rf41._.js:2477
[ 5497679ms] [LOG] [Fast Refresh] rebuilding @ http://localhost:3000/_next/static/chunks/01vs_next_dist_0z7rf41._.js:2477
[ 5497778ms] [LOG] [Fast Refresh] done in 162ms @ http://localhost:3000/_next/static/chunks/01vs_next_dist_0z7rf41._.js:2477
[ 5506452ms] [LOG] [Fast Refresh] rebuilding @ http://localhost:3000/_next/static/chunks/01vs_next_dist_0z7rf41._.js:2477
[ 5506465ms] [LOG] [Fast Refresh] done in 113ms @ http://localhost:3000/_next/static/chunks/01vs_next_dist_0z7rf41._.js:2477
[ 5533506ms] [LOG] [Fast Refresh] rebuilding @ http://localhost:3000/_next/static/chunks/01vs_next_dist_0z7rf41._.js:2477
[ 5534016ms] [WARNING] [Fast Refresh] performing full reload

Fast Refresh will perform a full reload when you edit a file that's imported by modules outside of the React rendering tree.
You might have a file which exports a React component but also exports a value that is imported by a non-React component file.
Consider migrating the non-React component export to a separate file and importing it into both files.

It is also possible the parent component of the component you edited is a class component, which disables Fast Refresh.
Fast Refresh requires at least one parent function component in your React tree. @ http://localhost:3000/_next/static/chunks/01vs_next_dist_0z7rf41._.js:2477
[ 5534613ms] [LOG] [Fast Refresh] done in 543ms @ http://localhost:3000/_next/static/chunks/01vs_next_dist_0z7rf41._.js:2477
[ 5535589ms] [LOG] [Fast Refresh] rebuilding @ http://localhost:3000/_next/static/chunks/01vs_next_dist_0z7rf41._.js:2477
[ 5535657ms] [LOG] [Fast Refresh] done in 168ms @ http://localhost:3000/_next/static/chunks/01vs_next_dist_0z7rf41._.js:2477
[ 5539113ms] [INFO] %cDownload the React DevTools for a better development experience: https://react.dev/link/react-devtools font-weight:bold @ http://localhost:3000/_next/static/chunks/01vs_next_dist_0z7rf41._.js:2477
[ 5539178ms] [LOG] [HMR] connected @ http://localhost:3000/_next/static/chunks/01vs_next_dist_0z7rf41._.js:2477
[ 5539370ms] [WARNING] Clerk: Clerk has been loaded with development keys. Development instances have strict usage limits and should not be used when deploying your application to production. Learn more: https://clerk.com/docs/deployments/overview @ http://localhost:3000/_next/static/chunks/01vs_next_dist_0z7rf41._.js:2477
[ 5539659ms] [WARNING] Image with src "http://localhost:3000/images/logo-symbol.svg" has either width or height modified, but not the other. If you use CSS to change the size of your image, also include the styles 'width: "auto"' or 'height: "auto"' to maintain the aspect ratio. @ http://localhost:3000/_next/static/chunks/01vs_next_dist_0z7rf41._.js:2477
[ 5539659ms] [WARNING] Image with src "https://videodelivery.net/3c5400eef9dfe517b10625fd633e44d1/thumbnails/thumbnail.jpg" has "fill" but is missing "sizes" prop. Please add it to improve page performance. Read more: https://nextjs.org/docs/api-reference/next/image#sizes @ http://localhost:3000/_next/static/chunks/01vs_next_dist_0z7rf41._.js:2477
[ 5539660ms] [WARNING] Image with src "https://i.vimeocdn.com/video/666069685-b8830d1617363db0055a21e24423e90026a79403f7a9603ca22981bdc7671ccb-d_640?region=us" has "fill" but is missing "sizes" prop. Please add it to improve page performance. Read more: https://nextjs.org/docs/api-reference/next/image#sizes @ http://localhost:3000/_next/static/chunks/01vs_next_dist_0z7rf41._.js:2477
[ 5539660ms] [WARNING] Image with src "https://videodelivery.net/3b2696f077d0e769ac9b2813876877e7/thumbnails/thumbnail.jpg" has "fill" but is missing "sizes" prop. Please add it to improve page performance. Read more: https://nextjs.org/docs/api-reference/next/image#sizes @ http://localhost:3000/_next/static/chunks/01vs_next_dist_0z7rf41._.js:2477
[ 5539660ms] [WARNING] Image with src "https://videodelivery.net/7091e379841bf28eab0e59f4355f10ed/thumbnails/thumbnail.jpg" has "fill" but is missing "sizes" prop. Please add it to improve page performance. Read more: https://nextjs.org/docs/api-reference/next/image#sizes @ http://localhost:3000/_next/static/chunks/01vs_next_dist_0z7rf41._.js:2477
[ 5539660ms] [WARNING] Image with src "https://videodelivery.net/f2bb6fb9317cad488e7ffa6963b39926/thumbnails/thumbnail.jpg" has "fill" but is missing "sizes" prop. Please add it to improve page performance. Read more: https://nextjs.org/docs/api-reference/next/image#sizes @ http://localhost:3000/_next/static/chunks/01vs_next_dist_0z7rf41._.js:2477
[ 5539755ms] [WARNING] Image with src "https://videodelivery.net/9d192f545911ca0ef3da7d49c69f72c6/thumbnails/thumbnail.jpg" has "fill" but is missing "sizes" prop. Please add it to improve page performance. Read more: https://nextjs.org/docs/api-reference/next/image#sizes @ http://localhost:3000/_next/static/chunks/01vs_next_dist_0z7rf41._.js:2477
[ 5539756ms] [WARNING] Image with src "https://videodelivery.net/ac5c216b2ab9d970a27be47af24505d2/thumbnails/thumbnail.jpg" has "fill" but is missing "sizes" prop. Please add it to improve page performance. Read more: https://nextjs.org/docs/api-reference/next/image#sizes @ http://localhost:3000/_next/static/chunks/01vs_next_dist_0z7rf41._.js:2477
[ 5539756ms] [WARNING] Image with src "https://videodelivery.net/f0aefd3848d742388dc95db1e2466723/thumbnails/thumbnail.jpg" has "fill" but is missing "sizes" prop. Please add it to improve page performance. Read more: https://nextjs.org/docs/api-reference/next/image#sizes @ http://localhost:3000/_next/static/chunks/01vs_next_dist_0z7rf41._.js:2477
[ 5539756ms] [WARNING] Image with src "https://videodelivery.net/68de5b1f368d16a9f7f798129d8f25c4/thumbnails/thumbnail.jpg" has "fill" but is missing "sizes" prop. Please add it to improve page performance. Read more: https://nextjs.org/docs/api-reference/next/image#sizes @ http://localhost:3000/_next/static/chunks/01vs_next_dist_0z7rf41._.js:2477
[ 5540597ms] [LOG] [Fast Refresh] rebuilding @ http://localhost:3000/_next/static/chunks/01vs_next_dist_0z7rf41._.js:2477
[ 5540857ms] [WARNING] [Fast Refresh] performing full reload

Fast Refresh will perform a full reload when you edit a file that's imported by modules outside of the React rendering tree.
You might have a file which exports a React component but also exports a value that is imported by a non-React component file.
Consider migrating the non-React component export to a separate file and importing it into both files.

It is also possible the parent component of the component you edited is a class component, which disables Fast Refresh.
Fast Refresh requires at least one parent function component in your React tree. @ http://localhost:3000/_next/static/chunks/01vs_next_dist_0z7rf41._.js:2477
[ 5541293ms] [LOG] [Fast Refresh] done in 796ms @ http://localhost:3000/_next/static/chunks/01vs_next_dist_0z7rf41._.js:2477
[ 5541395ms] [LOG] [Fast Refresh] rebuilding @ http://localhost:3000/_next/static/chunks/01vs_next_dist_0z7rf41._.js:2477
[ 5541539ms] [LOG] [Fast Refresh] done in 245ms @ http://localhost:3000/_next/static/chunks/01vs_next_dist_0z7rf41._.js:2477
[ 5542644ms] [LOG] [Fast Refresh] rebuilding @ http://localhost:3000/_next/static/chunks/01vs_next_dist_0z7rf41._.js:2477
[ 5542674ms] [LOG] [Fast Refresh] done in 130ms @ http://localhost:3000/_next/static/chunks/01vs_next_dist_0z7rf41._.js:2477
[ 5545146ms] [INFO] %cDownload the React DevTools for a better development experience: https://react.dev/link/react-devtools font-weight:bold @ http://localhost:3000/_next/static/chunks/01vs_next_dist_0z7rf41._.js:2477
[ 5545175ms] [LOG] [HMR] connected @ http://localhost:3000/_next/static/chunks/01vs_next_dist_0z7rf41._.js:2477
[ 5545384ms] [WARNING] Clerk: Clerk has been loaded with development keys. Development instances have strict usage limits and should not be used when deploying your application to production. Learn more: https://clerk.com/docs/deployments/overview @ http://localhost:3000/_next/static/chunks/01vs_next_dist_0z7rf41._.js:2477
[ 5545553ms] [WARNING] Image with src "http://localhost:3000/images/logo-symbol.svg" has either width or height modified, but not the other. If you use CSS to change the size of your image, also include the styles 'width: "auto"' or 'height: "auto"' to maintain the aspect ratio. @ http://localhost:3000/_next/static/chunks/01vs_next_dist_0z7rf41._.js:2477
[ 5545554ms] [WARNING] Image with src "https://videodelivery.net/3c5400eef9dfe517b10625fd633e44d1/thumbnails/thumbnail.jpg" has "fill" but is missing "sizes" prop. Please add it to improve page performance. Read more: https://nextjs.org/docs/api-reference/next/image#sizes @ http://localhost:3000/_next/static/chunks/01vs_next_dist_0z7rf41._.js:2477
[ 5545554ms] [WARNING] Image with src "https://i.vimeocdn.com/video/666069685-b8830d1617363db0055a21e24423e90026a79403f7a9603ca22981bdc7671ccb-d_640?region=us" has "fill" but is missing "sizes" prop. Please add it to improve page performance. Read more: https://nextjs.org/docs/api-reference/next/image#sizes @ http://localhost:3000/_next/static/chunks/01vs_next_dist_0z7rf41._.js:2477
[ 5545555ms] [WARNING] Image with src "https://videodelivery.net/3b2696f077d0e769ac9b2813876877e7/thumbnails/thumbnail.jpg" has "fill" but is missing "sizes" prop. Please add it to improve page performance. Read more: https://nextjs.org/docs/api-reference/next/image#sizes @ http://localhost:3000/_next/static/chunks/01vs_next_dist_0z7rf41._.js:2477
[ 5545555ms] [WARNING] Image with src "https://videodelivery.net/7091e379841bf28eab0e59f4355f10ed/thumbnails/thumbnail.jpg" has "fill" but is missing "sizes" prop. Please add it to improve page performance. Read more: https://nextjs.org/docs/api-reference/next/image#sizes @ http://localhost:3000/_next/static/chunks/01vs_next_dist_0z7rf41._.js:2477
[ 5545555ms] [WARNING] Image with src "https://videodelivery.net/f2bb6fb9317cad488e7ffa6963b39926/thumbnails/thumbnail.jpg" has "fill" but is missing "sizes" prop. Please add it to improve page performance. Read more: https://nextjs.org/docs/api-reference/next/image#sizes @ http://localhost:3000/_next/static/chunks/01vs_next_dist_0z7rf41._.js:2477
[ 5545555ms] [WARNING] Image with src "https://videodelivery.net/9d192f545911ca0ef3da7d49c69f72c6/thumbnails/thumbnail.jpg" has "fill" but is missing "sizes" prop. Please add it to improve page performance. Read more: https://nextjs.org/docs/api-reference/next/image#sizes @ http://localhost:3000/_next/static/chunks/01vs_next_dist_0z7rf41._.js:2477
[ 5545558ms] [WARNING] Image with src "https://videodelivery.net/ac5c216b2ab9d970a27be47af24505d2/thumbnails/thumbnail.jpg" has "fill" but is missing "sizes" prop. Please add it to improve page performance. Read more: https://nextjs.org/docs/api-reference/next/image#sizes @ http://localhost:3000/_next/static/chunks/01vs_next_dist_0z7rf41._.js:2477
[ 5545558ms] [WARNING] Image with src "https://videodelivery.net/f0aefd3848d742388dc95db1e2466723/thumbnails/thumbnail.jpg" has "fill" but is missing "sizes" prop. Please add it to improve page performance. Read more: https://nextjs.org/docs/api-reference/next/image#sizes @ http://localhost:3000/_next/static/chunks/01vs_next_dist_0z7rf41._.js:2477
[ 5545559ms] [WARNING] Image with src "https://videodelivery.net/68de5b1f368d16a9f7f798129d8f25c4/thumbnails/thumbnail.jpg" has "fill" but is missing "sizes" prop. Please add it to improve page performance. Read more: https://nextjs.org/docs/api-reference/next/image#sizes @ http://localhost:3000/_next/static/chunks/01vs_next_dist_0z7rf41._.js:2477
[ 5559280ms] [LOG] [Fast Refresh] rebuilding @ http://localhost:3000/_next/static/chunks/01vs_next_dist_0z7rf41._.js:2477
[ 5559282ms] [LOG] [Fast Refresh] done in 103ms @ http://localhost:3000/_next/static/chunks/01vs_next_dist_0z7rf41._.js:2477
[ 5577194ms] [LOG] [Fast Refresh] rebuilding @ http://localhost:3000/_next/static/chunks/01vs_next_dist_0z7rf41._.js:2477
[ 5577539ms] [WARNING] [Fast Refresh] performing full reload

Fast Refresh will perform a full reload when you edit a file that's imported by modules outside of the React rendering tree.
You might have a file which exports a React component but also exports a value that is imported by a non-React component file.
Consider migrating the non-React component export to a separate file and importing it into both files.

It is also possible the parent component of the component you edited is a class component, which disables Fast Refresh.
Fast Refresh requires at least one parent function component in your React tree. @ http://localhost:3000/_next/static/chunks/01vs_next_dist_0z7rf41._.js:2477
[ 5577546ms] [LOG] [Fast Refresh] done in 445ms @ http://localhost:3000/_next/static/chunks/01vs_next_dist_0z7rf41._.js:2477
[ 5578120ms] [LOG] [Fast Refresh] rebuilding @ http://localhost:3000/_next/static/chunks/01vs_next_dist_0z7rf41._.js:2477
[ 5578311ms] [LOG] [Fast Refresh] done in 291ms @ http://localhost:3000/_next/static/chunks/01vs_next_dist_0z7rf41._.js:2477
[ 5579452ms] [LOG] [Fast Refresh] rebuilding @ http://localhost:3000/_next/static/chunks/01vs_next_dist_0z7rf41._.js:2477
[ 5579474ms] [LOG] [Fast Refresh] done in 121ms @ http://localhost:3000/_next/static/chunks/01vs_next_dist_0z7rf41._.js:2477
[ 5579620ms] [LOG] [Fast Refresh] rebuilding @ http://localhost:3000/_next/static/chunks/01vs_next_dist_0z7rf41._.js:2477
[ 5579687ms] [LOG] [Fast Refresh] done in 167ms @ http://localhost:3000/_next/static/chunks/01vs_next_dist_0z7rf41._.js:2477
[ 5582641ms] [INFO] %cDownload the React DevTools for a better development experience: https://react.dev/link/react-devtools font-weight:bold @ http://localhost:3000/_next/static/chunks/01vs_next_dist_0z7rf41._.js:2477
[ 5582705ms] [LOG] [HMR] connected @ http://localhost:3000/_next/static/chunks/01vs_next_dist_0z7rf41._.js:2477
[ 5582913ms] [WARNING] Clerk: Clerk has been loaded with development keys. Development instances have strict usage limits and should not be used when deploying your application to production. Learn more: https://clerk.com/docs/deployments/overview @ http://localhost:3000/_next/static/chunks/01vs_next_dist_0z7rf41._.js:2477
[ 5583169ms] [WARNING] Image with src "http://localhost:3000/images/logo-symbol.svg" has either width or height modified, but not the other. If you use CSS to change the size of your image, also include the styles 'width: "auto"' or 'height: "auto"' to maintain the aspect ratio. @ http://localhost:3000/_next/static/chunks/01vs_next_dist_0z7rf41._.js:2477
[ 5583171ms] [WARNING] Image with src "https://videodelivery.net/3c5400eef9dfe517b10625fd633e44d1/thumbnails/thumbnail.jpg" has "fill" but is missing "sizes" prop. Please add it to improve page performance. Read more: https://nextjs.org/docs/api-reference/next/image#sizes @ http://localhost:3000/_next/static/chunks/01vs_next_dist_0z7rf41._.js:2477
[ 5583171ms] [WARNING] Image with src "https://i.vimeocdn.com/video/666069685-b8830d1617363db0055a21e24423e90026a79403f7a9603ca22981bdc7671ccb-d_640?region=us" has "fill" but is missing "sizes" prop. Please add it to improve page performance. Read more: https://nextjs.org/docs/api-reference/next/image#sizes @ http://localhost:3000/_next/static/chunks/01vs_next_dist_0z7rf41._.js:2477
[ 5583171ms] [WARNING] Image with src "https://videodelivery.net/3b2696f077d0e769ac9b2813876877e7/thumbnails/thumbnail.jpg" has "fill" but is missing "sizes" prop. Please add it to improve page performance. Read more: https://nextjs.org/docs/api-reference/next/image#sizes @ http://localhost:3000/_next/static/chunks/01vs_next_dist_0z7rf41._.js:2477
[ 5583171ms] [WARNING] Image with src "https://videodelivery.net/7091e379841bf28eab0e59f4355f10ed/thumbnails/thumbnail.jpg" has "fill" but is missing "sizes" prop. Please add it to improve page performance. Read more: https://nextjs.org/docs/api-reference/next/image#sizes @ http://localhost:3000/_next/static/chunks/01vs_next_dist_0z7rf41._.js:2477
[ 5583172ms] [WARNING] Image with src "https://videodelivery.net/f2bb6fb9317cad488e7ffa6963b39926/thumbnails/thumbnail.jpg" has "fill" but is missing "sizes" prop. Please add it to improve page performance. Read more: https://nextjs.org/docs/api-reference/next/image#sizes @ http://localhost:3000/_next/static/chunks/01vs_next_dist_0z7rf41._.js:2477
[ 5583172ms] [WARNING] Image with src "https://videodelivery.net/9d192f545911ca0ef3da7d49c69f72c6/thumbnails/thumbnail.jpg" has "fill" but is missing "sizes" prop. Please add it to improve page performance. Read more: https://nextjs.org/docs/api-reference/next/image#sizes @ http://localhost:3000/_next/static/chunks/01vs_next_dist_0z7rf41._.js:2477
[ 5583240ms] [WARNING] Image with src "https://videodelivery.net/ac5c216b2ab9d970a27be47af24505d2/thumbnails/thumbnail.jpg" has "fill" but is missing "sizes" prop. Please add it to improve page performance. Read more: https://nextjs.org/docs/api-reference/next/image#sizes @ http://localhost:3000/_next/static/chunks/01vs_next_dist_0z7rf41._.js:2477
[ 5583241ms] [WARNING] Image with src "https://videodelivery.net/f0aefd3848d742388dc95db1e2466723/thumbnails/thumbnail.jpg" has "fill" but is missing "sizes" prop. Please add it to improve page performance. Read more: https://nextjs.org/docs/api-reference/next/image#sizes @ http://localhost:3000/_next/static/chunks/01vs_next_dist_0z7rf41._.js:2477
[ 5583241ms] [WARNING] Image with src "https://videodelivery.net/68de5b1f368d16a9f7f798129d8f25c4/thumbnails/thumbnail.jpg" has "fill" but is missing "sizes" prop. Please add it to improve page performance. Read more: https://nextjs.org/docs/api-reference/next/image#sizes @ http://localhost:3000/_next/static/chunks/01vs_next_dist_0z7rf41._.js:2477
[ 5584124ms] [LOG] [Fast Refresh] rebuilding @ http://localhost:3000/_next/static/chunks/01vs_next_dist_0z7rf41._.js:2477
[ 5584611ms] [WARNING] [Fast Refresh] performing full reload

Fast Refresh will perform a full reload when you edit a file that's imported by modules outside of the React rendering tree.
You might have a file which exports a React component but also exports a value that is imported by a non-React component file.
Consider migrating the non-React component export to a separate file and importing it into both files.

It is also possible the parent component of the component you edited is a class component, which disables Fast Refresh.
Fast Refresh requires at least one parent function component in your React tree. @ http://localhost:3000/_next/static/chunks/01vs_next_dist_0z7rf41._.js:2477
[ 5585053ms] [LOG] [Fast Refresh] done in 517ms @ http://localhost:3000/_next/static/chunks/01vs_next_dist_0z7rf41._.js:2477
[ 5585862ms] [LOG] [Fast Refresh] rebuilding @ http://localhost:3000/_next/static/chunks/01vs_next_dist_0z7rf41._.js:2477
[ 5585970ms] [LOG] [Fast Refresh] done in 211ms @ http://localhost:3000/_next/static/chunks/01vs_next_dist_0z7rf41._.js:2477
[ 5586204ms] [LOG] [Fast Refresh] rebuilding @ http://localhost:3000/_next/static/chunks/01vs_next_dist_0z7rf41._.js:2477
[ 5586271ms] [LOG] [Fast Refresh] done in 169ms @ http://localhost:3000/_next/static/chunks/01vs_next_dist_0z7rf41._.js:2477
[ 5587855ms] [INFO] %cDownload the React DevTools for a better development experience: https://react.dev/link/react-devtools font-weight:bold @ http://localhost:3000/_next/static/chunks/01vs_next_dist_0z7rf41._.js:2477
[ 5587895ms] [LOG] [HMR] connected @ http://localhost:3000/_next/static/chunks/01vs_next_dist_0z7rf41._.js:2477
[ 5588118ms] [WARNING] Clerk: Clerk has been loaded with development keys. Development instances have strict usage limits and should not be used when deploying your application to production. Learn more: https://clerk.com/docs/deployments/overview @ http://localhost:3000/_next/static/chunks/01vs_next_dist_0z7rf41._.js:2477
[ 5588339ms] [WARNING] Image with src "http://localhost:3000/images/logo-symbol.svg" has either width or height modified, but not the other. If you use CSS to change the size of your image, also include the styles 'width: "auto"' or 'height: "auto"' to maintain the aspect ratio. @ http://localhost:3000/_next/static/chunks/01vs_next_dist_0z7rf41._.js:2477
[ 5588340ms] [WARNING] Image with src "https://videodelivery.net/3c5400eef9dfe517b10625fd633e44d1/thumbnails/thumbnail.jpg" has "fill" but is missing "sizes" prop. Please add it to improve page performance. Read more: https://nextjs.org/docs/api-reference/next/image#sizes @ http://localhost:3000/_next/static/chunks/01vs_next_dist_0z7rf41._.js:2477
[ 5588340ms] [WARNING] Image with src "https://i.vimeocdn.com/video/666069685-b8830d1617363db0055a21e24423e90026a79403f7a9603ca22981bdc7671ccb-d_640?region=us" has "fill" but is missing "sizes" prop. Please add it to improve page performance. Read more: https://nextjs.org/docs/api-reference/next/image#sizes @ http://localhost:3000/_next/static/chunks/01vs_next_dist_0z7rf41._.js:2477
[ 5588340ms] [WARNING] Image with src "https://videodelivery.net/3b2696f077d0e769ac9b2813876877e7/thumbnails/thumbnail.jpg" has "fill" but is missing "sizes" prop. Please add it to improve page performance. Read more: https://nextjs.org/docs/api-reference/next/image#sizes @ http://localhost:3000/_next/static/chunks/01vs_next_dist_0z7rf41._.js:2477
[ 5588341ms] [WARNING] Image with src "https://videodelivery.net/7091e379841bf28eab0e59f4355f10ed/thumbnails/thumbnail.jpg" has "fill" but is missing "sizes" prop. Please add it to improve page performance. Read more: https://nextjs.org/docs/api-reference/next/image#sizes @ http://localhost:3000/_next/static/chunks/01vs_next_dist_0z7rf41._.js:2477
[ 5588341ms] [WARNING] Image with src "https://videodelivery.net/f2bb6fb9317cad488e7ffa6963b39926/thumbnails/thumbnail.jpg" has "fill" but is missing "sizes" prop. Please add it to improve page performance. Read more: https://nextjs.org/docs/api-reference/next/image#sizes @ http://localhost:3000/_next/static/chunks/01vs_next_dist_0z7rf41._.js:2477
[ 5588341ms] [WARNING] Image with src "https://videodelivery.net/9d192f545911ca0ef3da7d49c69f72c6/thumbnails/thumbnail.jpg" has "fill" but is missing "sizes" prop. Please add it to improve page performance. Read more: https://nextjs.org/docs/api-reference/next/image#sizes @ http://localhost:3000/_next/static/chunks/01vs_next_dist_0z7rf41._.js:2477
[ 5588344ms] [WARNING] Image with src "https://videodelivery.net/ac5c216b2ab9d970a27be47af24505d2/thumbnails/thumbnail.jpg" has "fill" but is missing "sizes" prop. Please add it to improve page performance. Read more: https://nextjs.org/docs/api-reference/next/image#sizes @ http://localhost:3000/_next/static/chunks/01vs_next_dist_0z7rf41._.js:2477
[ 5588344ms] [WARNING] Image with src "https://videodelivery.net/f0aefd3848d742388dc95db1e2466723/thumbnails/thumbnail.jpg" has "fill" but is missing "sizes" prop. Please add it to improve page performance. Read more: https://nextjs.org/docs/api-reference/next/image#sizes @ http://localhost:3000/_next/static/chunks/01vs_next_dist_0z7rf41._.js:2477
[ 5588344ms] [WARNING] Image with src "https://videodelivery.net/68de5b1f368d16a9f7f798129d8f25c4/thumbnails/thumbnail.jpg" has "fill" but is missing "sizes" prop. Please add it to improve page performance. Read more: https://nextjs.org/docs/api-reference/next/image#sizes @ http://localhost:3000/_next/static/chunks/01vs_next_dist_0z7rf41._.js:2477
[ 5591548ms] [LOG] [Fast Refresh] rebuilding @ http://localhost:3000/_next/static/chunks/01vs_next_dist_0z7rf41._.js:2477
[ 5591824ms] [WARNING] [Fast Refresh] performing full reload

Fast Refresh will perform a full reload when you edit a file that's imported by modules outside of the React rendering tree.
You might have a file which exports a React component but also exports a value that is imported by a non-React component file.
Consider migrating the non-React component export to a separate file and importing it into both files.

It is also possible the parent component of the component you edited is a class component, which disables Fast Refresh.
Fast Refresh requires at least one parent function component in your React tree. @ http://localhost:3000/_next/static/chunks/01vs_next_dist_0z7rf41._.js:2477
[ 5591985ms] [LOG] [Fast Refresh] done in 377ms @ http://localhost:3000/_next/static/chunks/01vs_next_dist_0z7rf41._.js:2477
[ 5592913ms] [LOG] [Fast Refresh] rebuilding @ http://localhost:3000/_next/static/chunks/01vs_next_dist_0z7rf41._.js:2477
[ 5593061ms] [LOG] [Fast Refresh] done in 248ms @ http://localhost:3000/_next/static/chunks/01vs_next_dist_0z7rf41._.js:2477
[ 5595587ms] [INFO] %cDownload the React DevTools for a better development experience: https://react.dev/link/react-devtools font-weight:bold @ http://localhost:3000/_next/static/chunks/01vs_next_dist_0z7rf41._.js:2477
[ 5595649ms] [LOG] [HMR] connected @ http://localhost:3000/_next/static/chunks/01vs_next_dist_0z7rf41._.js:2477
[ 5595898ms] [WARNING] Clerk: Clerk has been loaded with development keys. Development instances have strict usage limits and should not be used when deploying your application to production. Learn more: https://clerk.com/docs/deployments/overview @ http://localhost:3000/_next/static/chunks/01vs_next_dist_0z7rf41._.js:2477
[ 5596124ms] [WARNING] Image with src "http://localhost:3000/images/logo-symbol.svg" has either width or height modified, but not the other. If you use CSS to change the size of your image, also include the styles 'width: "auto"' or 'height: "auto"' to maintain the aspect ratio. @ http://localhost:3000/_next/static/chunks/01vs_next_dist_0z7rf41._.js:2477
[ 5596127ms] [WARNING] Image with src "https://videodelivery.net/3c5400eef9dfe517b10625fd633e44d1/thumbnails/thumbnail.jpg" has "fill" but is missing "sizes" prop. Please add it to improve page performance. Read more: https://nextjs.org/docs/api-reference/next/image#sizes @ http://localhost:3000/_next/static/chunks/01vs_next_dist_0z7rf41._.js:2477
[ 5596127ms] [WARNING] Image with src "https://i.vimeocdn.com/video/666069685-b8830d1617363db0055a21e24423e90026a79403f7a9603ca22981bdc7671ccb-d_640?region=us" has "fill" but is missing "sizes" prop. Please add it to improve page performance. Read more: https://nextjs.org/docs/api-reference/next/image#sizes @ http://localhost:3000/_next/static/chunks/01vs_next_dist_0z7rf41._.js:2477
[ 5596128ms] [WARNING] Image with src "https://videodelivery.net/3b2696f077d0e769ac9b2813876877e7/thumbnails/thumbnail.jpg" has "fill" but is missing "sizes" prop. Please add it to improve page performance. Read more: https://nextjs.org/docs/api-reference/next/image#sizes @ http://localhost:3000/_next/static/chunks/01vs_next_dist_0z7rf41._.js:2477
[ 5596128ms] [WARNING] Image with src "https://videodelivery.net/7091e379841bf28eab0e59f4355f10ed/thumbnails/thumbnail.jpg" has "fill" but is missing "sizes" prop. Please add it to improve page performance. Read more: https://nextjs.org/docs/api-reference/next/image#sizes @ http://localhost:3000/_next/static/chunks/01vs_next_dist_0z7rf41._.js:2477
[ 5596128ms] [WARNING] Image with src "https://videodelivery.net/f2bb6fb9317cad488e7ffa6963b39926/thumbnails/thumbnail.jpg" has "fill" but is missing "sizes" prop. Please add it to improve page performance. Read more: https://nextjs.org/docs/api-reference/next/image#sizes @ http://localhost:3000/_next/static/chunks/01vs_next_dist_0z7rf41._.js:2477
[ 5596128ms] [WARNING] Image with src "https://videodelivery.net/9d192f545911ca0ef3da7d49c69f72c6/thumbnails/thumbnail.jpg" has "fill" but is missing "sizes" prop. Please add it to improve page performance. Read more: https://nextjs.org/docs/api-reference/next/image#sizes @ http://localhost:3000/_next/static/chunks/01vs_next_dist_0z7rf41._.js:2477
[ 5596128ms] [WARNING] Image with src "https://videodelivery.net/ac5c216b2ab9d970a27be47af24505d2/thumbnails/thumbnail.jpg" has "fill" but is missing "sizes" prop. Please add it to improve page performance. Read more: https://nextjs.org/docs/api-reference/next/image#sizes @ http://localhost:3000/_next/static/chunks/01vs_next_dist_0z7rf41._.js:2477
[ 5596129ms] [WARNING] Image with src "https://videodelivery.net/f0aefd3848d742388dc95db1e2466723/thumbnails/thumbnail.jpg" has "fill" but is missing "sizes" prop. Please add it to improve page performance. Read more: https://nextjs.org/docs/api-reference/next/image#sizes @ http://localhost:3000/_next/static/chunks/01vs_next_dist_0z7rf41._.js:2477
[ 5596133ms] [WARNING] Image with src "https://videodelivery.net/68de5b1f368d16a9f7f798129d8f25c4/thumbnails/thumbnail.jpg" has "fill" but is missing "sizes" prop. Please add it to improve page performance. Read more: https://nextjs.org/docs/api-reference/next/image#sizes @ http://localhost:3000/_next/static/chunks/01vs_next_dist_0z7rf41._.js:2477
[ 5647982ms] [LOG] [Fast Refresh] rebuilding @ http://localhost:3000/_next/static/chunks/01vs_next_dist_0z7rf41._.js:2477
[ 5649219ms] [LOG] [Fast Refresh] done in 1337ms @ http://localhost:3000/_next/static/chunks/01vs_next_dist_0z7rf41._.js:2477
