[    2565ms] [WARNING] Allow attribute will take precedence over 'allowfullscreen'. @ http://localhost:3000/v/cmpu3o04e0000bg2g0h63o22g:0
[    2601ms] [INFO] %cDownload the React DevTools for a better development experience: https://react.dev/link/react-devtools font-weight:bold @ http://localhost:3000/_next/static/chunks/01vs_next_dist_0z7rf41._.js:2477
[    2643ms] [LOG] [HMR] connected @ http://localhost:3000/_next/static/chunks/01vs_next_dist_0z7rf41._.js:2477
[    2752ms] [WARNING] Image with src "http://localhost:3000/images/logo-symbol.svg" has either width or height modified, but not the other. If you use CSS to change the size of your image, also include the styles 'width: "auto"' or 'height: "auto"' to maintain the aspect ratio. @ http://localhost:3000/_next/static/chunks/01vs_next_dist_0z7rf41._.js:2477
[    2886ms] [WARNING] Clerk: Clerk has been loaded with development keys. Development instances have strict usage limits and should not be used when deploying your application to production. Learn more: https://clerk.com/docs/deployments/overview @ http://localhost:3000/_next/static/chunks/01vs_next_dist_0z7rf41._.js:2477
[    3435ms] [LOG] [Fast Refresh] rebuilding @ http://localhost:3000/_next/static/chunks/01vs_next_dist_0z7rf41._.js:2477
[    3450ms] [LOG] [Fast Refresh] done in 115ms @ http://localhost:3000/_next/static/chunks/01vs_next_dist_0z7rf41._.js:2477
[    6766ms] [LOG] [Fast Refresh] rebuilding @ http://localhost:3000/_next/static/chunks/01vs_next_dist_0z7rf41._.js:2477
[    6860ms] [LOG] [Fast Refresh] done in 195ms @ http://localhost:3000/_next/static/chunks/01vs_next_dist_0z7rf41._.js:2477
[   14530ms] [LOG] [Fast Refresh] rebuilding @ http://localhost:3000/_next/static/chunks/01vs_next_dist_0z7rf41._.js:2477
[   14632ms] [LOG] [Fast Refresh] done in 204ms @ http://localhost:3000/_next/static/chunks/01vs_next_dist_0z7rf41._.js:2477
[  128219ms] [LOG] [Fast Refresh] rebuilding @ http://localhost:3000/_next/static/chunks/01vs_next_dist_0z7rf41._.js:2477
[  128273ms] [LOG] [Fast Refresh] done in 141ms @ http://localhost:3000/_next/static/chunks/01vs_next_dist_0z7rf41._.js:2477
[  136343ms] [LOG] [Fast Refresh] rebuilding @ http://localhost:3000/_next/static/chunks/01vs_next_dist_0z7rf41._.js:2477
[  136403ms] [LOG] [Fast Refresh] done in 147ms @ http://localhost:3000/_next/static/chunks/01vs_next_dist_0z7rf41._.js:2477
[  458309ms] [LOG] [Fast Refresh] rebuilding @ http://localhost:3000/_next/static/chunks/01vs_next_dist_0z7rf41._.js:2477
[  458329ms] [LOG] [Fast Refresh] done in 121ms @ http://localhost:3000/_next/static/chunks/01vs_next_dist_0z7rf41._.js:2477
[  463336ms] [LOG] [Fast Refresh] rebuilding @ http://localhost:3000/_next/static/chunks/01vs_next_dist_0z7rf41._.js:2477
[  463363ms] [LOG] [Fast Refresh] done in 131ms @ http://localhost:3000/_next/static/chunks/01vs_next_dist_0z7rf41._.js:2477
[  467986ms] [LOG] [Fast Refresh] rebuilding @ http://localhost:3000/_next/static/chunks/01vs_next_dist_0z7rf41._.js:2477
[  468005ms] [LOG] [Fast Refresh] done in 105ms @ http://localhost:3000/_next/static/chunks/01vs_next_dist_0z7rf41._.js:2477
[  474288ms] [LOG] [Fast Refresh] rebuilding @ http://localhost:3000/_next/static/chunks/01vs_next_dist_0z7rf41._.js:2477
[  474309ms] [LOG] [Fast Refresh] done in 124ms @ http://localhost:3000/_next/static/chunks/01vs_next_dist_0z7rf41._.js:2477
[  484077ms] [LOG] [Fast Refresh] rebuilding @ http://localhost:3000/_next/static/chunks/01vs_next_dist_0z7rf41._.js:2477
[  484097ms] [LOG] [Fast Refresh] done in 110ms @ http://localhost:3000/_next/static/chunks/01vs_next_dist_0z7rf41._.js:2477
[  491058ms] [LOG] [Fast Refresh] rebuilding @ http://localhost:3000/_next/static/chunks/01vs_next_dist_0z7rf41._.js:2477
[  491156ms] [LOG] [Fast Refresh] done in 31ms @ http://localhost:3000/_next/static/chunks/01vs_next_dist_0z7rf41._.js:2477
[  508980ms] [LOG] [Fast Refresh] rebuilding @ http://localhost:3000/_next/static/chunks/01vs_next_dist_0z7rf41._.js:2477
[  509231ms] [LOG] [Fast Refresh] done in 340ms @ http://localhost:3000/_next/static/chunks/01vs_next_dist_0z7rf41._.js:2477
[  509683ms] [LOG] [Fast Refresh] rebuilding @ http://localhost:3000/_next/static/chunks/01vs_next_dist_0z7rf41._.js:2477
[  509975ms] [LOG] [Fast Refresh] done in 393ms @ http://localhost:3000/_next/static/chunks/01vs_next_dist_0z7rf41._.js:2477
[  520347ms] [LOG] [Fast Refresh] rebuilding @ http://localhost:3000/_next/static/chunks/01vs_next_dist_0z7rf41._.js:2477
[  520381ms] [LOG] [Fast Refresh] done in 85ms @ http://localhost:3000/_next/static/chunks/01vs_next_dist_0z7rf41._.js:2477
[  544484ms] [LOG] [Fast Refresh] rebuilding @ http://localhost:3000/_next/static/chunks/01vs_next_dist_0z7rf41._.js:2477
[  544520ms] [LOG] [Fast Refresh] done in 65ms @ http://localhost:3000/_next/static/chunks/01vs_next_dist_0z7rf41._.js:2477
[  544646ms] [LOG] [Fast Refresh] rebuilding @ http://localhost:3000/_next/static/chunks/01vs_next_dist_0z7rf41._.js:2477
[  544649ms] [LOG] [Fast Refresh] done in 104ms @ http://localhost:3000/_next/static/chunks/01vs_next_dist_0z7rf41._.js:2477
[  637805ms] [LOG] [Fast Refresh] rebuilding @ http://localhost:3000/_next/static/chunks/01vs_next_dist_0z7rf41._.js:2477
[  638059ms] [LOG] [Fast Refresh] done in 353ms @ http://localhost:3000/_next/static/chunks/01vs_next_dist_0z7rf41._.js:2477
[  638522ms] [LOG] [Fast Refresh] rebuilding @ http://localhost:3000/_next/static/chunks/01vs_next_dist_0z7rf41._.js:2477
[  638806ms] [LOG] [Fast Refresh] done in 384ms @ http://localhost:3000/_next/static/chunks/01vs_next_dist_0z7rf41._.js:2477
[  639465ms] [LOG] [Fast Refresh] rebuilding @ http://localhost:3000/_next/static/chunks/01vs_next_dist_0z7rf41._.js:2477
[  639471ms] [LOG] [Fast Refresh] done in 107ms @ http://localhost:3000/_next/static/chunks/01vs_next_dist_0z7rf41._.js:2477
[  642360ms] [LOG] [Fast Refresh] rebuilding @ http://localhost:3000/_next/static/chunks/01vs_next_dist_0z7rf41._.js:2477
[  642390ms] [LOG] [Fast Refresh] done in 66ms @ http://localhost:3000/_next/static/chunks/01vs_next_dist_0z7rf41._.js:2477
[  646278ms] [LOG] [Fast Refresh] rebuilding @ http://localhost:3000/_next/static/chunks/01vs_next_dist_0z7rf41._.js:2477
[  646308ms] [LOG] [Fast Refresh] done in 65ms @ http://localhost:3000/_next/static/chunks/01vs_next_dist_0z7rf41._.js:2477
[  881028ms] [LOG] [Fast Refresh] rebuilding @ http://localhost:3000/_next/static/chunks/01vs_next_dist_0z7rf41._.js:2477
[  881320ms] ReferenceError: DropdownMenu is not defined
    at VideoOwnerActions (http://localhost:3000/_next/static/chunks/src_0gqsh5u._.js?id=%255Bproject%255D%252Fsrc%252Fcomponents%252Fvideo%252FVideoOwnerActions.tsx+%255Bapp-client%255D+%2528ecmascript%2529:189:377)
    at Object.react_stack_bottom_frame (http://localhost:3000/_next/static/chunks/01vs_next_dist_compiled_react-dom_068f94d._.js:15037:24)
    at renderWithHooks (http://localhost:3000/_next/static/chunks/01vs_next_dist_compiled_react-dom_068f94d._.js:4620:24)
    at updateFunctionComponent (http://localhost:3000/_next/static/chunks/01vs_next_dist_compiled_react-dom_068f94d._.js:6081:21)
    at beginWork (http://localhost:3000/_next/static/chunks/01vs_next_dist_compiled_react-dom_068f94d._.js:6691:24)
    at runWithFiberInDEV (http://localhost:3000/_next/static/chunks/01vs_next_dist_compiled_react-dom_068f94d._.js:965:74)
    at performUnitOfWork (http://localhost:3000/_next/static/chunks/01vs_next_dist_compiled_react-dom_068f94d._.js:9555:97)
    at workLoopSync (http://localhost:3000/_next/static/chunks/01vs_next_dist_compiled_react-dom_068f94d._.js:9449:40)
    at renderRootSync (http://localhost:3000/_next/static/chunks/01vs_next_dist_compiled_react-dom_068f94d._.js:9433:13)
    at performWorkOnRoot (http://localhost:3000/_next/static/chunks/01vs_next_dist_compiled_react-dom_068f94d._.js:9098:47)
    at performSyncWorkOnRoot (http://localhost:3000/_next/static/chunks/01vs_next_dist_compiled_react-dom_068f94d._.js:10263:9)
    at flushSyncWorkAcrossRoots_impl (http://localhost:3000/_next/static/chunks/01vs_next_dist_compiled_react-dom_068f94d._.js:10179:316)
    at flushSyncWork$1 (http://localhost:3000/_next/static/chunks/01vs_next_dist_compiled_react-dom_068f94d._.js:9230:86)
    at Object.scheduleRefresh (http://localhost:3000/_next/static/chunks/01vs_next_dist_compiled_react-dom_068f94d._.js:299:13)
    at http://localhost:3000/_next/static/chunks/01vs_next_dist_compiled_0x276ti._.js:391:33
    at Set.forEach (<anonymous>)
    at Object.performReactRefresh (http://localhost:3000/_next/static/chunks/01vs_next_dist_compiled_0x276ti._.js:384:38)
    at applyUpdate (http://localhost:3000/_next/static/chunks/01vs_next_dist_compiled_0x276ti._.js:878:31)
    at http://localhost:3000/_next/static/chunks/01vs_next_dist_compiled_0x276ti._.js:886:13
[  881397ms] [LOG] [Fast Refresh] done in 467ms @ http://localhost:3000/_next/static/chunks/01vs_next_dist_0z7rf41._.js:2477
[  881551ms] [LOG] [Fast Refresh] rebuilding @ http://localhost:3000/_next/static/chunks/01vs_next_dist_0z7rf41._.js:2477
[  881683ms] [LOG] [Fast Refresh] done in 232ms @ http://localhost:3000/_next/static/chunks/01vs_next_dist_0z7rf41._.js:2477
[  882048ms] [LOG] [Fast Refresh] rebuilding @ http://localhost:3000/_next/static/chunks/01vs_next_dist_0z7rf41._.js:2477
[  882336ms] [LOG] [Fast Refresh] done in 390ms @ http://localhost:3000/_next/static/chunks/01vs_next_dist_0z7rf41._.js:2477
[  883889ms] [LOG] [Fast Refresh] rebuilding @ http://localhost:3000/_next/static/chunks/01vs_next_dist_0z7rf41._.js:2477
[  883928ms] [LOG] [Fast Refresh] done in 140ms @ http://localhost:3000/_next/static/chunks/01vs_next_dist_0z7rf41._.js:2477
[  885940ms] [ERROR] Failed to load resource: the server responded with a status of 500 (Internal Server Error) @ http://localhost:3000/v/cmpu3o04e0000bg2g0h63o22g:0
[  886076ms] [INFO] %cDownload the React DevTools for a better development experience: https://react.dev/link/react-devtools font-weight:bold @ http://localhost:3000/_next/static/chunks/01vs_next_dist_0z7rf41._.js:2477
[  886109ms] [LOG] [HMR] connected @ http://localhost:3000/_next/static/chunks/01vs_next_dist_0z7rf41._.js:2477
[  886220ms] [WARNING] Allow attribute will take precedence over 'allowfullscreen'. @ http://localhost:3000/_next/static/chunks/01vs_next_dist_compiled_react-dom_068f94d._.js:10849
[  886334ms] ReferenceError: DropdownMenu is not defined
    at VideoOwnerActions (http://localhost:3000/_next/static/chunks/src_0gqsh5u._.js:1783:377)
    at Object.react_stack_bottom_frame (http://localhost:3000/_next/static/chunks/01vs_next_dist_compiled_react-dom_068f94d._.js:15037:24)
    at renderWithHooks (http://localhost:3000/_next/static/chunks/01vs_next_dist_compiled_react-dom_068f94d._.js:4620:24)
    at updateFunctionComponent (http://localhost:3000/_next/static/chunks/01vs_next_dist_compiled_react-dom_068f94d._.js:6081:21)
    at beginWork (http://localhost:3000/_next/static/chunks/01vs_next_dist_compiled_react-dom_068f94d._.js:6665:639)
    at runWithFiberInDEV (http://localhost:3000/_next/static/chunks/01vs_next_dist_compiled_react-dom_068f94d._.js:965:74)
    at performUnitOfWork (http://localhost:3000/_next/static/chunks/01vs_next_dist_compiled_react-dom_068f94d._.js:9555:97)
    at workLoopSync (http://localhost:3000/_next/static/chunks/01vs_next_dist_compiled_react-dom_068f94d._.js:9449:40)
    at renderRootSync (http://localhost:3000/_next/static/chunks/01vs_next_dist_compiled_react-dom_068f94d._.js:9433:13)
    at performWorkOnRoot (http://localhost:3000/_next/static/chunks/01vs_next_dist_compiled_react-dom_068f94d._.js:9098:47)
    at performWorkOnRootViaSchedulerTask (http://localhost:3000/_next/static/chunks/01vs_next_dist_compiled_react-dom_068f94d._.js:10255:9)
    at MessagePort.performWorkUntilDeadline (http://localhost:3000/_next/static/chunks/01vs_next_dist_compiled_0x276ti._.js:2647:64)
[  886467ms] [WARNING] Clerk: Clerk has been loaded with development keys. Development instances have strict usage limits and should not be used when deploying your application to production. Learn more: https://clerk.com/docs/deployments/overview @ http://localhost:3000/_next/static/chunks/01vs_next_dist_0z7rf41._.js:2477
[  889683ms] [WARNING] The resource http://localhost:3000/images/logo-logotype-new.svg was preloaded using link preload but not used within a few seconds from the window's load event. Please make sure it has an appropriate `as` value and it is preloaded intentionally. @ http://localhost:3000/v/cmpu3o04e0000bg2g0h63o22g:0
[  889683ms] [WARNING] The resource https://img.clerk.com/eyJ0eXBlIjoicHJveHkiLCJzcmMiOiJodHRwczovL2ltYWdlcy5jbGVyay5kZXYvdXBsb2FkZWQvaW1nXzNFTTlNUzVrTGdJZll3cEsxandYd0ZNRGlscCJ9 was preloaded using link preload but not used within a few seconds from the window's load event. Please make sure it has an appropriate `as` value and it is preloaded intentionally. @ http://localhost:3000/v/cmpu3o04e0000bg2g0h63o22g:0
[  889683ms] [WARNING] The resource https://img.clerk.com/eyJ0eXBlIjoiZGVmYXVsdCIsImlpZCI6Imluc18zRUpOMXNER0ptQWYwQTFEN3NjSDZ5UFlQcUMiLCJyaWQiOiJ1c2VyXzNFVW1INzRqd21CSEJ1cElxN2I3bVFacnBGOSJ9 was preloaded using link preload but not used within a few seconds from the window's load event. Please make sure it has an appropriate `as` value and it is preloaded intentionally. @ http://localhost:3000/v/cmpu3o04e0000bg2g0h63o22g:0
[  889683ms] [WARNING] The resource https://embed.cloudflarestream.com/embed/sdk.latest.js was preloaded using link preload but not used within a few seconds from the window's load event. Please make sure it has an appropriate `as` value and it is preloaded intentionally. @ http://localhost:3000/v/cmpu3o04e0000bg2g0h63o22g:0
[  890322ms] [LOG] [Fast Refresh] rebuilding @ http://localhost:3000/_next/static/chunks/01vs_next_dist_0z7rf41._.js:2477
[  890336ms] [WARNING] [Fast Refresh] performing full reload because your application had an unrecoverable error @ http://localhost:3000/_next/static/chunks/01vs_next_dist_0z7rf41._.js:2477
[  890340ms] [LOG] [Fast Refresh] done in 109ms @ http://localhost:3000/_next/static/chunks/01vs_next_dist_0z7rf41._.js:2477
[  892291ms] [ERROR] Failed to load resource: the server responded with a status of 500 (Internal Server Error) @ http://localhost:3000/v/cmpu3o04e0000bg2g0h63o22g:0
[  892466ms] [INFO] %cDownload the React DevTools for a better development experience: https://react.dev/link/react-devtools font-weight:bold @ http://localhost:3000/_next/static/chunks/01vs_next_dist_0z7rf41._.js:2477
[  892496ms] [LOG] [HMR] connected @ http://localhost:3000/_next/static/chunks/01vs_next_dist_0z7rf41._.js:2477
[  892690ms] [LOG] [Fast Refresh] rebuilding @ http://localhost:3000/_next/static/chunks/01vs_next_dist_0z7rf41._.js:2477
[  892757ms] [LOG] [Fast Refresh] done in 213ms @ http://localhost:3000/_next/static/chunks/01vs_next_dist_0z7rf41._.js:2477
[  892861ms] [WARNING] Allow attribute will take precedence over 'allowfullscreen'. @ http://localhost:3000/_next/static/chunks/01vs_next_dist_compiled_react-dom_068f94d._.js:10849
[  892998ms] ReferenceError: DropdownMenu is not defined
    at VideoOwnerActions (http://localhost:3000/_next/static/chunks/src_0gqsh5u._.js:1789:377)
    at Object.react_stack_bottom_frame (http://localhost:3000/_next/static/chunks/01vs_next_dist_compiled_react-dom_068f94d._.js:15037:24)
    at renderWithHooks (http://localhost:3000/_next/static/chunks/01vs_next_dist_compiled_react-dom_068f94d._.js:4620:24)
    at updateFunctionComponent (http://localhost:3000/_next/static/chunks/01vs_next_dist_compiled_react-dom_068f94d._.js:6081:21)
    at beginWork (http://localhost:3000/_next/static/chunks/01vs_next_dist_compiled_react-dom_068f94d._.js:6665:639)
    at runWithFiberInDEV (http://localhost:3000/_next/static/chunks/01vs_next_dist_compiled_react-dom_068f94d._.js:965:74)
    at performUnitOfWork (http://localhost:3000/_next/static/chunks/01vs_next_dist_compiled_react-dom_068f94d._.js:9555:97)
    at workLoopSync (http://localhost:3000/_next/static/chunks/01vs_next_dist_compiled_react-dom_068f94d._.js:9449:40)
    at renderRootSync (http://localhost:3000/_next/static/chunks/01vs_next_dist_compiled_react-dom_068f94d._.js:9433:13)
    at performWorkOnRoot (http://localhost:3000/_next/static/chunks/01vs_next_dist_compiled_react-dom_068f94d._.js:9098:47)
    at performWorkOnRootViaSchedulerTask (http://localhost:3000/_next/static/chunks/01vs_next_dist_compiled_react-dom_068f94d._.js:10255:9)
    at MessagePort.performWorkUntilDeadline (http://localhost:3000/_next/static/chunks/01vs_next_dist_compiled_0x276ti._.js:2647:64)
[  892947ms] [WARNING] Clerk: Clerk has been loaded with development keys. Development instances have strict usage limits and should not be used when deploying your application to production. Learn more: https://clerk.com/docs/deployments/overview @ http://localhost:3000/_next/static/chunks/01vs_next_dist_0z7rf41._.js:2477
[  895186ms] [LOG] [Fast Refresh] rebuilding @ http://localhost:3000/_next/static/chunks/01vs_next_dist_0z7rf41._.js:2477
[  895202ms] [WARNING] [Fast Refresh] performing full reload because your application had an unrecoverable error @ http://localhost:3000/_next/static/chunks/01vs_next_dist_0z7rf41._.js:2477
[  895206ms] [LOG] [Fast Refresh] done in 122ms @ http://localhost:3000/_next/static/chunks/01vs_next_dist_0z7rf41._.js:2477
[  897075ms] [LOG] [Fast Refresh] rebuilding @ http://localhost:3000/_next/static/chunks/01vs_next_dist_0z7rf41._.js:2477
[  897080ms] [LOG] [Fast Refresh] done in 106ms @ http://localhost:3000/_next/static/chunks/01vs_next_dist_0z7rf41._.js:2477
[  897190ms] [ERROR] Failed to load resource: the server responded with a status of 500 (Internal Server Error) @ http://localhost:3000/v/cmpu3o04e0000bg2g0h63o22g:0
[  897271ms] [INFO] %cDownload the React DevTools for a better development experience: https://react.dev/link/react-devtools font-weight:bold @ http://localhost:3000/_next/static/chunks/01vs_next_dist_0z7rf41._.js:2477
[  897295ms] [LOG] [HMR] connected @ http://localhost:3000/_next/static/chunks/01vs_next_dist_0z7rf41._.js:2477
[  897485ms] [WARNING] Allow attribute will take precedence over 'allowfullscreen'. @ http://localhost:3000/_next/static/chunks/01vs_next_dist_compiled_react-dom_068f94d._.js:10849
[  897598ms] ReferenceError: DropdownMenu is not defined
    at VideoOwnerActions (http://localhost:3000/_next/static/chunks/src_0gqsh5u._.js:1795:377)
    at Object.react_stack_bottom_frame (http://localhost:3000/_next/static/chunks/01vs_next_dist_compiled_react-dom_068f94d._.js:15037:24)
    at renderWithHooks (http://localhost:3000/_next/static/chunks/01vs_next_dist_compiled_react-dom_068f94d._.js:4620:24)
    at updateFunctionComponent (http://localhost:3000/_next/static/chunks/01vs_next_dist_compiled_react-dom_068f94d._.js:6081:21)
    at beginWork (http://localhost:3000/_next/static/chunks/01vs_next_dist_compiled_react-dom_068f94d._.js:6665:639)
    at runWithFiberInDEV (http://localhost:3000/_next/static/chunks/01vs_next_dist_compiled_react-dom_068f94d._.js:965:74)
    at performUnitOfWork (http://localhost:3000/_next/static/chunks/01vs_next_dist_compiled_react-dom_068f94d._.js:9555:97)
    at workLoopSync (http://localhost:3000/_next/static/chunks/01vs_next_dist_compiled_react-dom_068f94d._.js:9449:40)
    at renderRootSync (http://localhost:3000/_next/static/chunks/01vs_next_dist_compiled_react-dom_068f94d._.js:9433:13)
    at performWorkOnRoot (http://localhost:3000/_next/static/chunks/01vs_next_dist_compiled_react-dom_068f94d._.js:9098:47)
    at performWorkOnRootViaSchedulerTask (http://localhost:3000/_next/static/chunks/01vs_next_dist_compiled_react-dom_068f94d._.js:10255:9)
    at MessagePort.performWorkUntilDeadline (http://localhost:3000/_next/static/chunks/01vs_next_dist_compiled_0x276ti._.js:2647:64)
[  897652ms] [WARNING] Clerk: Clerk has been loaded with development keys. Development instances have strict usage limits and should not be used when deploying your application to production. Learn more: https://clerk.com/docs/deployments/overview @ http://localhost:3000/_next/static/chunks/01vs_next_dist_0z7rf41._.js:2477
[  900859ms] [WARNING] The resource https://img.clerk.com/eyJ0eXBlIjoicHJveHkiLCJzcmMiOiJodHRwczovL2ltYWdlcy5jbGVyay5kZXYvdXBsb2FkZWQvaW1nXzNFTTlNUzVrTGdJZll3cEsxandYd0ZNRGlscCJ9 was preloaded using link preload but not used within a few seconds from the window's load event. Please make sure it has an appropriate `as` value and it is preloaded intentionally. @ http://localhost:3000/v/cmpu3o04e0000bg2g0h63o22g:0
[  900859ms] [WARNING] The resource https://img.clerk.com/eyJ0eXBlIjoiZGVmYXVsdCIsImlpZCI6Imluc18zRUpOMXNER0ptQWYwQTFEN3NjSDZ5UFlQcUMiLCJyaWQiOiJ1c2VyXzNFVW1INzRqd21CSEJ1cElxN2I3bVFacnBGOSJ9 was preloaded using link preload but not used within a few seconds from the window's load event. Please make sure it has an appropriate `as` value and it is preloaded intentionally. @ http://localhost:3000/v/cmpu3o04e0000bg2g0h63o22g:0
[  900859ms] [WARNING] The resource https://embed.cloudflarestream.com/embed/sdk.latest.js was preloaded using link preload but not used within a few seconds from the window's load event. Please make sure it has an appropriate `as` value and it is preloaded intentionally. @ http://localhost:3000/v/cmpu3o04e0000bg2g0h63o22g:0
[  903507ms] [LOG] [Fast Refresh] rebuilding @ http://localhost:3000/_next/static/chunks/01vs_next_dist_0z7rf41._.js:2477
[  903523ms] [WARNING] [Fast Refresh] performing full reload because your application had an unrecoverable error @ http://localhost:3000/_next/static/chunks/01vs_next_dist_0z7rf41._.js:2477
[  903524ms] [LOG] [Fast Refresh] done in 127ms @ http://localhost:3000/_next/static/chunks/01vs_next_dist_0z7rf41._.js:2477
[  905765ms] [WARNING] Allow attribute will take precedence over 'allowfullscreen'. @ http://localhost:3000/v/cmpu3o04e0000bg2g0h63o22g:0
[  905848ms] [INFO] %cDownload the React DevTools for a better development experience: https://react.dev/link/react-devtools font-weight:bold @ http://localhost:3000/_next/static/chunks/01vs_next_dist_0z7rf41._.js:2477
[  905917ms] [LOG] [HMR] connected @ http://localhost:3000/_next/static/chunks/01vs_next_dist_0z7rf41._.js:2477
[  906295ms] [WARNING] Clerk: Clerk has been loaded with development keys. Development instances have strict usage limits and should not be used when deploying your application to production. Learn more: https://clerk.com/docs/deployments/overview @ http://localhost:3000/_next/static/chunks/01vs_next_dist_0z7rf41._.js:2477
[  906332ms] [WARNING] Image with src "http://localhost:3000/images/logo-symbol.svg" has either width or height modified, but not the other. If you use CSS to change the size of your image, also include the styles 'width: "auto"' or 'height: "auto"' to maintain the aspect ratio. @ http://localhost:3000/_next/static/chunks/01vs_next_dist_0z7rf41._.js:2477
[  906336ms] [LOG] [Fast Refresh] rebuilding @ http://localhost:3000/_next/static/chunks/01vs_next_dist_0z7rf41._.js:2477
[  906415ms] [LOG] [Fast Refresh] done in 187ms @ http://localhost:3000/_next/static/chunks/01vs_next_dist_0z7rf41._.js:2477
[  920267ms] [LOG] [Fast Refresh] rebuilding @ http://localhost:3000/_next/static/chunks/01vs_next_dist_0z7rf41._.js:2477
[  920412ms] [LOG] [Fast Refresh] done in 214ms @ http://localhost:3000/_next/static/chunks/01vs_next_dist_0z7rf41._.js:2477
[  962825ms] [ERROR] WebSocket connection to 'ws://localhost:3000/_next/webpack-hmr?id=GgNY8NMwCoNGF33QpEMnQ' failed: Error in connection establishment: net::ERR_CONNECTION_REFUSED @ http://localhost:3000/_next/static/chunks/01vs_next_dist_client_10-2.sc._.js:13322
[  963828ms] [ERROR] WebSocket connection to 'ws://localhost:3000/_next/webpack-hmr?id=GgNY8NMwCoNGF33QpEMnQ' failed: Error in connection establishment: net::ERR_CONNECTION_REFUSED @ http://localhost:3000/_next/static/chunks/01vs_next_dist_client_10-2.sc._.js:13322
[  964830ms] [ERROR] WebSocket connection to 'ws://localhost:3000/_next/webpack-hmr?id=GgNY8NMwCoNGF33QpEMnQ' failed: Error in connection establishment: net::ERR_CONNECTION_REFUSED @ http://localhost:3000/_next/static/chunks/01vs_next_dist_client_10-2.sc._.js:13322
[  965833ms] [ERROR] WebSocket connection to 'ws://localhost:3000/_next/webpack-hmr?id=GgNY8NMwCoNGF33QpEMnQ' failed: Error in connection establishment: net::ERR_CONNECTION_REFUSED @ http://localhost:3000/_next/static/chunks/01vs_next_dist_client_10-2.sc._.js:13322
[  966579ms] [ERROR] Failed to load resource: net::ERR_CONNECTION_REFUSED @ http://localhost:3000/api/messages/conversations:0
[  966579ms] [ERROR] Failed to load resource: net::ERR_CONNECTION_REFUSED @ http://localhost:3000/api/notifications:0
[  966580ms] TypeError: Failed to fetch
    at check (http://localhost:3000/_next/static/chunks/src_components_0dw6s68._.js:113:35)
[  966580ms] TypeError: Failed to fetch
    at fetchNotifications (http://localhost:3000/_next/static/chunks/src_components_0dw6s68._.js:226:27)
[  966581ms] [ERROR] WebSocket is already in CLOSING or CLOSED state. @ http://localhost:3000/_next/static/chunks/01vs_next_dist_0z7rf41._.js:2836
[  966584ms] [ERROR] Failed to load resource: net::ERR_CONNECTION_REFUSED @ http://localhost:3000/__nextjs_original-stack-frames:0
[  966587ms] [ERROR] Failed to load resource: net::ERR_CONNECTION_REFUSED @ http://localhost:3000/__nextjs_original-stack-frames:0
[  966835ms] [ERROR] WebSocket connection to 'ws://localhost:3000/_next/webpack-hmr?id=GgNY8NMwCoNGF33QpEMnQ' failed: Error in connection establishment: net::ERR_CONNECTION_REFUSED @ http://localhost:3000/_next/static/chunks/01vs_next_dist_client_10-2.sc._.js:13322
[  972872ms] [LOG] [HMR] connected @ http://localhost:3000/_next/static/chunks/01vs_next_dist_0z7rf41._.js:2477
[  979363ms] [WARNING] Allow attribute will take precedence over 'allowfullscreen'. @ http://localhost:3000/v/cmpu3o04e0000bg2g0h63o22g:0
[  979494ms] [INFO] %cDownload the React DevTools for a better development experience: https://react.dev/link/react-devtools font-weight:bold @ http://localhost:3000/_next/static/chunks/01vs_next_dist_0z7rf41._.js:2477
[  979523ms] [LOG] [HMR] connected @ http://localhost:3000/_next/static/chunks/01vs_next_dist_0z7rf41._.js:2477
[  979732ms] [WARNING] Clerk: Clerk has been loaded with development keys. Development instances have strict usage limits and should not be used when deploying your application to production. Learn more: https://clerk.com/docs/deployments/overview @ http://localhost:3000/_next/static/chunks/01vs_next_dist_0z7rf41._.js:2477
[  979790ms] [WARNING] Image with src "http://localhost:3000/images/logo-symbol.svg" has either width or height modified, but not the other. If you use CSS to change the size of your image, also include the styles 'width: "auto"' or 'height: "auto"' to maintain the aspect ratio. @ http://localhost:3000/_next/static/chunks/01vs_next_dist_0z7rf41._.js:2477
[ 1057182ms] [LOG] [Fast Refresh] rebuilding @ http://localhost:3000/_next/static/chunks/01vs_next_dist_0z7rf41._.js:2477
[ 1058072ms] [LOG] [Fast Refresh] done in 955ms @ http://localhost:3000/_next/static/chunks/01vs_next_dist_0z7rf41._.js:2477
