[    1250ms] [INFO] %cDownload the React DevTools for a better development experience: https://react.dev/link/react-devtools font-weight:bold @ http://localhost:3000/_next/static/chunks/01vs_next_dist_0z7rf41._.js:2477
[    1277ms] [LOG] [HMR] connected @ http://localhost:3000/_next/static/chunks/01vs_next_dist_0z7rf41._.js:2477
[    1395ms] [WARNING] Image with src "http://localhost:3000/images/logo-symbol.svg" has either width or height modified, but not the other. If you use CSS to change the size of your image, also include the styles 'width: "auto"' or 'height: "auto"' to maintain the aspect ratio. @ http://localhost:3000/_next/static/chunks/01vs_next_dist_0z7rf41._.js:2477
[    1535ms] [WARNING] Clerk: Clerk has been loaded with development keys. Development instances have strict usage limits and should not be used when deploying your application to production. Learn more: https://clerk.com/docs/deployments/overview @ http://localhost:3000/_next/static/chunks/01vs_next_dist_0z7rf41._.js:2477
[    1580ms] [LOG] [Fast Refresh] rebuilding @ http://localhost:3000/_next/static/chunks/01vs_next_dist_0z7rf41._.js:2477
[    1590ms] [LOG] [Fast Refresh] done in 111ms @ http://localhost:3000/_next/static/chunks/01vs_next_dist_0z7rf41._.js:2477
[    3904ms] [LOG] [Fast Refresh] rebuilding @ http://localhost:3000/_next/static/chunks/01vs_next_dist_0z7rf41._.js:2477
[    3912ms] [LOG] [Fast Refresh] done in 109ms @ http://localhost:3000/_next/static/chunks/01vs_next_dist_0z7rf41._.js:2477
[   13080ms] [LOG] [Fast Refresh] rebuilding @ http://localhost:3000/_next/static/chunks/01vs_next_dist_0z7rf41._.js:2477
[   13082ms] [LOG] [Fast Refresh] done in 104ms @ http://localhost:3000/_next/static/chunks/01vs_next_dist_0z7rf41._.js:2477
[   15806ms] [LOG] [Fast Refresh] rebuilding @ http://localhost:3000/_next/static/chunks/01vs_next_dist_0z7rf41._.js:2477
[   15823ms] [LOG] [Fast Refresh] done in 118ms @ http://localhost:3000/_next/static/chunks/01vs_next_dist_0z7rf41._.js:2477
[   64734ms] [LOG] [Fast Refresh] rebuilding @ http://localhost:3000/_next/static/chunks/01vs_next_dist_0z7rf41._.js:2477
[   64944ms] [LOG] [Fast Refresh] done in 310ms @ http://localhost:3000/_next/static/chunks/01vs_next_dist_0z7rf41._.js:2477
[   87700ms] [ERROR] WebSocket connection to 'ws://localhost:3000/_next/webpack-hmr?id=YYzvIwqB2QhuUyGW8cumQ' failed:  @ http://localhost:3000/_next/static/chunks/01vs_next_dist_client_10-2.sc._.js:13322
[   88705ms] [ERROR] WebSocket connection to 'ws://localhost:3000/_next/webpack-hmr?id=YYzvIwqB2QhuUyGW8cumQ' failed: Error in connection establishment: net::ERR_CONNECTION_REFUSED @ http://localhost:3000/_next/static/chunks/01vs_next_dist_client_10-2.sc._.js:13322
[   89707ms] [ERROR] WebSocket connection to 'ws://localhost:3000/_next/webpack-hmr?id=YYzvIwqB2QhuUyGW8cumQ' failed: Error in connection establishment: net::ERR_CONNECTION_REFUSED @ http://localhost:3000/_next/static/chunks/01vs_next_dist_client_10-2.sc._.js:13322
[   90709ms] [ERROR] WebSocket connection to 'ws://localhost:3000/_next/webpack-hmr?id=YYzvIwqB2QhuUyGW8cumQ' failed: Error in connection establishment: net::ERR_CONNECTION_REFUSED @ http://localhost:3000/_next/static/chunks/01vs_next_dist_client_10-2.sc._.js:13322
[   91713ms] [ERROR] WebSocket connection to 'ws://localhost:3000/_next/webpack-hmr?id=YYzvIwqB2QhuUyGW8cumQ' failed: Error in connection establishment: net::ERR_CONNECTION_REFUSED @ http://localhost:3000/_next/static/chunks/01vs_next_dist_client_10-2.sc._.js:13322
[   92716ms] [ERROR] WebSocket connection to 'ws://localhost:3000/_next/webpack-hmr?id=YYzvIwqB2QhuUyGW8cumQ' failed: Error in connection establishment: net::ERR_CONNECTION_REFUSED @ http://localhost:3000/_next/static/chunks/01vs_next_dist_client_10-2.sc._.js:13322
[   97724ms] [ERROR] WebSocket connection to 'ws://localhost:3000/_next/webpack-hmr?id=YYzvIwqB2QhuUyGW8cumQ' failed: Error in connection establishment: net::ERR_CONNECTION_REFUSED @ http://localhost:3000/_next/static/chunks/01vs_next_dist_client_10-2.sc._.js:13322
[  102733ms] [ERROR] WebSocket connection to 'ws://localhost:3000/_next/webpack-hmr?id=YYzvIwqB2QhuUyGW8cumQ' failed: Error in connection establishment: net::ERR_CONNECTION_REFUSED @ http://localhost:3000/_next/static/chunks/01vs_next_dist_client_10-2.sc._.js:13322
[  107743ms] [ERROR] WebSocket connection to 'ws://localhost:3000/_next/webpack-hmr?id=YYzvIwqB2QhuUyGW8cumQ' failed: Error in connection establishment: net::ERR_CONNECTION_REFUSED @ http://localhost:3000/_next/static/chunks/01vs_next_dist_client_10-2.sc._.js:13322
[  112786ms] [ERROR] WebSocket connection to 'ws://localhost:3000/_next/webpack-hmr?id=YYzvIwqB2QhuUyGW8cumQ' failed: Error in connection establishment: net::ERR_CONNECTION_REFUSED @ http://localhost:3000/_next/static/chunks/01vs_next_dist_client_10-2.sc._.js:13322
[  117820ms] [ERROR] WebSocket connection to 'ws://localhost:3000/_next/webpack-hmr?id=YYzvIwqB2QhuUyGW8cumQ' failed: Error in connection establishment: net::ERR_CONNECTION_REFUSED @ http://localhost:3000/_next/static/chunks/01vs_next_dist_client_10-2.sc._.js:13322
[  122952ms] [ERROR] WebSocket connection to 'ws://localhost:3000/_next/webpack-hmr?id=YYzvIwqB2QhuUyGW8cumQ' failed: Error in connection establishment: net::ERR_CONNECTION_REFUSED @ http://localhost:3000/_next/static/chunks/01vs_next_dist_client_10-2.sc._.js:13322
[  128105ms] [ERROR] WebSocket connection to 'ws://localhost:3000/_next/webpack-hmr?id=YYzvIwqB2QhuUyGW8cumQ' failed: Error in connection establishment: net::ERR_CONNECTION_REFUSED @ http://localhost:3000/_next/static/chunks/01vs_next_dist_client_10-2.sc._.js:13322
