[      10ms] [WARNING] document.domain mutation is ignored because the surrounding agent cluster is origin-keyed. @ https://medium.com/cavalry-animation:91
[     100ms] [LOG] 
    :#@@@@@@@@@@@@@@@@@@@@@@@@@@@@@@@@@@@@@@@@@@@*:
   :#@@@@@@@@@@@@@@@@@@@@@@@@@@@@@@@@@@@@@@@@@@@@@@@+
  #@@@@@@@@@@@@@@@@@@@@@@@@@@@@@@@@@@@@@@@@@@@@@@@@@@@+
  %@@@@@@@@@#-:::::::%@@@@@@@@@@@@@@-::::::=#@@@@@@@@@+
  %@@@@@@@@@@@:.    .:@@@@@@@@@@@@@+..    -@@@@@@@@@@@+
  %@@@@@@@@@@@:...   .-@@@@@@@@@@@#.-.    =@@@@@@@@@@@+
  %@@@@@@@@@@@:=-..   .*@@@@@@@@@@:=+.    =@@@@@@@@@@%+
  %@@@@@@@@@@@:=@:..   .%@@@@@@@@::@+.    =@@@@@@*:.:-:
  %@@@@@@@@@@@:=@@..    .@@@@@@@=.@@*.    =@@@@=...%@@+
  %@@@@@@@@@@@:=@@#..   .:@@@@@*.%@@*.    =@@@:...*@@@+
  %@@@@@@@@@@@:=@@@+.    .=@@@%.*@@@*.    =@@=....@@@@+
  %@@@@@@@@@@@:=@@@@-..   .*@@:=@@@@*.   .=@@.. ..++++-
  %@@@@@@@@@@@:=@@@@@:..   .%-:@@@@@*.   .=@#.   -@@@@+
  %@@@@@@@@@@@:=@@@@@%..     .@@@@@@*.   .=@#.. ..%@@@+
  %@@@@@@@@@@@:=@@@@@@*..   .%@@@@@@*.   .=@@:.  .:@@@+
  %@@@@@@@@@@@:=@@@@@@@=.. .*@@@@@@@*.   .=@@+... ..+@+
  %@@@@@@@@@@@:=@@@@@@@@:..-@@@@@@@@*.   .=@@@=..   ...
  %@@@@@@@@@@#.:%@@@@@@@@.:@@@@@@@@@-.....:%@@@*:.... 
  %@@@@@@@@@*****#@@@@@@@%@@@@@@@@#+++++++++*@@@@%+-:::
  #@@@@@@@@@@@@@@@@@@@@@@@@@@@@@@@@@@@@@@@@@@@@@@@@@@@+
  *@@@@@@@@@@@@@@@@@@@@@@@@@@@@@@@@@@@@@@@@@@@@@@@@@@@=
     :#@@@@@@@@@@@@@@@@@@@@@@@@@@@@@@@@@@@@@@@@@@@*:
 @ https://cdn-client.medium.com/lite/static/js/main.7ad11617.js:1
[     100ms] [LOG] We're hiring! https://medium.com/jobs-at-medium/work-at-medium-959d1a85284e @ https://cdn-client.medium.com/lite/static/js/main.7ad11617.js:1
[     518ms] [WARNING] [GSI_LOGGER]: Your client application uses one of the Google One Tap prompt UI status methods that may stop functioning when FedCM becomes mandatory. Refer to the migration guide to update your code accordingly and opt-in to FedCM to test your changes. Learn more: https://developers.google.com/identity/gsi/web/guides/fedcm-migration?s=dc#display_moment and https://developers.google.com/identity/gsi/web/guides/fedcm-migration?s=dc#skipped_moment @ https://accounts.google.com/gsi/client:84
[     632ms] [ERROR] Not signed in with the identity provider. @ https://medium.com/cavalry-animation:0
[   10112ms] [LOG] Download the Apollo DevTools for a better development experience: %s https://chrome.google.com/webstore/detail/apollo-client-developer-t/jdkknkkbebbapilgoeccciglkfbmbnfm @ https://cdn-client.medium.com/lite/static/js/4082.672cd7fc.js:1
[   10249ms] [ERROR] [GSI_LOGGER]: FedCM get() rejects with NetworkError: Error retrieving a token. @ https://accounts.google.com/gsi/client:85
