[     322ms] [ERROR] Failed to load resource: the server responded with a status of 500 (Internal Server Error) @ http://localhost:3000/dashboard/settings:0
[     375ms] [INFO] %cDownload the React DevTools for a better development experience: https://react.dev/link/react-devtools font-weight:bold @ http://localhost:3000/_next/static/chunks/01vs_next_dist_0z7rf41._.js:2477
[     411ms] [LOG] [HMR] connected @ http://localhost:3000/_next/static/chunks/01vs_next_dist_0z7rf41._.js:2477
[     544ms] PrismaClientValidationError: 
Invalid `prisma.user.findUnique()` invocation:

{
  where: {
    clerkId: "user_3ELXF0XCt4lrtlONuljDX3AijFr"
  },
  select: {
    username: true,
    displayName: true,
    location: true,
    age: true,
    bio: true,
    website: true,
    role: true,
    instagram: true,
    linkedin: true,
    twitter: true,
    patreon: true,
    ~~~~~~~
    substack: true,
    playlist: true,
    tags: true,
?   id?: true,
?   clerkId?: true,
?   openToWork?: true,
?   avatarUrl?: true,
?   coverImageUrl?: true,
?   pinnedVideoId?: true,
?   email?: true,
?   createdAt?: true,
?   updatedAt?: true,
?   videos?: true,
?   videoLikes?: true,
?   threads?: true,
?   threadVotes?: true,
?   savedThreads?: true,
?   comments?: true,
?   commentVotes?: true,
?   jobs?: true,
?   savedJobs?: true,
?   followers?: true,
?   following?: true,
?   playlists?: true,
?   channels?: true,
?   channelFollows?: true,
?   channelVideosAdded?: true,
?   channelAdmins?: true,
?   events?: true,
?   eventRsvps?: true,
?   savedEvents?: true,
?   shop?: true,
?   savedShops?: true,
?   conversations?: true,
?   sentMessages?: true,
?   notifications?: true,
?   notificationsFrom?: true,
?   _count?: true
  }
}

Unknown field `patreon` for select statement on model `User`. Available options are marked with ?.
    at  SettingsPage (about://React/Server/file:///Users/wonderlust/Developer/frendr/.next/dev/server/chunks/ssr/%255Broot-of-the-server%255D__0z9xwmh._.js?id=%255Bproject%255D%252Fsrc%252Fapp%252F%2528main%2529%252Fdashboard%252Fsettings%252Fpage.tsx+%255Bapp-rsc%255D+%2528ecmascript%2529?0:33:18)
    at resolveErrorDev (http://localhost:3000/_next/static/chunks/01vs_next_dist_compiled_react-server-dom-turbopack_0kj3bu0._.js:1919:105)
    at processFullStringRow (http://localhost:3000/_next/static/chunks/01vs_next_dist_compiled_react-server-dom-turbopack_0kj3bu0._.js:2434:29)
    at processFullBinaryRow (http://localhost:3000/_next/static/chunks/01vs_next_dist_compiled_react-server-dom-turbopack_0kj3bu0._.js:2393:9)
    at processBinaryChunk (http://localhost:3000/_next/static/chunks/01vs_next_dist_compiled_react-server-dom-turbopack_0kj3bu0._.js:2502:221)
    at progress (http://localhost:3000/_next/static/chunks/01vs_next_dist_compiled_react-server-dom-turbopack_0kj3bu0._.js:2689:13)
[     751ms] [WARNING] Clerk: Clerk has been loaded with development keys. Development instances have strict usage limits and should not be used when deploying your application to production. Learn more: https://clerk.com/docs/deployments/overview @ http://localhost:3000/_next/static/chunks/01vs_next_dist_0z7rf41._.js:2477
[    4049ms] [WARNING] The resource http://localhost:3000/images/logo-logotype-new.svg was preloaded using link preload but not used within a few seconds from the window's load event. Please make sure it has an appropriate `as` value and it is preloaded intentionally. @ http://localhost:3000/dashboard/settings:0
[   15071ms] [ERROR] WebSocket connection to 'ws://localhost:3000/_next/webpack-hmr?id=uAwxtMqlOOAzq0Y4CQeZ2' failed: Error in connection establishment: net::ERR_CONNECTION_REFUSED @ http://localhost:3000/_next/static/chunks/01vs_next_dist_client_10-2.sc._.js:13322
[   16074ms] [ERROR] WebSocket connection to 'ws://localhost:3000/_next/webpack-hmr?id=uAwxtMqlOOAzq0Y4CQeZ2' failed: Error in connection establishment: net::ERR_CONNECTION_REFUSED @ http://localhost:3000/_next/static/chunks/01vs_next_dist_client_10-2.sc._.js:13322
[   17077ms] [ERROR] WebSocket connection to 'ws://localhost:3000/_next/webpack-hmr?id=uAwxtMqlOOAzq0Y4CQeZ2' failed: Error in connection establishment: net::ERR_CONNECTION_REFUSED @ http://localhost:3000/_next/static/chunks/01vs_next_dist_client_10-2.sc._.js:13322
[   18080ms] [ERROR] WebSocket connection to 'ws://localhost:3000/_next/webpack-hmr?id=uAwxtMqlOOAzq0Y4CQeZ2' failed: Error in connection establishment: net::ERR_CONNECTION_REFUSED @ http://localhost:3000/_next/static/chunks/01vs_next_dist_client_10-2.sc._.js:13322
[   19083ms] [ERROR] WebSocket connection to 'ws://localhost:3000/_next/webpack-hmr?id=uAwxtMqlOOAzq0Y4CQeZ2' failed: Error in connection establishment: net::ERR_CONNECTION_REFUSED @ http://localhost:3000/_next/static/chunks/01vs_next_dist_client_10-2.sc._.js:13322
[   24196ms] [LOG] [HMR] connected @ http://localhost:3000/_next/static/chunks/01vs_next_dist_0z7rf41._.js:2477
[   25033ms] [INFO] %cDownload the React DevTools for a better development experience: https://react.dev/link/react-devtools font-weight:bold @ http://localhost:3000/_next/static/chunks/01vs_next_dist_0z7rf41._.js:2477
[   25093ms] [LOG] [HMR] connected @ http://localhost:3000/_next/static/chunks/01vs_next_dist_0z7rf41._.js:2477
[   25266ms] [WARNING] Image with src "http://localhost:3000/images/logo-symbol.svg" has either width or height modified, but not the other. If you use CSS to change the size of your image, also include the styles 'width: "auto"' or 'height: "auto"' to maintain the aspect ratio. @ http://localhost:3000/_next/static/chunks/01vs_next_dist_0z7rf41._.js:2477
[   25306ms] [WARNING] Clerk: Clerk has been loaded with development keys. Development instances have strict usage limits and should not be used when deploying your application to production. Learn more: https://clerk.com/docs/deployments/overview @ http://localhost:3000/_next/static/chunks/01vs_next_dist_0z7rf41._.js:2477
[   25751ms] [WARNING] Image with src "https://img.clerk.com/eyJ0eXBlIjoicHJveHkiLCJzcmMiOiJodHRwczovL2ltYWdlcy5jbGVyay5kZXYvdXBsb2FkZWQvaW1nXzNFTTlNUzVrTGdJZll3cEsxandYd0ZNRGlscCJ9" was detected as the Largest Contentful Paint (LCP). Please add the `loading="eager"` property if this image is above the fold.
Read more: https://nextjs.org/docs/app/api-reference/components/image#loading @ http://localhost:3000/_next/static/chunks/01vs_next_dist_0z7rf41._.js:2477
