[     535ms] [INFO] %cDownload the React DevTools for a better development experience: https://react.dev/link/react-devtools font-weight:bold @ http://localhost:3000/_next/static/chunks/01vs_next_dist_0z7rf41._.js:2477
[     559ms] [LOG] [HMR] connected @ http://localhost:3000/_next/static/chunks/01vs_next_dist_0z7rf41._.js:2477
[     660ms] [WARNING] Image with src "http://localhost:3000/images/logo-symbol.svg" has either width or height modified, but not the other. If you use CSS to change the size of your image, also include the styles 'width: "auto"' or 'height: "auto"' to maintain the aspect ratio. @ http://localhost:3000/_next/static/chunks/01vs_next_dist_0z7rf41._.js:2477
[     802ms] [WARNING] Clerk: Clerk has been loaded with development keys. Development instances have strict usage limits and should not be used when deploying your application to production. Learn more: https://clerk.com/docs/deployments/overview @ http://localhost:3000/_next/static/chunks/01vs_next_dist_0z7rf41._.js:2477
[  198343ms] [ERROR] Failed to load resource: the server responded with a status of 500 (Internal Server Error) @ http://localhost:3000/api/channels:0
[  198753ms] SyntaxError: Failed to execute 'json' on 'Response': Unexpected end of JSON input
    at submit (http://localhost:3000/_next/static/chunks/src_0-80~n1._.js:246:40)
[  210153ms] [ERROR] Failed to load resource: the server responded with a status of 500 (Internal Server Error) @ http://localhost:3000/api/channels:0
[  210159ms] SyntaxError: Failed to execute 'json' on 'Response': Unexpected end of JSON input
    at submit (http://localhost:3000/_next/static/chunks/src_0-80~n1._.js:246:40)
[  225729ms] [ERROR] Failed to load resource: the server responded with a status of 500 (Internal Server Error) @ http://localhost:3000/api/channels:0
[  225736ms] SyntaxError: Failed to execute 'json' on 'Response': Unexpected end of JSON input
    at submit (http://localhost:3000/_next/static/chunks/src_0-80~n1._.js:246:40)
[  259704ms] [ERROR] Failed to load resource: the server responded with a status of 500 (Internal Server Error) @ http://localhost:3000/api/channels:0
[  259711ms] SyntaxError: Failed to execute 'json' on 'Response': Unexpected end of JSON input
    at submit (http://localhost:3000/_next/static/chunks/src_0-80~n1._.js:246:40)
[  435748ms] [ERROR] WebSocket connection to 'ws://localhost:3000/_next/webpack-hmr?id=Lp__FKfbJ76EWmeLTsMk5' failed: Error in connection establishment: net::ERR_CONNECTION_REFUSED @ http://localhost:3000/_next/static/chunks/01vs_next_dist_client_10-2.sc._.js:13322
[  436750ms] [ERROR] WebSocket connection to 'ws://localhost:3000/_next/webpack-hmr?id=Lp__FKfbJ76EWmeLTsMk5' failed: Error in connection establishment: net::ERR_CONNECTION_REFUSED @ http://localhost:3000/_next/static/chunks/01vs_next_dist_client_10-2.sc._.js:13322
[  437753ms] [ERROR] WebSocket connection to 'ws://localhost:3000/_next/webpack-hmr?id=Lp__FKfbJ76EWmeLTsMk5' failed: Error in connection establishment: net::ERR_CONNECTION_REFUSED @ http://localhost:3000/_next/static/chunks/01vs_next_dist_client_10-2.sc._.js:13322
[  438756ms] [ERROR] WebSocket connection to 'ws://localhost:3000/_next/webpack-hmr?id=Lp__FKfbJ76EWmeLTsMk5' failed: Error in connection establishment: net::ERR_CONNECTION_REFUSED @ http://localhost:3000/_next/static/chunks/01vs_next_dist_client_10-2.sc._.js:13322
[  439760ms] [ERROR] WebSocket connection to 'ws://localhost:3000/_next/webpack-hmr?id=Lp__FKfbJ76EWmeLTsMk5' failed: Error in connection establishment: net::ERR_CONNECTION_REFUSED @ http://localhost:3000/_next/static/chunks/01vs_next_dist_client_10-2.sc._.js:13322
[  444776ms] [LOG] [HMR] connected @ http://localhost:3000/_next/static/chunks/01vs_next_dist_0z7rf41._.js:2477
[  447713ms] [INFO] %cDownload the React DevTools for a better development experience: https://react.dev/link/react-devtools font-weight:bold @ http://localhost:3000/_next/static/chunks/01vs_next_dist_0z7rf41._.js:2477
[  447766ms] [LOG] [HMR] connected @ http://localhost:3000/_next/static/chunks/01vs_next_dist_0z7rf41._.js:2477
[  447968ms] [WARNING] Image with src "http://localhost:3000/images/logo-symbol.svg" has either width or height modified, but not the other. If you use CSS to change the size of your image, also include the styles 'width: "auto"' or 'height: "auto"' to maintain the aspect ratio. @ http://localhost:3000/_next/static/chunks/01vs_next_dist_0z7rf41._.js:2477
[  447972ms] [WARNING] Clerk: Clerk has been loaded with development keys. Development instances have strict usage limits and should not be used when deploying your application to production. Learn more: https://clerk.com/docs/deployments/overview @ http://localhost:3000/_next/static/chunks/01vs_next_dist_0z7rf41._.js:2477
