[     729ms] [INFO] %cDownload the React DevTools for a better development experience: https://react.dev/link/react-devtools font-weight:bold @ http://localhost:3000/_next/static/chunks/01vs_next_dist_0z7rf41._.js:2477
[     750ms] [LOG] [HMR] connected @ http://localhost:3000/_next/static/chunks/01vs_next_dist_0z7rf41._.js:2477
[     789ms] [WARNING] Image with src "http://localhost:3000/images/logo-symbol.svg" has either width or height modified, but not the other. If you use CSS to change the size of your image, also include the styles 'width: "auto"' or 'height: "auto"' to maintain the aspect ratio. @ http://localhost:3000/_next/static/chunks/01vs_next_dist_0z7rf41._.js:2477
[     790ms] [WARNING] Image with src "http://localhost:3000/images/logo-wordmark.svg" has either width or height modified, but not the other. If you use CSS to change the size of your image, also include the styles 'width: "auto"' or 'height: "auto"' to maintain the aspect ratio. @ http://localhost:3000/_next/static/chunks/01vs_next_dist_0z7rf41._.js:2477
[     976ms] [WARNING] Clerk: Clerk has been loaded with development keys. Development instances have strict usage limits and should not be used when deploying your application to production. Learn more: https://clerk.com/docs/deployments/overview @ http://localhost:3000/_next/static/chunks/01vs_next_dist_0z7rf41._.js:2477
[    1401ms] [VERBOSE] [DOM] Input elements should have autocomplete attributes (suggested: "current-password"): (More info: https://goo.gl/9p2vKq) %o @ http://localhost:3000/sign-in?redirect_url=http%3A%2F%2Flocalhost%3A3000%2Fdashboard%2Fchannels:0
[   60560ms] [VERBOSE] [DOM] Input elements should have autocomplete attributes (suggested: "current-password"): (More info: https://goo.gl/9p2vKq) %o @ http://localhost:3000/sign-in/factor-one?redirect_url=http%3A%2F%2Flocalhost%3A3000%2Fdashboard%2Fchannels:0
[   80833ms] [WARNING] Image with src "/images/logo-3d.png" has either width or height modified, but not the other. If you use CSS to change the size of your image, also include the styles 'width: "auto"' or 'height: "auto"' to maintain the aspect ratio. @ http://localhost:3000/_next/static/chunks/01vs_next_dist_0z7rf41._.js:2477
[   80842ms] [WARNING] Image with src "https://videodelivery.net/3b2696f077d0e769ac9b2813876877e7/thumbnails/thumbnail.jpg" has "fill" but is missing "sizes" prop. Please add it to improve page performance. Read more: https://nextjs.org/docs/api-reference/next/image#sizes @ http://localhost:3000/_next/static/chunks/01vs_next_dist_0z7rf41._.js:2477
[   80842ms] [WARNING] Image with src "https://videodelivery.net/7091e379841bf28eab0e59f4355f10ed/thumbnails/thumbnail.jpg" has "fill" but is missing "sizes" prop. Please add it to improve page performance. Read more: https://nextjs.org/docs/api-reference/next/image#sizes @ http://localhost:3000/_next/static/chunks/01vs_next_dist_0z7rf41._.js:2477
[   80843ms] [WARNING] Image with src "https://videodelivery.net/f2bb6fb9317cad488e7ffa6963b39926/thumbnails/thumbnail.jpg" has "fill" but is missing "sizes" prop. Please add it to improve page performance. Read more: https://nextjs.org/docs/api-reference/next/image#sizes @ http://localhost:3000/_next/static/chunks/01vs_next_dist_0z7rf41._.js:2477
[   80845ms] [WARNING] Image with src "https://videodelivery.net/9d192f545911ca0ef3da7d49c69f72c6/thumbnails/thumbnail.jpg" has "fill" but is missing "sizes" prop. Please add it to improve page performance. Read more: https://nextjs.org/docs/api-reference/next/image#sizes @ http://localhost:3000/_next/static/chunks/01vs_next_dist_0z7rf41._.js:2477
[   80846ms] [WARNING] Image with src "https://videodelivery.net/ac5c216b2ab9d970a27be47af24505d2/thumbnails/thumbnail.jpg" has "fill" but is missing "sizes" prop. Please add it to improve page performance. Read more: https://nextjs.org/docs/api-reference/next/image#sizes @ http://localhost:3000/_next/static/chunks/01vs_next_dist_0z7rf41._.js:2477
[   80863ms] [WARNING] Image with src "https://videodelivery.net/3c5400eef9dfe517b10625fd633e44d1/thumbnails/thumbnail.jpg" has "fill" but is missing "sizes" prop. Please add it to improve page performance. Read more: https://nextjs.org/docs/api-reference/next/image#sizes @ http://localhost:3000/_next/static/chunks/01vs_next_dist_0z7rf41._.js:2477
[   80864ms] [WARNING] Image with src "https://videodelivery.net/f0aefd3848d742388dc95db1e2466723/thumbnails/thumbnail.jpg" has "fill" but is missing "sizes" prop. Please add it to improve page performance. Read more: https://nextjs.org/docs/api-reference/next/image#sizes @ http://localhost:3000/_next/static/chunks/01vs_next_dist_0z7rf41._.js:2477
[   80865ms] [WARNING] Image with src "https://videodelivery.net/68de5b1f368d16a9f7f798129d8f25c4/thumbnails/thumbnail.jpg" has "fill" but is missing "sizes" prop. Please add it to improve page performance. Read more: https://nextjs.org/docs/api-reference/next/image#sizes @ http://localhost:3000/_next/static/chunks/01vs_next_dist_0z7rf41._.js:2477
[  103936ms] [VERBOSE] [DOM] Input elements should have autocomplete attributes (suggested: "current-password"): (More info: https://goo.gl/9p2vKq) %o @ http://localhost:3000/sign-in:0
[  107357ms] [ERROR] Failed to load resource: the server responded with a status of 422 () @ https://communal-tortoise-59.clerk.accounts.dev/v1/client/sign_ins/sia_3ER6ltApVJJ9UFOXu3NfwTSnYMg/attempt_second_factor?__clerk_api_version=2025-11-10&_clerk_js_version=6.12.1&__clerk_db_jwt=dvb_3ER5rwbcELmpMDoiW5zgjU47WFE:0
[  128776ms] [LOG] [Fast Refresh] rebuilding @ http://localhost:3000/_next/static/chunks/01vs_next_dist_0z7rf41._.js:2477
[  128804ms] [LOG] [Fast Refresh] done in 129ms @ http://localhost:3000/_next/static/chunks/01vs_next_dist_0z7rf41._.js:2477
[  136090ms] [LOG] [Fast Refresh] rebuilding @ http://localhost:3000/_next/static/chunks/01vs_next_dist_0z7rf41._.js:2477
[  136149ms] [LOG] [Fast Refresh] done in 160ms @ http://localhost:3000/_next/static/chunks/01vs_next_dist_0z7rf41._.js:2477
[  156310ms] [LOG] [Fast Refresh] rebuilding @ http://localhost:3000/_next/static/chunks/01vs_next_dist_0z7rf41._.js:2477
[  156369ms] [LOG] [Fast Refresh] done in 160ms @ http://localhost:3000/_next/static/chunks/01vs_next_dist_0z7rf41._.js:2477
[  159974ms] [LOG] [Fast Refresh] rebuilding @ http://localhost:3000/_next/static/chunks/01vs_next_dist_0z7rf41._.js:2477
[  160058ms] [LOG] [Fast Refresh] done in 184ms @ http://localhost:3000/_next/static/chunks/01vs_next_dist_0z7rf41._.js:2477
[  174424ms] [LOG] [Fast Refresh] rebuilding @ http://localhost:3000/_next/static/chunks/01vs_next_dist_0z7rf41._.js:2477
[  174966ms] [LOG] [Fast Refresh] done in 643ms @ http://localhost:3000/_next/static/chunks/01vs_next_dist_0z7rf41._.js:2477
[  624603ms] [LOG] [Fast Refresh] rebuilding @ http://localhost:3000/_next/static/chunks/01vs_next_dist_0z7rf41._.js:2477
[  624684ms] [LOG] [Fast Refresh] done in 154ms @ http://localhost:3000/_next/static/chunks/01vs_next_dist_0z7rf41._.js:2477
[  637462ms] [LOG] [Fast Refresh] rebuilding @ http://localhost:3000/_next/static/chunks/01vs_next_dist_0z7rf41._.js:2477
[  637633ms] [LOG] [Fast Refresh] done in 269ms @ http://localhost:3000/_next/static/chunks/01vs_next_dist_0z7rf41._.js:2477
[  637736ms] [LOG] [Fast Refresh] rebuilding @ http://localhost:3000/_next/static/chunks/01vs_next_dist_0z7rf41._.js:2477
[  637944ms] [LOG] [Fast Refresh] done in 309ms @ http://localhost:3000/_next/static/chunks/01vs_next_dist_0z7rf41._.js:2477
