[    1498ms] [INFO] %cDownload the React DevTools for a better development experience: https://react.dev/link/react-devtools font-weight:bold @ http://localhost:3000/_next/static/chunks/01vs_next_dist_0z7rf41._.js:2477
[    1527ms] [LOG] [HMR] connected @ http://localhost:3000/_next/static/chunks/01vs_next_dist_0z7rf41._.js:2477
[    1702ms] [WARNING] Image with src "http://localhost:3000/images/logo-symbol.svg" has either width or height modified, but not the other. If you use CSS to change the size of your image, also include the styles 'width: "auto"' or 'height: "auto"' to maintain the aspect ratio. @ http://localhost:3000/_next/static/chunks/01vs_next_dist_0z7rf41._.js:2477
[    1704ms] [WARNING] Image with src "/images/logo-3d.png" has either width or height modified, but not the other. If you use CSS to change the size of your image, also include the styles 'width: "auto"' or 'height: "auto"' to maintain the aspect ratio. @ http://localhost:3000/_next/static/chunks/01vs_next_dist_0z7rf41._.js:2477
[    1710ms] [WARNING] Image with src "https://pub-9e57cf70d1094d95a60948a06cea6cb6.r2.dev/channels/covers/user_3ELXF0XCt4lrtlONuljDX3AijFr-1780149183669.jpg" has "fill" but is missing "sizes" prop. Please add it to improve page performance. Read more: https://nextjs.org/docs/api-reference/next/image#sizes @ http://localhost:3000/_next/static/chunks/01vs_next_dist_0z7rf41._.js:2477
[    1714ms] [WARNING] Image with src "https://pub-9e57cf70d1094d95a60948a06cea6cb6.r2.dev/channels/covers/user_3ELXF0XCt4lrtlONuljDX3AijFr-1780148290681.jpg" has "fill" but is missing "sizes" prop. Please add it to improve page performance. Read more: https://nextjs.org/docs/api-reference/next/image#sizes @ http://localhost:3000/_next/static/chunks/01vs_next_dist_0z7rf41._.js:2477
[    1719ms] [WARNING] Image with src "https://pub-9e57cf70d1094d95a60948a06cea6cb6.r2.dev/channels/covers/user_3ELXF0XCt4lrtlONuljDX3AijFr-1780148407420.jpg" has "fill" but is missing "sizes" prop. Please add it to improve page performance. Read more: https://nextjs.org/docs/api-reference/next/image#sizes @ http://localhost:3000/_next/static/chunks/01vs_next_dist_0z7rf41._.js:2477
[    1723ms] [WARNING] Image with src "https://videodelivery.net/3b2696f077d0e769ac9b2813876877e7/thumbnails/thumbnail.jpg" has "fill" but is missing "sizes" prop. Please add it to improve page performance. Read more: https://nextjs.org/docs/api-reference/next/image#sizes @ http://localhost:3000/_next/static/chunks/01vs_next_dist_0z7rf41._.js:2477
[    1725ms] [WARNING] Image with src "https://videodelivery.net/7091e379841bf28eab0e59f4355f10ed/thumbnails/thumbnail.jpg" has "fill" but is missing "sizes" prop. Please add it to improve page performance. Read more: https://nextjs.org/docs/api-reference/next/image#sizes @ http://localhost:3000/_next/static/chunks/01vs_next_dist_0z7rf41._.js:2477
[    1726ms] [WARNING] Image with src "https://videodelivery.net/f2bb6fb9317cad488e7ffa6963b39926/thumbnails/thumbnail.jpg" has "fill" but is missing "sizes" prop. Please add it to improve page performance. Read more: https://nextjs.org/docs/api-reference/next/image#sizes @ http://localhost:3000/_next/static/chunks/01vs_next_dist_0z7rf41._.js:2477
[    1727ms] [WARNING] Image with src "https://videodelivery.net/9d192f545911ca0ef3da7d49c69f72c6/thumbnails/thumbnail.jpg" has "fill" but is missing "sizes" prop. Please add it to improve page performance. Read more: https://nextjs.org/docs/api-reference/next/image#sizes @ http://localhost:3000/_next/static/chunks/01vs_next_dist_0z7rf41._.js:2477
[    1728ms] [WARNING] Image with src "https://videodelivery.net/ac5c216b2ab9d970a27be47af24505d2/thumbnails/thumbnail.jpg" has "fill" but is missing "sizes" prop. Please add it to improve page performance. Read more: https://nextjs.org/docs/api-reference/next/image#sizes @ http://localhost:3000/_next/static/chunks/01vs_next_dist_0z7rf41._.js:2477
[    1729ms] [WARNING] Image with src "https://videodelivery.net/3c5400eef9dfe517b10625fd633e44d1/thumbnails/thumbnail.jpg" has "fill" but is missing "sizes" prop. Please add it to improve page performance. Read more: https://nextjs.org/docs/api-reference/next/image#sizes @ http://localhost:3000/_next/static/chunks/01vs_next_dist_0z7rf41._.js:2477
[    1729ms] [WARNING] Image with src "https://videodelivery.net/f0aefd3848d742388dc95db1e2466723/thumbnails/thumbnail.jpg" has "fill" but is missing "sizes" prop. Please add it to improve page performance. Read more: https://nextjs.org/docs/api-reference/next/image#sizes @ http://localhost:3000/_next/static/chunks/01vs_next_dist_0z7rf41._.js:2477
[    1731ms] [WARNING] Image with src "https://videodelivery.net/68de5b1f368d16a9f7f798129d8f25c4/thumbnails/thumbnail.jpg" has "fill" but is missing "sizes" prop. Please add it to improve page performance. Read more: https://nextjs.org/docs/api-reference/next/image#sizes @ http://localhost:3000/_next/static/chunks/01vs_next_dist_0z7rf41._.js:2477
[    1896ms] [WARNING] Clerk: Clerk has been loaded with development keys. Development instances have strict usage limits and should not be used when deploying your application to production. Learn more: https://clerk.com/docs/deployments/overview @ http://localhost:3000/_next/static/chunks/01vs_next_dist_0z7rf41._.js:2477
[    4883ms] [LOG] [Fast Refresh] rebuilding @ http://localhost:3000/_next/static/chunks/01vs_next_dist_0z7rf41._.js:2477
[    4904ms] [LOG] [Fast Refresh] done in 123ms @ http://localhost:3000/_next/static/chunks/01vs_next_dist_0z7rf41._.js:2477
[  141810ms] [WARNING] Image with src "http://localhost:3000/images/logo-wordmark.svg" has either width or height modified, but not the other. If you use CSS to change the size of your image, also include the styles 'width: "auto"' or 'height: "auto"' to maintain the aspect ratio. @ http://localhost:3000/_next/static/chunks/01vs_next_dist_0z7rf41._.js:2477
[  142002ms] [VERBOSE] [DOM] Input elements should have autocomplete attributes (suggested: "current-password"): (More info: https://goo.gl/9p2vKq) %o @ http://localhost:3000/sign-in:0
[  157774ms] [VERBOSE] [DOM] Input elements should have autocomplete attributes (suggested: "current-password"): (More info: https://goo.gl/9p2vKq) %o @ http://localhost:3000/sign-in:0
[  359355ms] [LOG] [Fast Refresh] rebuilding @ http://localhost:3000/_next/static/chunks/01vs_next_dist_0z7rf41._.js:2477
[  359456ms] [LOG] [Fast Refresh] done in 178ms @ http://localhost:3000/_next/static/chunks/01vs_next_dist_0z7rf41._.js:2477
[  359563ms] [LOG] [Fast Refresh] rebuilding @ http://localhost:3000/_next/static/chunks/01vs_next_dist_0z7rf41._.js:2477
[  359770ms] [LOG] [Fast Refresh] done in 307ms @ http://localhost:3000/_next/static/chunks/01vs_next_dist_0z7rf41._.js:2477
[  359904ms] [LOG] [Fast Refresh] rebuilding @ http://localhost:3000/_next/static/chunks/01vs_next_dist_0z7rf41._.js:2477
[  359948ms] [LOG] [Fast Refresh] done in 144ms @ http://localhost:3000/_next/static/chunks/01vs_next_dist_0z7rf41._.js:2477
