[    2027ms] [INFO] %cDownload the React DevTools for a better development experience: https://react.dev/link/react-devtools font-weight:bold @ http://localhost:3000/_next/static/chunks/01vs_next_dist_0z7rf41._.js:2477
[    2131ms] [LOG] [HMR] connected @ http://localhost:3000/_next/static/chunks/01vs_next_dist_0z7rf41._.js:2477
[    2237ms] [WARNING] Image with src "http://localhost:3000/images/logo-wordmark.svg" has either width or height modified, but not the other. If you use CSS to change the size of your image, also include the styles 'width: "auto"' or 'height: "auto"' to maintain the aspect ratio. @ http://localhost:3000/_next/static/chunks/01vs_next_dist_0z7rf41._.js:2477
[    2237ms] [WARNING] Image with src "/images/onboarding-billboard.jpg" has "fill" but is missing "sizes" prop. Please add it to improve page performance. Read more: https://nextjs.org/docs/api-reference/next/image#sizes @ http://localhost:3000/_next/static/chunks/01vs_next_dist_0z7rf41._.js:2477
[    2237ms] [WARNING] Image with src "/images/onboarding-billboard.jpg" has "fill" and parent element with invalid "position". Provided "sticky" should be one of absolute,fixed,relative. @ http://localhost:3000/_next/static/chunks/01vs_next_dist_0z7rf41._.js:2477
[    2408ms] [WARNING] Clerk: Clerk has been loaded with development keys. Development instances have strict usage limits and should not be used when deploying your application to production. Learn more: https://clerk.com/docs/deployments/overview @ http://localhost:3000/_next/static/chunks/01vs_next_dist_0z7rf41._.js:2477
[    2487ms] [LOG] [Fast Refresh] rebuilding @ http://localhost:3000/_next/static/chunks/01vs_next_dist_0z7rf41._.js:2477
[    2569ms] [LOG] [Fast Refresh] done in 183ms @ http://localhost:3000/_next/static/chunks/01vs_next_dist_0z7rf41._.js:2477
[    2788ms] [LOG] [Fast Refresh] rebuilding @ http://localhost:3000/_next/static/chunks/01vs_next_dist_0z7rf41._.js:2477
[    2809ms] [LOG] [Fast Refresh] done in 122ms @ http://localhost:3000/_next/static/chunks/01vs_next_dist_0z7rf41._.js:2477
[    2931ms] [ERROR] Failed to load resource: the server responded with a status of 404 (Not Found) @ http://localhost:3000/api/users/ping:0
[  132477ms] [LOG] [Fast Refresh] rebuilding @ http://localhost:3000/_next/static/chunks/01vs_next_dist_0z7rf41._.js:2477
[  132483ms] [LOG] [Fast Refresh] done in 106ms @ http://localhost:3000/_next/static/chunks/01vs_next_dist_0z7rf41._.js:2477
[  137165ms] [WARNING] Image with src "http://localhost:3000/images/logo-symbol.svg" has either width or height modified, but not the other. If you use CSS to change the size of your image, also include the styles 'width: "auto"' or 'height: "auto"' to maintain the aspect ratio. @ http://localhost:3000/_next/static/chunks/01vs_next_dist_0z7rf41._.js:2477
[  137347ms] [WARNING] Image with src "https://videodelivery.net/7091e379841bf28eab0e59f4355f10ed/thumbnails/thumbnail.jpg" has "fill" but is missing "sizes" prop. Please add it to improve page performance. Read more: https://nextjs.org/docs/api-reference/next/image#sizes @ http://localhost:3000/_next/static/chunks/01vs_next_dist_0z7rf41._.js:2477
[  137347ms] [WARNING] Image with src "https://videodelivery.net/f2bb6fb9317cad488e7ffa6963b39926/thumbnails/thumbnail.jpg" has "fill" but is missing "sizes" prop. Please add it to improve page performance. Read more: https://nextjs.org/docs/api-reference/next/image#sizes @ http://localhost:3000/_next/static/chunks/01vs_next_dist_0z7rf41._.js:2477
[  137347ms] [WARNING] Image with src "https://videodelivery.net/68de5b1f368d16a9f7f798129d8f25c4/thumbnails/thumbnail.jpg" has "fill" but is missing "sizes" prop. Please add it to improve page performance. Read more: https://nextjs.org/docs/api-reference/next/image#sizes @ http://localhost:3000/_next/static/chunks/01vs_next_dist_0z7rf41._.js:2477
[  137347ms] [WARNING] Image with src "https://videodelivery.net/f0aefd3848d742388dc95db1e2466723/thumbnails/thumbnail.jpg" has "fill" but is missing "sizes" prop. Please add it to improve page performance. Read more: https://nextjs.org/docs/api-reference/next/image#sizes @ http://localhost:3000/_next/static/chunks/01vs_next_dist_0z7rf41._.js:2477
[  137347ms] [WARNING] Image with src "https://videodelivery.net/ac5c216b2ab9d970a27be47af24505d2/thumbnails/thumbnail.jpg" has "fill" but is missing "sizes" prop. Please add it to improve page performance. Read more: https://nextjs.org/docs/api-reference/next/image#sizes @ http://localhost:3000/_next/static/chunks/01vs_next_dist_0z7rf41._.js:2477
[  137479ms] [WARNING] Image with src "https://img.clerk.com/eyJ0eXBlIjoicHJveHkiLCJzcmMiOiJodHRwczovL2ltYWdlcy5jbGVyay5kZXYvdXBsb2FkZWQvaW1nXzNFYVdzeGlRM3U0STA5bWwzVTNXZ0x6MGtJdSJ9" has "fill" but is missing "sizes" prop. Please add it to improve page performance. Read more: https://nextjs.org/docs/api-reference/next/image#sizes @ http://localhost:3000/_next/static/chunks/01vs_next_dist_0z7rf41._.js:2477
[  137479ms] [WARNING] Image with src "https://i.vimeocdn.com/video/1919251043-d466d90e3fa5b2d3191ff1a6027a5c8af2490b0e9ac12efaf2a5530b2b429275-d_295x166?region=us" has "fill" but is missing "sizes" prop. Please add it to improve page performance. Read more: https://nextjs.org/docs/api-reference/next/image#sizes @ http://localhost:3000/_next/static/chunks/01vs_next_dist_0z7rf41._.js:2477
[  137486ms] [WARNING] Image with src "https://img.clerk.com/eyJ0eXBlIjoicHJveHkiLCJzcmMiOiJodHRwczovL2ltYWdlcy5jbGVyay5kZXYvdXBsb2FkZWQvaW1nXzNFTTlNUzVrTGdJZll3cEsxandYd0ZNRGlscCJ9" has "fill" but is missing "sizes" prop. Please add it to improve page performance. Read more: https://nextjs.org/docs/api-reference/next/image#sizes @ http://localhost:3000/_next/static/chunks/01vs_next_dist_0z7rf41._.js:2477
[  137491ms] [WARNING] Image with src "https://img.clerk.com/eyJ0eXBlIjoiZGVmYXVsdCIsImlpZCI6Imluc18zRVpHRjZZWnpYSEgza01ReThsMlFUYmxROEoiLCJyaWQiOiJ1c2VyXzNFYUlCZ3U4QlBLVm82VXJ4SHFLWGw4azV6VyJ9" has "fill" but is missing "sizes" prop. Please add it to improve page performance. Read more: https://nextjs.org/docs/api-reference/next/image#sizes @ http://localhost:3000/_next/static/chunks/01vs_next_dist_0z7rf41._.js:2477
[  137498ms] [WARNING] Image with src "https://pub-9e57cf70d1094d95a60948a06cea6cb6.r2.dev/channels/covers/user_3ELXF0XCt4lrtlONuljDX3AijFr-1780148290681.jpg" has "fill" but is missing "sizes" prop. Please add it to improve page performance. Read more: https://nextjs.org/docs/api-reference/next/image#sizes @ http://localhost:3000/_next/static/chunks/01vs_next_dist_0z7rf41._.js:2477
[  137509ms] [WARNING] Image with src "https://pub-9e57cf70d1094d95a60948a06cea6cb6.r2.dev/channels/covers/user_3EXz8PIObv7vLXFog09UKnsMMcA-1780339734774.png" has "fill" but is missing "sizes" prop. Please add it to improve page performance. Read more: https://nextjs.org/docs/api-reference/next/image#sizes @ http://localhost:3000/_next/static/chunks/01vs_next_dist_0z7rf41._.js:2477
[  137509ms] [WARNING] Image with src "https://img.clerk.com/eyJ0eXBlIjoiZGVmYXVsdCIsImlpZCI6Imluc18zRVpHRjZZWnpYSEgza01ReThsMlFUYmxROEoiLCJyaWQiOiJ1c2VyXzNFYjVlbTNuZjVjamZtTFlJUDhhcDZBVVhUQyJ9" has "fill" but is missing "sizes" prop. Please add it to improve page performance. Read more: https://nextjs.org/docs/api-reference/next/image#sizes @ http://localhost:3000/_next/static/chunks/01vs_next_dist_0z7rf41._.js:2477
[  137554ms] [WARNING] Image with src "https://img.clerk.com/eyJ0eXBlIjoiZGVmYXVsdCIsImlpZCI6Imluc18zRVpHRjZZWnpYSEgza01ReThsMlFUYmxROEoiLCJyaWQiOiJ1c2VyXzNFYVh2cTJCNFRjSkpVQ0RGVFVOVGNCdWZ2cCJ9" has "fill" but is missing "sizes" prop. Please add it to improve page performance. Read more: https://nextjs.org/docs/api-reference/next/image#sizes @ http://localhost:3000/_next/static/chunks/01vs_next_dist_0z7rf41._.js:2477
[  137630ms] [WARNING] Image with src "https://img.clerk.com/eyJ0eXBlIjoiZGVmYXVsdCIsImlpZCI6Imluc18zRVpHRjZZWnpYSEgza01ReThsMlFUYmxROEoiLCJyaWQiOiJ1c2VyXzNFYXFRbjRMVEhxUko4QnFaNWtnU3lMZ1ZoaiJ9" has "fill" but is missing "sizes" prop. Please add it to improve page performance. Read more: https://nextjs.org/docs/api-reference/next/image#sizes @ http://localhost:3000/_next/static/chunks/01vs_next_dist_0z7rf41._.js:2477
[  137917ms] [WARNING] Image with src "https://img.clerk.com/eyJ0eXBlIjoicHJveHkiLCJzcmMiOiJodHRwczovL2ltYWdlcy5jbGVyay5kZXYvdXBsb2FkZWQvaW1nXzNFYVZzYU93SFVIVldnajg3N2M3aTlyQ2pHeiJ9" has "fill" but is missing "sizes" prop. Please add it to improve page performance. Read more: https://nextjs.org/docs/api-reference/next/image#sizes @ http://localhost:3000/_next/static/chunks/01vs_next_dist_0z7rf41._.js:2477
[  137939ms] [WARNING] Image with src "https://img.clerk.com/eyJ0eXBlIjoicHJveHkiLCJzcmMiOiJodHRwczovL2ltYWdlcy5jbGVyay5kZXYvdXBsb2FkZWQvaW1nXzNFYkUxZHVmOGhUSVA1WE11SU9jdDF5aUMybCJ9" has "fill" but is missing "sizes" prop. Please add it to improve page performance. Read more: https://nextjs.org/docs/api-reference/next/image#sizes @ http://localhost:3000/_next/static/chunks/01vs_next_dist_0z7rf41._.js:2477
[  137983ms] [WARNING] Image with src "https://i.vimeocdn.com/video/1184366289-d393368ffccf461948af8c35fd99ce6a30a210a06d27c20960754a2c892308b7-d_295x166?region=us" has "fill" but is missing "sizes" prop. Please add it to improve page performance. Read more: https://nextjs.org/docs/api-reference/next/image#sizes @ http://localhost:3000/_next/static/chunks/01vs_next_dist_0z7rf41._.js:2477
[  137999ms] [WARNING] Image with src "https://videodelivery.net/4890fd33f43717fe30d407cd4281840d/thumbnails/thumbnail.jpg" has "fill" but is missing "sizes" prop. Please add it to improve page performance. Read more: https://nextjs.org/docs/api-reference/next/image#sizes @ http://localhost:3000/_next/static/chunks/01vs_next_dist_0z7rf41._.js:2477
[  138014ms] [WARNING] Image with src "https://pub-9e57cf70d1094d95a60948a06cea6cb6.r2.dev/videos/thumbnails/user_3ELXF0XCt4lrtlONuljDX3AijFr-1780249796637.png" has "fill" but is missing "sizes" prop. Please add it to improve page performance. Read more: https://nextjs.org/docs/api-reference/next/image#sizes @ http://localhost:3000/_next/static/chunks/01vs_next_dist_0z7rf41._.js:2477
[  138015ms] [WARNING] Image with src "https://i.vimeocdn.com/video/666069685-b8830d1617363db0055a21e24423e90026a79403f7a9603ca22981bdc7671ccb-d_640?region=us" has "fill" but is missing "sizes" prop. Please add it to improve page performance. Read more: https://nextjs.org/docs/api-reference/next/image#sizes @ http://localhost:3000/_next/static/chunks/01vs_next_dist_0z7rf41._.js:2477
[  138019ms] [WARNING] Image with src "https://videodelivery.net/3b2696f077d0e769ac9b2813876877e7/thumbnails/thumbnail.jpg" has "fill" but is missing "sizes" prop. Please add it to improve page performance. Read more: https://nextjs.org/docs/api-reference/next/image#sizes @ http://localhost:3000/_next/static/chunks/01vs_next_dist_0z7rf41._.js:2477
[  138152ms] [WARNING] Image with src "https://i.vimeocdn.com/video/1512734666-bb2a6bbfb419bfbd655768be99d65590ae49d1bb211d19c942d043ffd915c20f-d_295x166?region=us" has "fill" but is missing "sizes" prop. Please add it to improve page performance. Read more: https://nextjs.org/docs/api-reference/next/image#sizes @ http://localhost:3000/_next/static/chunks/01vs_next_dist_0z7rf41._.js:2477
[  138306ms] [WARNING] Image with src "https://i.vimeocdn.com/video/2070936605-fefc237aa8ec024fd7f473c5b276d3e788db161f295d50dbe38f62015f26b76a-d_295x166?region=us" has "fill" but is missing "sizes" prop. Please add it to improve page performance. Read more: https://nextjs.org/docs/api-reference/next/image#sizes @ http://localhost:3000/_next/static/chunks/01vs_next_dist_0z7rf41._.js:2477
[ 1075637ms] [LOG] [HMR] connected @ http://localhost:3000/_next/static/chunks/01vs_next_dist_0z7rf41._.js:2477
[ 3080324ms] [LOG] [Fast Refresh] rebuilding @ http://localhost:3000/_next/static/chunks/01vs_next_dist_0z7rf41._.js:2477
[ 3080375ms] [LOG] [Fast Refresh] done in 152ms @ http://localhost:3000/_next/static/chunks/01vs_next_dist_0z7rf41._.js:2477
[ 3084453ms] [LOG] [Fast Refresh] rebuilding @ http://localhost:3000/_next/static/chunks/01vs_next_dist_0z7rf41._.js:2477
[ 3084680ms] [LOG] [Fast Refresh] done in 325ms @ http://localhost:3000/_next/static/chunks/01vs_next_dist_0z7rf41._.js:2477
[ 3085087ms] [LOG] [Fast Refresh] rebuilding @ http://localhost:3000/_next/static/chunks/01vs_next_dist_0z7rf41._.js:2477
[ 3085360ms] [LOG] [Fast Refresh] done in 373ms @ http://localhost:3000/_next/static/chunks/01vs_next_dist_0z7rf41._.js:2477
[ 3096174ms] [LOG] [Fast Refresh] rebuilding @ http://localhost:3000/_next/static/chunks/01vs_next_dist_0z7rf41._.js:2477
[ 3096464ms] [WARNING] [Fast Refresh] performing full reload

Fast Refresh will perform a full reload when you edit a file that's imported by modules outside of the React rendering tree.
You might have a file which exports a React component but also exports a value that is imported by a non-React component file.
Consider migrating the non-React component export to a separate file and importing it into both files.

It is also possible the parent component of the component you edited is a class component, which disables Fast Refresh.
Fast Refresh requires at least one parent function component in your React tree. @ http://localhost:3000/_next/static/chunks/01vs_next_dist_0z7rf41._.js:2477
[ 3097205ms] [LOG] [Fast Refresh] done in 791ms @ http://localhost:3000/_next/static/chunks/01vs_next_dist_0z7rf41._.js:2477
[ 3098695ms] [INFO] %cDownload the React DevTools for a better development experience: https://react.dev/link/react-devtools font-weight:bold @ http://localhost:3000/_next/static/chunks/01vs_next_dist_0z7rf41._.js:2477
[ 3098773ms] [LOG] [HMR] connected @ http://localhost:3000/_next/static/chunks/01vs_next_dist_0z7rf41._.js:2477
[ 3098924ms] [WARNING] Clerk: Clerk has been loaded with development keys. Development instances have strict usage limits and should not be used when deploying your application to production. Learn more: https://clerk.com/docs/deployments/overview @ http://localhost:3000/_next/static/chunks/01vs_next_dist_0z7rf41._.js:2477
[ 3099046ms] [WARNING] Image with src "http://localhost:3000/images/logo-symbol.svg" has either width or height modified, but not the other. If you use CSS to change the size of your image, also include the styles 'width: "auto"' or 'height: "auto"' to maintain the aspect ratio. @ http://localhost:3000/_next/static/chunks/01vs_next_dist_0z7rf41._.js:2477
[ 3099244ms] [LOG] [Fast Refresh] rebuilding @ http://localhost:3000/_next/static/chunks/01vs_next_dist_0z7rf41._.js:2477
[ 3099245ms] [LOG] [Fast Refresh] done in 125ms @ http://localhost:3000/_next/static/chunks/01vs_next_dist_0z7rf41._.js:2477
[ 3099425ms] [LOG] [Fast Refresh] rebuilding @ http://localhost:3000/_next/static/chunks/01vs_next_dist_0z7rf41._.js:2477
[ 3099440ms] [LOG] [Fast Refresh] done in 115ms @ http://localhost:3000/_next/static/chunks/01vs_next_dist_0z7rf41._.js:2477
[ 3107845ms] [LOG] [Fast Refresh] rebuilding @ http://localhost:3000/_next/static/chunks/01vs_next_dist_0z7rf41._.js:2477
[ 3107918ms] [LOG] [Fast Refresh] done in 173ms @ http://localhost:3000/_next/static/chunks/01vs_next_dist_0z7rf41._.js:2477
[ 3114838ms] [LOG] [Fast Refresh] rebuilding @ http://localhost:3000/_next/static/chunks/01vs_next_dist_0z7rf41._.js:2477
[ 3114899ms] [LOG] [Fast Refresh] done in 131ms @ http://localhost:3000/_next/static/chunks/01vs_next_dist_0z7rf41._.js:2477
[ 3122321ms] [LOG] [Fast Refresh] rebuilding @ http://localhost:3000/_next/static/chunks/01vs_next_dist_0z7rf41._.js:2477
[ 3122347ms] [LOG] [Fast Refresh] done in 99ms @ http://localhost:3000/_next/static/chunks/01vs_next_dist_0z7rf41._.js:2477
[ 3132655ms] [LOG] [Fast Refresh] rebuilding @ http://localhost:3000/_next/static/chunks/01vs_next_dist_0z7rf41._.js:2477
[ 3132660ms] [LOG] [Fast Refresh] done in 106ms @ http://localhost:3000/_next/static/chunks/01vs_next_dist_0z7rf41._.js:2477
[ 3184897ms] [LOG] [Fast Refresh] rebuilding @ http://localhost:3000/_next/static/chunks/01vs_next_dist_0z7rf41._.js:2477
[ 3185557ms] [LOG] [Fast Refresh] done in 760ms @ http://localhost:3000/_next/static/chunks/01vs_next_dist_0z7rf41._.js:2477
[ 3209683ms] [LOG] [Fast Refresh] rebuilding @ http://localhost:3000/_next/static/chunks/01vs_next_dist_0z7rf41._.js:2477
[ 3209717ms] [LOG] [Fast Refresh] done in 135ms @ http://localhost:3000/_next/static/chunks/01vs_next_dist_0z7rf41._.js:2477
[ 3296774ms] [LOG] [Fast Refresh] rebuilding @ http://localhost:3000/_next/static/chunks/01vs_next_dist_0z7rf41._.js:2477
[ 3301200ms] [LOG] [Fast Refresh] done in 4526ms @ http://localhost:3000/_next/static/chunks/01vs_next_dist_0z7rf41._.js:2477
[ 3387688ms] [LOG] [Fast Refresh] rebuilding @ http://localhost:3000/_next/static/chunks/01vs_next_dist_0z7rf41._.js:2477
[ 3387756ms] [LOG] [Fast Refresh] done in 169ms @ http://localhost:3000/_next/static/chunks/01vs_next_dist_0z7rf41._.js:2477
[ 3396620ms] [LOG] [Fast Refresh] rebuilding @ http://localhost:3000/_next/static/chunks/01vs_next_dist_0z7rf41._.js:2477
[ 3396626ms] [LOG] [Fast Refresh] done in 106ms @ http://localhost:3000/_next/static/chunks/01vs_next_dist_0z7rf41._.js:2477
[ 3412875ms] [LOG] [Fast Refresh] rebuilding @ http://localhost:3000/_next/static/chunks/01vs_next_dist_0z7rf41._.js:2477
[ 3413139ms] [LOG] [Fast Refresh] done in 364ms @ http://localhost:3000/_next/static/chunks/01vs_next_dist_0z7rf41._.js:2477
[ 3429379ms] [ERROR] Failed to load resource: the server responded with a status of 404 (Not Found) @ http://localhost:3000/api/notifications:0
[ 3429381ms] [ERROR] Failed to load resource: the server responded with a status of 404 (Not Found) @ http://localhost:3000/api/messages/conversations:0
[ 3450093ms] [ERROR] Failed to load resource: the server responded with a status of 404 () @ https://communal-tortoise-59.clerk.accounts.dev/v1/client/sessions/sess_3ERq9XS5MJMZhmr7HesD7a9w08q/tokens?__clerk_api_version=2025-11-10&_clerk_js_version=6.12.1&__clerk_db_jwt=dvb_3ERppu27U1QbQDvoVhIqtqZBt4y:0
[ 3459391ms] [ERROR] Failed to load resource: the server responded with a status of 404 (Not Found) @ http://localhost:3000/api/messages/conversations:0
[ 3459393ms] [ERROR] Failed to load resource: the server responded with a status of 404 (Not Found) @ http://localhost:3000/api/notifications:0
[ 3465507ms] [ERROR] Failed to load resource: the server responded with a status of 404 () @ https://communal-tortoise-59.clerk.accounts.dev/v1/client/sessions/sess_3ERq9XS5MJMZhmr7HesD7a9w08q/tokens?__clerk_api_version=2025-11-10&_clerk_js_version=6.12.1&__clerk_db_jwt=dvb_3ERppu27U1QbQDvoVhIqtqZBt4y:0
[ 3470853ms] [ERROR] Failed to load resource: the server responded with a status of 404 () @ https://communal-tortoise-59.clerk.accounts.dev/v1/client/sessions/sess_3ERq9XS5MJMZhmr7HesD7a9w08q/tokens?__clerk_api_version=2025-11-10&_clerk_js_version=6.12.1&__clerk_db_jwt=dvb_3ERppu27U1QbQDvoVhIqtqZBt4y:0
[ 3476598ms] [ERROR] Failed to load resource: the server responded with a status of 404 () @ https://communal-tortoise-59.clerk.accounts.dev/v1/client/sessions/sess_3ERq9XS5MJMZhmr7HesD7a9w08q/tokens?__clerk_api_version=2025-11-10&_clerk_js_version=6.12.1&__clerk_db_jwt=dvb_3ERppu27U1QbQDvoVhIqtqZBt4y:0
[ 3480285ms] [LOG] [Fast Refresh] rebuilding @ http://localhost:3000/_next/static/chunks/01vs_next_dist_0z7rf41._.js:2477
[ 3481917ms] [LOG] [Fast Refresh] done in 1732ms @ http://localhost:3000/_next/static/chunks/01vs_next_dist_0z7rf41._.js:2477
[ 3482215ms] [LOG] [Fast Refresh] rebuilding @ http://localhost:3000/_next/static/chunks/01vs_next_dist_0z7rf41._.js:2477
[ 3482244ms] [LOG] [Fast Refresh] done in 130ms @ http://localhost:3000/_next/static/chunks/01vs_next_dist_0z7rf41._.js:2477
[ 3482378ms] [ERROR] Failed to load resource: the server responded with a status of 404 () @ https://communal-tortoise-59.clerk.accounts.dev/v1/client/sessions/sess_3ERq9XS5MJMZhmr7HesD7a9w08q/tokens?__clerk_api_version=2025-11-10&_clerk_js_version=6.12.1&__clerk_db_jwt=dvb_3ERppu27U1QbQDvoVhIqtqZBt4y:0
[ 3488092ms] [ERROR] Failed to load resource: the server responded with a status of 404 () @ https://communal-tortoise-59.clerk.accounts.dev/v1/client/sessions/sess_3ERq9XS5MJMZhmr7HesD7a9w08q/tokens?__clerk_api_version=2025-11-10&_clerk_js_version=6.12.1&__clerk_db_jwt=dvb_3ERppu27U1QbQDvoVhIqtqZBt4y:0
[ 3489443ms] [ERROR] Failed to load resource: the server responded with a status of 401 (Unauthorized) @ http://localhost:3000/api/messages/conversations:0
[ 3489490ms] [ERROR] Failed to load resource: the server responded with a status of 401 (Unauthorized) @ http://localhost:3000/api/notifications:0
[ 3493588ms] [ERROR] Failed to load resource: the server responded with a status of 404 () @ https://communal-tortoise-59.clerk.accounts.dev/v1/client/sessions/sess_3ERq9XS5MJMZhmr7HesD7a9w08q/tokens?__clerk_api_version=2025-11-10&_clerk_js_version=6.12.1&__clerk_db_jwt=dvb_3ERppu27U1QbQDvoVhIqtqZBt4y:0
[ 3499207ms] [ERROR] Failed to load resource: the server responded with a status of 404 () @ https://communal-tortoise-59.clerk.accounts.dev/v1/client/sessions/sess_3ERq9XS5MJMZhmr7HesD7a9w08q/tokens?__clerk_api_version=2025-11-10&_clerk_js_version=6.12.1&__clerk_db_jwt=dvb_3ERppu27U1QbQDvoVhIqtqZBt4y:0
[ 3505632ms] [ERROR] Failed to load resource: the server responded with a status of 404 () @ https://communal-tortoise-59.clerk.accounts.dev/v1/client/sessions/sess_3ERq9XS5MJMZhmr7HesD7a9w08q/tokens?__clerk_api_version=2025-11-10&_clerk_js_version=6.12.1&__clerk_db_jwt=dvb_3ERppu27U1QbQDvoVhIqtqZBt4y:0
[ 3511642ms] [ERROR] Failed to load resource: the server responded with a status of 404 () @ https://communal-tortoise-59.clerk.accounts.dev/v1/client/sessions/sess_3ERq9XS5MJMZhmr7HesD7a9w08q/tokens?__clerk_api_version=2025-11-10&_clerk_js_version=6.12.1&__clerk_db_jwt=dvb_3ERppu27U1QbQDvoVhIqtqZBt4y:0
[ 3517940ms] [ERROR] Failed to load resource: the server responded with a status of 404 () @ https://communal-tortoise-59.clerk.accounts.dev/v1/client/sessions/sess_3ERq9XS5MJMZhmr7HesD7a9w08q/tokens?__clerk_api_version=2025-11-10&_clerk_js_version=6.12.1&__clerk_db_jwt=dvb_3ERppu27U1QbQDvoVhIqtqZBt4y:0
[ 3519484ms] [ERROR] Failed to load resource: the server responded with a status of 401 (Unauthorized) @ http://localhost:3000/api/messages/conversations:0
[ 3519502ms] [ERROR] Failed to load resource: the server responded with a status of 401 (Unauthorized) @ http://localhost:3000/api/notifications:0
[ 3523392ms] [ERROR] Failed to load resource: the server responded with a status of 404 () @ https://communal-tortoise-59.clerk.accounts.dev/v1/client/sessions/sess_3ERq9XS5MJMZhmr7HesD7a9w08q/tokens?__clerk_api_version=2025-11-10&_clerk_js_version=6.12.1&__clerk_db_jwt=dvb_3ERppu27U1QbQDvoVhIqtqZBt4y:0
[ 3529221ms] [ERROR] Failed to load resource: the server responded with a status of 404 () @ https://communal-tortoise-59.clerk.accounts.dev/v1/client/sessions/sess_3ERq9XS5MJMZhmr7HesD7a9w08q/tokens?__clerk_api_version=2025-11-10&_clerk_js_version=6.12.1&__clerk_db_jwt=dvb_3ERppu27U1QbQDvoVhIqtqZBt4y:0
[ 3535880ms] [ERROR] Failed to load resource: the server responded with a status of 404 () @ https://communal-tortoise-59.clerk.accounts.dev/v1/client/sessions/sess_3ERq9XS5MJMZhmr7HesD7a9w08q/tokens?__clerk_api_version=2025-11-10&_clerk_js_version=6.12.1&__clerk_db_jwt=dvb_3ERppu27U1QbQDvoVhIqtqZBt4y:0
[ 3542329ms] [ERROR] Failed to load resource: the server responded with a status of 404 () @ https://communal-tortoise-59.clerk.accounts.dev/v1/client/sessions/sess_3ERq9XS5MJMZhmr7HesD7a9w08q/tokens?__clerk_api_version=2025-11-10&_clerk_js_version=6.12.1&__clerk_db_jwt=dvb_3ERppu27U1QbQDvoVhIqtqZBt4y:0
[ 3548592ms] [ERROR] Failed to load resource: the server responded with a status of 404 () @ https://communal-tortoise-59.clerk.accounts.dev/v1/client/sessions/sess_3ERq9XS5MJMZhmr7HesD7a9w08q/tokens?__clerk_api_version=2025-11-10&_clerk_js_version=6.12.1&__clerk_db_jwt=dvb_3ERppu27U1QbQDvoVhIqtqZBt4y:0
[ 3549488ms] [ERROR] Failed to load resource: the server responded with a status of 401 (Unauthorized) @ http://localhost:3000/api/messages/conversations:0
[ 3549510ms] [ERROR] Failed to load resource: the server responded with a status of 401 (Unauthorized) @ http://localhost:3000/api/notifications:0
[ 3554965ms] [ERROR] Failed to load resource: the server responded with a status of 404 () @ https://communal-tortoise-59.clerk.accounts.dev/v1/client/sessions/sess_3ERq9XS5MJMZhmr7HesD7a9w08q/tokens?__clerk_api_version=2025-11-10&_clerk_js_version=6.12.1&__clerk_db_jwt=dvb_3ERppu27U1QbQDvoVhIqtqZBt4y:0
[ 3560182ms] [ERROR] Failed to load resource: the server responded with a status of 404 () @ https://communal-tortoise-59.clerk.accounts.dev/v1/client/sessions/sess_3ERq9XS5MJMZhmr7HesD7a9w08q/tokens?__clerk_api_version=2025-11-10&_clerk_js_version=6.12.1&__clerk_db_jwt=dvb_3ERppu27U1QbQDvoVhIqtqZBt4y:0
[ 3565879ms] [ERROR] Failed to load resource: the server responded with a status of 404 () @ https://communal-tortoise-59.clerk.accounts.dev/v1/client/sessions/sess_3ERq9XS5MJMZhmr7HesD7a9w08q/tokens?__clerk_api_version=2025-11-10&_clerk_js_version=6.12.1&__clerk_db_jwt=dvb_3ERppu27U1QbQDvoVhIqtqZBt4y:0
[ 3572197ms] [ERROR] Failed to load resource: the server responded with a status of 404 () @ https://communal-tortoise-59.clerk.accounts.dev/v1/client/sessions/sess_3ERq9XS5MJMZhmr7HesD7a9w08q/tokens?__clerk_api_version=2025-11-10&_clerk_js_version=6.12.1&__clerk_db_jwt=dvb_3ERppu27U1QbQDvoVhIqtqZBt4y:0
[ 3578887ms] [ERROR] Failed to load resource: the server responded with a status of 404 () @ https://communal-tortoise-59.clerk.accounts.dev/v1/client/sessions/sess_3ERq9XS5MJMZhmr7HesD7a9w08q/tokens?__clerk_api_version=2025-11-10&_clerk_js_version=6.12.1&__clerk_db_jwt=dvb_3ERppu27U1QbQDvoVhIqtqZBt4y:0
[ 3579479ms] [ERROR] Failed to load resource: the server responded with a status of 401 (Unauthorized) @ http://localhost:3000/api/notifications:0
[ 3579489ms] [ERROR] Failed to load resource: the server responded with a status of 401 (Unauthorized) @ http://localhost:3000/api/messages/conversations:0
[ 3585251ms] [ERROR] Failed to load resource: the server responded with a status of 404 () @ https://communal-tortoise-59.clerk.accounts.dev/v1/client/sessions/sess_3ERq9XS5MJMZhmr7HesD7a9w08q/tokens?__clerk_api_version=2025-11-10&_clerk_js_version=6.12.1&__clerk_db_jwt=dvb_3ERppu27U1QbQDvoVhIqtqZBt4y:0
[ 3591353ms] [ERROR] Failed to load resource: the server responded with a status of 404 () @ https://communal-tortoise-59.clerk.accounts.dev/v1/client/sessions/sess_3ERq9XS5MJMZhmr7HesD7a9w08q/tokens?__clerk_api_version=2025-11-10&_clerk_js_version=6.12.1&__clerk_db_jwt=dvb_3ERppu27U1QbQDvoVhIqtqZBt4y:0
[ 3596886ms] [ERROR] Failed to load resource: the server responded with a status of 404 () @ https://communal-tortoise-59.clerk.accounts.dev/v1/client/sessions/sess_3ERq9XS5MJMZhmr7HesD7a9w08q/tokens?__clerk_api_version=2025-11-10&_clerk_js_version=6.12.1&__clerk_db_jwt=dvb_3ERppu27U1QbQDvoVhIqtqZBt4y:0
[ 3603391ms] [ERROR] Failed to load resource: the server responded with a status of 404 () @ https://communal-tortoise-59.clerk.accounts.dev/v1/client/sessions/sess_3ERq9XS5MJMZhmr7HesD7a9w08q/tokens?__clerk_api_version=2025-11-10&_clerk_js_version=6.12.1&__clerk_db_jwt=dvb_3ERppu27U1QbQDvoVhIqtqZBt4y:0
[ 3609502ms] [ERROR] Failed to load resource: the server responded with a status of 401 (Unauthorized) @ http://localhost:3000/api/messages/conversations:0
[ 3609516ms] [ERROR] Failed to load resource: the server responded with a status of 401 (Unauthorized) @ http://localhost:3000/api/notifications:0
[ 3609586ms] [ERROR] Failed to load resource: the server responded with a status of 404 () @ https://communal-tortoise-59.clerk.accounts.dev/v1/client/sessions/sess_3ERq9XS5MJMZhmr7HesD7a9w08q/tokens?__clerk_api_version=2025-11-10&_clerk_js_version=6.12.1&__clerk_db_jwt=dvb_3ERppu27U1QbQDvoVhIqtqZBt4y:0
[ 3615910ms] [ERROR] Failed to load resource: the server responded with a status of 404 () @ https://communal-tortoise-59.clerk.accounts.dev/v1/client/sessions/sess_3ERq9XS5MJMZhmr7HesD7a9w08q/tokens?__clerk_api_version=2025-11-10&_clerk_js_version=6.12.1&__clerk_db_jwt=dvb_3ERppu27U1QbQDvoVhIqtqZBt4y:0
[ 3621743ms] [ERROR] Failed to load resource: the server responded with a status of 404 () @ https://communal-tortoise-59.clerk.accounts.dev/v1/client/sessions/sess_3ERq9XS5MJMZhmr7HesD7a9w08q/tokens?__clerk_api_version=2025-11-10&_clerk_js_version=6.12.1&__clerk_db_jwt=dvb_3ERppu27U1QbQDvoVhIqtqZBt4y:0
[ 3627030ms] [ERROR] Failed to load resource: the server responded with a status of 404 () @ https://communal-tortoise-59.clerk.accounts.dev/v1/client/sessions/sess_3ERq9XS5MJMZhmr7HesD7a9w08q/tokens?__clerk_api_version=2025-11-10&_clerk_js_version=6.12.1&__clerk_db_jwt=dvb_3ERppu27U1QbQDvoVhIqtqZBt4y:0
[ 3632399ms] [ERROR] Failed to load resource: the server responded with a status of 404 () @ https://communal-tortoise-59.clerk.accounts.dev/v1/client/sessions/sess_3ERq9XS5MJMZhmr7HesD7a9w08q/tokens?__clerk_api_version=2025-11-10&_clerk_js_version=6.12.1&__clerk_db_jwt=dvb_3ERppu27U1QbQDvoVhIqtqZBt4y:0
[ 3639004ms] [ERROR] Failed to load resource: the server responded with a status of 404 () @ https://communal-tortoise-59.clerk.accounts.dev/v1/client/sessions/sess_3ERq9XS5MJMZhmr7HesD7a9w08q/tokens?__clerk_api_version=2025-11-10&_clerk_js_version=6.12.1&__clerk_db_jwt=dvb_3ERppu27U1QbQDvoVhIqtqZBt4y:0
[ 3639515ms] [ERROR] Failed to load resource: the server responded with a status of 401 (Unauthorized) @ http://localhost:3000/api/messages/conversations:0
[ 3639518ms] [ERROR] Failed to load resource: the server responded with a status of 401 (Unauthorized) @ http://localhost:3000/api/notifications:0
[ 3645259ms] [ERROR] Failed to load resource: the server responded with a status of 404 () @ https://communal-tortoise-59.clerk.accounts.dev/v1/client/sessions/sess_3ERq9XS5MJMZhmr7HesD7a9w08q/tokens?__clerk_api_version=2025-11-10&_clerk_js_version=6.12.1&__clerk_db_jwt=dvb_3ERppu27U1QbQDvoVhIqtqZBt4y:0
[ 3651362ms] [ERROR] Failed to load resource: the server responded with a status of 404 () @ https://communal-tortoise-59.clerk.accounts.dev/v1/client/sessions/sess_3ERq9XS5MJMZhmr7HesD7a9w08q/tokens?__clerk_api_version=2025-11-10&_clerk_js_version=6.12.1&__clerk_db_jwt=dvb_3ERppu27U1QbQDvoVhIqtqZBt4y:0
[ 3657286ms] [ERROR] Failed to load resource: the server responded with a status of 404 () @ https://communal-tortoise-59.clerk.accounts.dev/v1/client/sessions/sess_3ERq9XS5MJMZhmr7HesD7a9w08q/tokens?__clerk_api_version=2025-11-10&_clerk_js_version=6.12.1&__clerk_db_jwt=dvb_3ERppu27U1QbQDvoVhIqtqZBt4y:0
[ 3663458ms] [ERROR] Failed to load resource: the server responded with a status of 404 () @ https://communal-tortoise-59.clerk.accounts.dev/v1/client/sessions/sess_3ERq9XS5MJMZhmr7HesD7a9w08q/tokens?__clerk_api_version=2025-11-10&_clerk_js_version=6.12.1&__clerk_db_jwt=dvb_3ERppu27U1QbQDvoVhIqtqZBt4y:0
[ 3669213ms] [ERROR] Failed to load resource: the server responded with a status of 404 () @ https://communal-tortoise-59.clerk.accounts.dev/v1/client/sessions/sess_3ERq9XS5MJMZhmr7HesD7a9w08q/tokens?__clerk_api_version=2025-11-10&_clerk_js_version=6.12.1&__clerk_db_jwt=dvb_3ERppu27U1QbQDvoVhIqtqZBt4y:0
[ 3669483ms] [ERROR] Failed to load resource: the server responded with a status of 401 (Unauthorized) @ http://localhost:3000/api/messages/conversations:0
[ 3669501ms] [ERROR] Failed to load resource: the server responded with a status of 401 (Unauthorized) @ http://localhost:3000/api/notifications:0
[ 3675743ms] [ERROR] Failed to load resource: the server responded with a status of 404 () @ https://communal-tortoise-59.clerk.accounts.dev/v1/client/sessions/sess_3ERq9XS5MJMZhmr7HesD7a9w08q/tokens?__clerk_api_version=2025-11-10&_clerk_js_version=6.12.1&__clerk_db_jwt=dvb_3ERppu27U1QbQDvoVhIqtqZBt4y:0
[ 3682352ms] [ERROR] Failed to load resource: the server responded with a status of 404 () @ https://communal-tortoise-59.clerk.accounts.dev/v1/client/sessions/sess_3ERq9XS5MJMZhmr7HesD7a9w08q/tokens?__clerk_api_version=2025-11-10&_clerk_js_version=6.12.1&__clerk_db_jwt=dvb_3ERppu27U1QbQDvoVhIqtqZBt4y:0
[ 3688738ms] [ERROR] Failed to load resource: the server responded with a status of 404 () @ https://communal-tortoise-59.clerk.accounts.dev/v1/client/sessions/sess_3ERq9XS5MJMZhmr7HesD7a9w08q/tokens?__clerk_api_version=2025-11-10&_clerk_js_version=6.12.1&__clerk_db_jwt=dvb_3ERppu27U1QbQDvoVhIqtqZBt4y:0
[ 3693987ms] [ERROR] Failed to load resource: the server responded with a status of 404 () @ https://communal-tortoise-59.clerk.accounts.dev/v1/client/sessions/sess_3ERq9XS5MJMZhmr7HesD7a9w08q/tokens?__clerk_api_version=2025-11-10&_clerk_js_version=6.12.1&__clerk_db_jwt=dvb_3ERppu27U1QbQDvoVhIqtqZBt4y:0
[ 3699289ms] [ERROR] Failed to load resource: the server responded with a status of 404 () @ https://communal-tortoise-59.clerk.accounts.dev/v1/client/sessions/sess_3ERq9XS5MJMZhmr7HesD7a9w08q/tokens?__clerk_api_version=2025-11-10&_clerk_js_version=6.12.1&__clerk_db_jwt=dvb_3ERppu27U1QbQDvoVhIqtqZBt4y:0
[ 3699536ms] [ERROR] Failed to load resource: the server responded with a status of 401 (Unauthorized) @ http://localhost:3000/api/messages/conversations:0
[ 3699538ms] [ERROR] Failed to load resource: the server responded with a status of 401 (Unauthorized) @ http://localhost:3000/api/notifications:0
[ 3705808ms] [ERROR] Failed to load resource: the server responded with a status of 404 () @ https://communal-tortoise-59.clerk.accounts.dev/v1/client/sessions/sess_3ERq9XS5MJMZhmr7HesD7a9w08q/tokens?__clerk_api_version=2025-11-10&_clerk_js_version=6.12.1&__clerk_db_jwt=dvb_3ERppu27U1QbQDvoVhIqtqZBt4y:0
[ 3712128ms] [ERROR] Failed to load resource: the server responded with a status of 404 () @ https://communal-tortoise-59.clerk.accounts.dev/v1/client/sessions/sess_3ERq9XS5MJMZhmr7HesD7a9w08q/tokens?__clerk_api_version=2025-11-10&_clerk_js_version=6.12.1&__clerk_db_jwt=dvb_3ERppu27U1QbQDvoVhIqtqZBt4y:0
[ 3717826ms] [ERROR] Failed to load resource: the server responded with a status of 404 () @ https://communal-tortoise-59.clerk.accounts.dev/v1/client/sessions/sess_3ERq9XS5MJMZhmr7HesD7a9w08q/tokens?__clerk_api_version=2025-11-10&_clerk_js_version=6.12.1&__clerk_db_jwt=dvb_3ERppu27U1QbQDvoVhIqtqZBt4y:0
[ 3724334ms] [ERROR] Failed to load resource: the server responded with a status of 404 () @ https://communal-tortoise-59.clerk.accounts.dev/v1/client/sessions/sess_3ERq9XS5MJMZhmr7HesD7a9w08q/tokens?__clerk_api_version=2025-11-10&_clerk_js_version=6.12.1&__clerk_db_jwt=dvb_3ERppu27U1QbQDvoVhIqtqZBt4y:0
[ 3729497ms] [ERROR] Failed to load resource: the server responded with a status of 401 (Unauthorized) @ http://localhost:3000/api/messages/conversations:0
[ 3729540ms] [ERROR] Failed to load resource: the server responded with a status of 401 (Unauthorized) @ http://localhost:3000/api/notifications:0
[ 3730342ms] [ERROR] Failed to load resource: the server responded with a status of 404 () @ https://communal-tortoise-59.clerk.accounts.dev/v1/client/sessions/sess_3ERq9XS5MJMZhmr7HesD7a9w08q/tokens?__clerk_api_version=2025-11-10&_clerk_js_version=6.12.1&__clerk_db_jwt=dvb_3ERppu27U1QbQDvoVhIqtqZBt4y:0
[ 3736909ms] [ERROR] Failed to load resource: the server responded with a status of 404 () @ https://communal-tortoise-59.clerk.accounts.dev/v1/client/sessions/sess_3ERq9XS5MJMZhmr7HesD7a9w08q/tokens?__clerk_api_version=2025-11-10&_clerk_js_version=6.12.1&__clerk_db_jwt=dvb_3ERppu27U1QbQDvoVhIqtqZBt4y:0
[ 3743550ms] [ERROR] Failed to load resource: the server responded with a status of 404 () @ https://communal-tortoise-59.clerk.accounts.dev/v1/client/sessions/sess_3ERq9XS5MJMZhmr7HesD7a9w08q/tokens?__clerk_api_version=2025-11-10&_clerk_js_version=6.12.1&__clerk_db_jwt=dvb_3ERppu27U1QbQDvoVhIqtqZBt4y:0
[ 3750012ms] [ERROR] Failed to load resource: the server responded with a status of 404 () @ https://communal-tortoise-59.clerk.accounts.dev/v1/client/sessions/sess_3ERq9XS5MJMZhmr7HesD7a9w08q/tokens?__clerk_api_version=2025-11-10&_clerk_js_version=6.12.1&__clerk_db_jwt=dvb_3ERppu27U1QbQDvoVhIqtqZBt4y:0
[ 3756649ms] [ERROR] Failed to load resource: the server responded with a status of 404 () @ https://communal-tortoise-59.clerk.accounts.dev/v1/client/sessions/sess_3ERq9XS5MJMZhmr7HesD7a9w08q/tokens?__clerk_api_version=2025-11-10&_clerk_js_version=6.12.1&__clerk_db_jwt=dvb_3ERppu27U1QbQDvoVhIqtqZBt4y:0
[ 3759505ms] [ERROR] Failed to load resource: the server responded with a status of 401 (Unauthorized) @ http://localhost:3000/api/messages/conversations:0
[ 3759507ms] [ERROR] Failed to load resource: the server responded with a status of 401 (Unauthorized) @ http://localhost:3000/api/notifications:0
[ 3763337ms] [ERROR] Failed to load resource: the server responded with a status of 404 () @ https://communal-tortoise-59.clerk.accounts.dev/v1/client/sessions/sess_3ERq9XS5MJMZhmr7HesD7a9w08q/tokens?__clerk_api_version=2025-11-10&_clerk_js_version=6.12.1&__clerk_db_jwt=dvb_3ERppu27U1QbQDvoVhIqtqZBt4y:0
[ 3768980ms] [ERROR] Failed to load resource: the server responded with a status of 404 () @ https://communal-tortoise-59.clerk.accounts.dev/v1/client/sessions/sess_3ERq9XS5MJMZhmr7HesD7a9w08q/tokens?__clerk_api_version=2025-11-10&_clerk_js_version=6.12.1&__clerk_db_jwt=dvb_3ERppu27U1QbQDvoVhIqtqZBt4y:0
[ 3775337ms] [ERROR] Failed to load resource: the server responded with a status of 404 () @ https://communal-tortoise-59.clerk.accounts.dev/v1/client/sessions/sess_3ERq9XS5MJMZhmr7HesD7a9w08q/tokens?__clerk_api_version=2025-11-10&_clerk_js_version=6.12.1&__clerk_db_jwt=dvb_3ERppu27U1QbQDvoVhIqtqZBt4y:0
[ 3781305ms] [ERROR] Failed to load resource: the server responded with a status of 404 () @ https://communal-tortoise-59.clerk.accounts.dev/v1/client/sessions/sess_3ERq9XS5MJMZhmr7HesD7a9w08q/tokens?__clerk_api_version=2025-11-10&_clerk_js_version=6.12.1&__clerk_db_jwt=dvb_3ERppu27U1QbQDvoVhIqtqZBt4y:0
[ 3787904ms] [ERROR] Failed to load resource: the server responded with a status of 404 () @ https://communal-tortoise-59.clerk.accounts.dev/v1/client/sessions/sess_3ERq9XS5MJMZhmr7HesD7a9w08q/tokens?__clerk_api_version=2025-11-10&_clerk_js_version=6.12.1&__clerk_db_jwt=dvb_3ERppu27U1QbQDvoVhIqtqZBt4y:0
[ 3789511ms] [ERROR] Failed to load resource: the server responded with a status of 401 (Unauthorized) @ http://localhost:3000/api/messages/conversations:0
[ 3789546ms] [ERROR] Failed to load resource: the server responded with a status of 401 (Unauthorized) @ http://localhost:3000/api/notifications:0
[ 3794290ms] [ERROR] Failed to load resource: the server responded with a status of 404 () @ https://communal-tortoise-59.clerk.accounts.dev/v1/client/sessions/sess_3ERq9XS5MJMZhmr7HesD7a9w08q/tokens?__clerk_api_version=2025-11-10&_clerk_js_version=6.12.1&__clerk_db_jwt=dvb_3ERppu27U1QbQDvoVhIqtqZBt4y:0
[ 3800325ms] [ERROR] Failed to load resource: the server responded with a status of 404 () @ https://communal-tortoise-59.clerk.accounts.dev/v1/client/sessions/sess_3ERq9XS5MJMZhmr7HesD7a9w08q/tokens?__clerk_api_version=2025-11-10&_clerk_js_version=6.12.1&__clerk_db_jwt=dvb_3ERppu27U1QbQDvoVhIqtqZBt4y:0
[ 3806162ms] [ERROR] Failed to load resource: the server responded with a status of 404 () @ https://communal-tortoise-59.clerk.accounts.dev/v1/client/sessions/sess_3ERq9XS5MJMZhmr7HesD7a9w08q/tokens?__clerk_api_version=2025-11-10&_clerk_js_version=6.12.1&__clerk_db_jwt=dvb_3ERppu27U1QbQDvoVhIqtqZBt4y:0
[ 3811517ms] [ERROR] Failed to load resource: the server responded with a status of 404 () @ https://communal-tortoise-59.clerk.accounts.dev/v1/client/sessions/sess_3ERq9XS5MJMZhmr7HesD7a9w08q/tokens?__clerk_api_version=2025-11-10&_clerk_js_version=6.12.1&__clerk_db_jwt=dvb_3ERppu27U1QbQDvoVhIqtqZBt4y:0
[ 3816710ms] [ERROR] Failed to load resource: the server responded with a status of 404 () @ https://communal-tortoise-59.clerk.accounts.dev/v1/client/sessions/sess_3ERq9XS5MJMZhmr7HesD7a9w08q/tokens?__clerk_api_version=2025-11-10&_clerk_js_version=6.12.1&__clerk_db_jwt=dvb_3ERppu27U1QbQDvoVhIqtqZBt4y:0
[ 3819539ms] [ERROR] Failed to load resource: the server responded with a status of 401 (Unauthorized) @ http://localhost:3000/api/messages/conversations:0
[ 3819549ms] [ERROR] Failed to load resource: the server responded with a status of 401 (Unauthorized) @ http://localhost:3000/api/notifications:0
[ 3822595ms] [ERROR] Failed to load resource: the server responded with a status of 404 () @ https://communal-tortoise-59.clerk.accounts.dev/v1/client/sessions/sess_3ERq9XS5MJMZhmr7HesD7a9w08q/tokens?__clerk_api_version=2025-11-10&_clerk_js_version=6.12.1&__clerk_db_jwt=dvb_3ERppu27U1QbQDvoVhIqtqZBt4y:0
[ 3829207ms] [ERROR] Failed to load resource: the server responded with a status of 404 () @ https://communal-tortoise-59.clerk.accounts.dev/v1/client/sessions/sess_3ERq9XS5MJMZhmr7HesD7a9w08q/tokens?__clerk_api_version=2025-11-10&_clerk_js_version=6.12.1&__clerk_db_jwt=dvb_3ERppu27U1QbQDvoVhIqtqZBt4y:0
[ 3835429ms] [ERROR] Failed to load resource: the server responded with a status of 404 () @ https://communal-tortoise-59.clerk.accounts.dev/v1/client/sessions/sess_3ERq9XS5MJMZhmr7HesD7a9w08q/tokens?__clerk_api_version=2025-11-10&_clerk_js_version=6.12.1&__clerk_db_jwt=dvb_3ERppu27U1QbQDvoVhIqtqZBt4y:0
[ 3841069ms] [ERROR] Failed to load resource: the server responded with a status of 404 () @ https://communal-tortoise-59.clerk.accounts.dev/v1/client/sessions/sess_3ERq9XS5MJMZhmr7HesD7a9w08q/tokens?__clerk_api_version=2025-11-10&_clerk_js_version=6.12.1&__clerk_db_jwt=dvb_3ERppu27U1QbQDvoVhIqtqZBt4y:0
[ 3846400ms] [ERROR] Failed to load resource: the server responded with a status of 404 () @ https://communal-tortoise-59.clerk.accounts.dev/v1/client/sessions/sess_3ERq9XS5MJMZhmr7HesD7a9w08q/tokens?__clerk_api_version=2025-11-10&_clerk_js_version=6.12.1&__clerk_db_jwt=dvb_3ERppu27U1QbQDvoVhIqtqZBt4y:0
[ 3849605ms] [ERROR] Failed to load resource: the server responded with a status of 401 (Unauthorized) @ http://localhost:3000/api/messages/conversations:0
[ 3849608ms] [ERROR] Failed to load resource: the server responded with a status of 401 (Unauthorized) @ http://localhost:3000/api/notifications:0
[ 3852421ms] [ERROR] Failed to load resource: the server responded with a status of 404 () @ https://communal-tortoise-59.clerk.accounts.dev/v1/client/sessions/sess_3ERq9XS5MJMZhmr7HesD7a9w08q/tokens?__clerk_api_version=2025-11-10&_clerk_js_version=6.12.1&__clerk_db_jwt=dvb_3ERppu27U1QbQDvoVhIqtqZBt4y:0
[ 3858674ms] [ERROR] Failed to load resource: the server responded with a status of 404 () @ https://communal-tortoise-59.clerk.accounts.dev/v1/client/sessions/sess_3ERq9XS5MJMZhmr7HesD7a9w08q/tokens?__clerk_api_version=2025-11-10&_clerk_js_version=6.12.1&__clerk_db_jwt=dvb_3ERppu27U1QbQDvoVhIqtqZBt4y:0
[ 3865198ms] [ERROR] Failed to load resource: the server responded with a status of 404 () @ https://communal-tortoise-59.clerk.accounts.dev/v1/client/sessions/sess_3ERq9XS5MJMZhmr7HesD7a9w08q/tokens?__clerk_api_version=2025-11-10&_clerk_js_version=6.12.1&__clerk_db_jwt=dvb_3ERppu27U1QbQDvoVhIqtqZBt4y:0
[ 3870705ms] [ERROR] Failed to load resource: the server responded with a status of 404 () @ https://communal-tortoise-59.clerk.accounts.dev/v1/client/sessions/sess_3ERq9XS5MJMZhmr7HesD7a9w08q/tokens?__clerk_api_version=2025-11-10&_clerk_js_version=6.12.1&__clerk_db_jwt=dvb_3ERppu27U1QbQDvoVhIqtqZBt4y:0
[ 3877154ms] [ERROR] Failed to load resource: the server responded with a status of 404 () @ https://communal-tortoise-59.clerk.accounts.dev/v1/client/sessions/sess_3ERq9XS5MJMZhmr7HesD7a9w08q/tokens?__clerk_api_version=2025-11-10&_clerk_js_version=6.12.1&__clerk_db_jwt=dvb_3ERppu27U1QbQDvoVhIqtqZBt4y:0
[ 3879525ms] [ERROR] Failed to load resource: the server responded with a status of 401 (Unauthorized) @ http://localhost:3000/api/notifications:0
[ 3879543ms] [ERROR] Failed to load resource: the server responded with a status of 401 (Unauthorized) @ http://localhost:3000/api/messages/conversations:0
[ 3882455ms] [ERROR] Failed to load resource: the server responded with a status of 404 () @ https://communal-tortoise-59.clerk.accounts.dev/v1/client/sessions/sess_3ERq9XS5MJMZhmr7HesD7a9w08q/tokens?__clerk_api_version=2025-11-10&_clerk_js_version=6.12.1&__clerk_db_jwt=dvb_3ERppu27U1QbQDvoVhIqtqZBt4y:0
[ 3888189ms] [ERROR] Failed to load resource: the server responded with a status of 404 () @ https://communal-tortoise-59.clerk.accounts.dev/v1/client/sessions/sess_3ERq9XS5MJMZhmr7HesD7a9w08q/tokens?__clerk_api_version=2025-11-10&_clerk_js_version=6.12.1&__clerk_db_jwt=dvb_3ERppu27U1QbQDvoVhIqtqZBt4y:0
[ 3893618ms] [ERROR] Failed to load resource: the server responded with a status of 404 () @ https://communal-tortoise-59.clerk.accounts.dev/v1/client/sessions/sess_3ERq9XS5MJMZhmr7HesD7a9w08q/tokens?__clerk_api_version=2025-11-10&_clerk_js_version=6.12.1&__clerk_db_jwt=dvb_3ERppu27U1QbQDvoVhIqtqZBt4y:0
[ 3900246ms] [ERROR] Failed to load resource: the server responded with a status of 404 () @ https://communal-tortoise-59.clerk.accounts.dev/v1/client/sessions/sess_3ERq9XS5MJMZhmr7HesD7a9w08q/tokens?__clerk_api_version=2025-11-10&_clerk_js_version=6.12.1&__clerk_db_jwt=dvb_3ERppu27U1QbQDvoVhIqtqZBt4y:0
[ 3906149ms] [ERROR] Failed to load resource: the server responded with a status of 404 () @ https://communal-tortoise-59.clerk.accounts.dev/v1/client/sessions/sess_3ERq9XS5MJMZhmr7HesD7a9w08q/tokens?__clerk_api_version=2025-11-10&_clerk_js_version=6.12.1&__clerk_db_jwt=dvb_3ERppu27U1QbQDvoVhIqtqZBt4y:0
[ 3909515ms] [ERROR] Failed to load resource: the server responded with a status of 401 (Unauthorized) @ http://localhost:3000/api/messages/conversations:0
[ 3909526ms] [ERROR] Failed to load resource: the server responded with a status of 401 (Unauthorized) @ http://localhost:3000/api/notifications:0
[ 3911355ms] [ERROR] Failed to load resource: the server responded with a status of 404 () @ https://communal-tortoise-59.clerk.accounts.dev/v1/client/sessions/sess_3ERq9XS5MJMZhmr7HesD7a9w08q/tokens?__clerk_api_version=2025-11-10&_clerk_js_version=6.12.1&__clerk_db_jwt=dvb_3ERppu27U1QbQDvoVhIqtqZBt4y:0
[ 3917788ms] [ERROR] Failed to load resource: the server responded with a status of 404 () @ https://communal-tortoise-59.clerk.accounts.dev/v1/client/sessions/sess_3ERq9XS5MJMZhmr7HesD7a9w08q/tokens?__clerk_api_version=2025-11-10&_clerk_js_version=6.12.1&__clerk_db_jwt=dvb_3ERppu27U1QbQDvoVhIqtqZBt4y:0
[ 3923151ms] [ERROR] Failed to load resource: the server responded with a status of 404 () @ https://communal-tortoise-59.clerk.accounts.dev/v1/client/sessions/sess_3ERq9XS5MJMZhmr7HesD7a9w08q/tokens?__clerk_api_version=2025-11-10&_clerk_js_version=6.12.1&__clerk_db_jwt=dvb_3ERppu27U1QbQDvoVhIqtqZBt4y:0
[ 3928677ms] [ERROR] Failed to load resource: the server responded with a status of 404 () @ https://communal-tortoise-59.clerk.accounts.dev/v1/client/sessions/sess_3ERq9XS5MJMZhmr7HesD7a9w08q/tokens?__clerk_api_version=2025-11-10&_clerk_js_version=6.12.1&__clerk_db_jwt=dvb_3ERppu27U1QbQDvoVhIqtqZBt4y:0
[ 3934710ms] [ERROR] Failed to load resource: the server responded with a status of 404 () @ https://communal-tortoise-59.clerk.accounts.dev/v1/client/sessions/sess_3ERq9XS5MJMZhmr7HesD7a9w08q/tokens?__clerk_api_version=2025-11-10&_clerk_js_version=6.12.1&__clerk_db_jwt=dvb_3ERppu27U1QbQDvoVhIqtqZBt4y:0
[ 3939515ms] [ERROR] Failed to load resource: the server responded with a status of 401 (Unauthorized) @ http://localhost:3000/api/messages/conversations:0
[ 3939528ms] [ERROR] Failed to load resource: the server responded with a status of 401 (Unauthorized) @ http://localhost:3000/api/notifications:0
[ 3940329ms] [ERROR] Failed to load resource: the server responded with a status of 404 () @ https://communal-tortoise-59.clerk.accounts.dev/v1/client/sessions/sess_3ERq9XS5MJMZhmr7HesD7a9w08q/tokens?__clerk_api_version=2025-11-10&_clerk_js_version=6.12.1&__clerk_db_jwt=dvb_3ERppu27U1QbQDvoVhIqtqZBt4y:0
[ 3945800ms] [ERROR] Failed to load resource: the server responded with a status of 404 () @ https://communal-tortoise-59.clerk.accounts.dev/v1/client/sessions/sess_3ERq9XS5MJMZhmr7HesD7a9w08q/tokens?__clerk_api_version=2025-11-10&_clerk_js_version=6.12.1&__clerk_db_jwt=dvb_3ERppu27U1QbQDvoVhIqtqZBt4y:0
[ 3951104ms] [ERROR] Failed to load resource: the server responded with a status of 404 () @ https://communal-tortoise-59.clerk.accounts.dev/v1/client/sessions/sess_3ERq9XS5MJMZhmr7HesD7a9w08q/tokens?__clerk_api_version=2025-11-10&_clerk_js_version=6.12.1&__clerk_db_jwt=dvb_3ERppu27U1QbQDvoVhIqtqZBt4y:0
[ 3957500ms] [ERROR] Failed to load resource: the server responded with a status of 404 () @ https://communal-tortoise-59.clerk.accounts.dev/v1/client/sessions/sess_3ERq9XS5MJMZhmr7HesD7a9w08q/tokens?__clerk_api_version=2025-11-10&_clerk_js_version=6.12.1&__clerk_db_jwt=dvb_3ERppu27U1QbQDvoVhIqtqZBt4y:0
[ 3963794ms] [ERROR] Failed to load resource: the server responded with a status of 404 () @ https://communal-tortoise-59.clerk.accounts.dev/v1/client/sessions/sess_3ERq9XS5MJMZhmr7HesD7a9w08q/tokens?__clerk_api_version=2025-11-10&_clerk_js_version=6.12.1&__clerk_db_jwt=dvb_3ERppu27U1QbQDvoVhIqtqZBt4y:0
[ 3969494ms] [ERROR] Failed to load resource: the server responded with a status of 401 (Unauthorized) @ http://localhost:3000/api/messages/conversations:0
[ 3969509ms] [ERROR] Failed to load resource: the server responded with a status of 401 (Unauthorized) @ http://localhost:3000/api/notifications:0
[ 3970210ms] [ERROR] Failed to load resource: the server responded with a status of 404 () @ https://communal-tortoise-59.clerk.accounts.dev/v1/client/sessions/sess_3ERq9XS5MJMZhmr7HesD7a9w08q/tokens?__clerk_api_version=2025-11-10&_clerk_js_version=6.12.1&__clerk_db_jwt=dvb_3ERppu27U1QbQDvoVhIqtqZBt4y:0
[ 3976687ms] [ERROR] Failed to load resource: the server responded with a status of 404 () @ https://communal-tortoise-59.clerk.accounts.dev/v1/client/sessions/sess_3ERq9XS5MJMZhmr7HesD7a9w08q/tokens?__clerk_api_version=2025-11-10&_clerk_js_version=6.12.1&__clerk_db_jwt=dvb_3ERppu27U1QbQDvoVhIqtqZBt4y:0
[ 3982321ms] [ERROR] Failed to load resource: the server responded with a status of 404 () @ https://communal-tortoise-59.clerk.accounts.dev/v1/client/sessions/sess_3ERq9XS5MJMZhmr7HesD7a9w08q/tokens?__clerk_api_version=2025-11-10&_clerk_js_version=6.12.1&__clerk_db_jwt=dvb_3ERppu27U1QbQDvoVhIqtqZBt4y:0
[ 3987662ms] [ERROR] Failed to load resource: the server responded with a status of 404 () @ https://communal-tortoise-59.clerk.accounts.dev/v1/client/sessions/sess_3ERq9XS5MJMZhmr7HesD7a9w08q/tokens?__clerk_api_version=2025-11-10&_clerk_js_version=6.12.1&__clerk_db_jwt=dvb_3ERppu27U1QbQDvoVhIqtqZBt4y:0
[ 3993720ms] [ERROR] Failed to load resource: the server responded with a status of 404 () @ https://communal-tortoise-59.clerk.accounts.dev/v1/client/sessions/sess_3ERq9XS5MJMZhmr7HesD7a9w08q/tokens?__clerk_api_version=2025-11-10&_clerk_js_version=6.12.1&__clerk_db_jwt=dvb_3ERppu27U1QbQDvoVhIqtqZBt4y:0
[ 3999270ms] [ERROR] Failed to load resource: the server responded with a status of 404 () @ https://communal-tortoise-59.clerk.accounts.dev/v1/client/sessions/sess_3ERq9XS5MJMZhmr7HesD7a9w08q/tokens?__clerk_api_version=2025-11-10&_clerk_js_version=6.12.1&__clerk_db_jwt=dvb_3ERppu27U1QbQDvoVhIqtqZBt4y:0
[ 3999528ms] [ERROR] Failed to load resource: the server responded with a status of 401 (Unauthorized) @ http://localhost:3000/api/messages/conversations:0
[ 3999531ms] [ERROR] Failed to load resource: the server responded with a status of 401 (Unauthorized) @ http://localhost:3000/api/notifications:0
[ 4005709ms] [ERROR] Failed to load resource: the server responded with a status of 404 () @ https://communal-tortoise-59.clerk.accounts.dev/v1/client/sessions/sess_3ERq9XS5MJMZhmr7HesD7a9w08q/tokens?__clerk_api_version=2025-11-10&_clerk_js_version=6.12.1&__clerk_db_jwt=dvb_3ERppu27U1QbQDvoVhIqtqZBt4y:0
[ 4012126ms] [ERROR] Failed to load resource: the server responded with a status of 404 () @ https://communal-tortoise-59.clerk.accounts.dev/v1/client/sessions/sess_3ERq9XS5MJMZhmr7HesD7a9w08q/tokens?__clerk_api_version=2025-11-10&_clerk_js_version=6.12.1&__clerk_db_jwt=dvb_3ERppu27U1QbQDvoVhIqtqZBt4y:0
[ 4017907ms] [LOG] [Fast Refresh] rebuilding @ http://localhost:3000/_next/static/chunks/01vs_next_dist_0z7rf41._.js:2477
[ 4017916ms] [ERROR] Failed to load resource: the server responded with a status of 404 () @ https://communal-tortoise-59.clerk.accounts.dev/v1/client/sessions/sess_3ERq9XS5MJMZhmr7HesD7a9w08q/tokens?__clerk_api_version=2025-11-10&_clerk_js_version=6.12.1&__clerk_db_jwt=dvb_3ERppu27U1QbQDvoVhIqtqZBt4y:0
[ 4021068ms] [LOG] [HMR] connected @ http://localhost:3000/_next/static/chunks/01vs_next_dist_0z7rf41._.js:2477
[ 4023838ms] [ERROR] Failed to load resource: the server responded with a status of 404 () @ https://communal-tortoise-59.clerk.accounts.dev/v1/client/sessions/sess_3ERq9XS5MJMZhmr7HesD7a9w08q/tokens?__clerk_api_version=2025-11-10&_clerk_js_version=6.12.1&__clerk_db_jwt=dvb_3ERppu27U1QbQDvoVhIqtqZBt4y:0
[ 4025723ms] [INFO] %cDownload the React DevTools for a better development experience: https://react.dev/link/react-devtools font-weight:bold @ http://localhost:3000/_next/static/chunks/01vs_next_dist_0z7rf41._.js:2477
[ 4025760ms] [LOG] [HMR] connected @ http://localhost:3000/_next/static/chunks/01vs_next_dist_0z7rf41._.js:2477
[ 4025963ms] [WARNING] Image with src "http://localhost:3000/images/logo-symbol.svg" has either width or height modified, but not the other. If you use CSS to change the size of your image, also include the styles 'width: "auto"' or 'height: "auto"' to maintain the aspect ratio. @ http://localhost:3000/_next/static/chunks/01vs_next_dist_0z7rf41._.js:2477
[ 4025963ms] [WARNING] Image with src "http://localhost:3000/images/logo-wordmark.svg" has either width or height modified, but not the other. If you use CSS to change the size of your image, also include the styles 'width: "auto"' or 'height: "auto"' to maintain the aspect ratio. @ http://localhost:3000/_next/static/chunks/01vs_next_dist_0z7rf41._.js:2477
[ 4026012ms] [WARNING] Clerk: Clerk has been loaded with development keys. Development instances have strict usage limits and should not be used when deploying your application to production. Learn more: https://clerk.com/docs/deployments/overview @ http://localhost:3000/_next/static/chunks/01vs_next_dist_0z7rf41._.js:2477
[ 4026572ms] [VERBOSE] [DOM] Input elements should have autocomplete attributes (suggested: "current-password"): (More info: https://goo.gl/9p2vKq) %o @ http://localhost:3000/sign-in?redirect_url=http%3A%2F%2Flocalhost%3A3000%2Fdashboard%2Fupload:0
[ 4026938ms] [WARNING] Image with src "/images/auth-billboard.png" has "fill" but is missing "sizes" prop. Please add it to improve page performance. Read more: https://nextjs.org/docs/api-reference/next/image#sizes @ http://localhost:3000/_next/static/chunks/01vs_next_dist_0z7rf41._.js:2477
[ 4052373ms] [ERROR] WebSocket connection to 'ws://localhost:3000/_next/webpack-hmr?id=IjTrxMRn3IohSIHP3GCUL' failed: Error in connection establishment: net::ERR_CONNECTION_REFUSED @ http://localhost:3000/_next/static/chunks/01vs_next_dist_client_10-2.sc._.js:13322
[ 4053376ms] [ERROR] WebSocket connection to 'ws://localhost:3000/_next/webpack-hmr?id=IjTrxMRn3IohSIHP3GCUL' failed: Error in connection establishment: net::ERR_CONNECTION_REFUSED @ http://localhost:3000/_next/static/chunks/01vs_next_dist_client_10-2.sc._.js:13322
[ 4054378ms] [ERROR] WebSocket connection to 'ws://localhost:3000/_next/webpack-hmr?id=IjTrxMRn3IohSIHP3GCUL' failed: Error in connection establishment: net::ERR_CONNECTION_REFUSED @ http://localhost:3000/_next/static/chunks/01vs_next_dist_client_10-2.sc._.js:13322
[ 4055380ms] [ERROR] WebSocket connection to 'ws://localhost:3000/_next/webpack-hmr?id=IjTrxMRn3IohSIHP3GCUL' failed: Error in connection establishment: net::ERR_CONNECTION_REFUSED @ http://localhost:3000/_next/static/chunks/01vs_next_dist_client_10-2.sc._.js:13322
[ 4056382ms] [ERROR] WebSocket connection to 'ws://localhost:3000/_next/webpack-hmr?id=IjTrxMRn3IohSIHP3GCUL' failed: Error in connection establishment: net::ERR_CONNECTION_REFUSED @ http://localhost:3000/_next/static/chunks/01vs_next_dist_client_10-2.sc._.js:13322
[ 4061385ms] [ERROR] WebSocket connection to 'ws://localhost:3000/_next/webpack-hmr?id=IjTrxMRn3IohSIHP3GCUL' failed: Error in connection establishment: net::ERR_CONNECTION_REFUSED @ http://localhost:3000/_next/static/chunks/01vs_next_dist_client_10-2.sc._.js:13322
[ 4066982ms] [LOG] [HMR] connected @ http://localhost:3000/_next/static/chunks/01vs_next_dist_0z7rf41._.js:2477
[ 4069504ms] [INFO] %cDownload the React DevTools for a better development experience: https://react.dev/link/react-devtools font-weight:bold @ http://localhost:3000/_next/static/chunks/01vs_next_dist_0z7rf41._.js:2477
[ 4069531ms] [LOG] [HMR] connected @ http://localhost:3000/_next/static/chunks/01vs_next_dist_0z7rf41._.js:2477
[ 4069590ms] [WARNING] Image with src "http://localhost:3000/images/logo-symbol.svg" has either width or height modified, but not the other. If you use CSS to change the size of your image, also include the styles 'width: "auto"' or 'height: "auto"' to maintain the aspect ratio. @ http://localhost:3000/_next/static/chunks/01vs_next_dist_0z7rf41._.js:2477
[ 4069590ms] [WARNING] Image with src "http://localhost:3000/images/logo-wordmark.svg" has either width or height modified, but not the other. If you use CSS to change the size of your image, also include the styles 'width: "auto"' or 'height: "auto"' to maintain the aspect ratio. @ http://localhost:3000/_next/static/chunks/01vs_next_dist_0z7rf41._.js:2477
[ 4069671ms] [WARNING] Clerk: Clerk has been loaded with development keys. Development instances have strict usage limits and should not be used when deploying your application to production. Learn more: https://clerk.com/docs/deployments/overview @ http://localhost:3000/_next/static/chunks/01vs_next_dist_0z7rf41._.js:2477
[ 4069702ms] [WARNING] Image with src "/images/auth-billboard.png" has "fill" but is missing "sizes" prop. Please add it to improve page performance. Read more: https://nextjs.org/docs/api-reference/next/image#sizes @ http://localhost:3000/_next/static/chunks/01vs_next_dist_0z7rf41._.js:2477
[ 4070072ms] [VERBOSE] [DOM] Input elements should have autocomplete attributes (suggested: "current-password"): (More info: https://goo.gl/9p2vKq) %o @ http://localhost:3000/sign-in?redirect_url=http%3A%2F%2Flocalhost%3A3000%2Fdashboard%2Fupload:0
[ 4350945ms] [LOG] [Fast Refresh] rebuilding @ http://localhost:3000/_next/static/chunks/01vs_next_dist_0z7rf41._.js:2477
[ 4351937ms] [LOG] [Fast Refresh] done in 1081ms @ http://localhost:3000/_next/static/chunks/01vs_next_dist_0z7rf41._.js:2477
[ 4360437ms] [LOG] [Fast Refresh] rebuilding @ http://localhost:3000/_next/static/chunks/01vs_next_dist_0z7rf41._.js:2477
[ 4360490ms] [LOG] [Fast Refresh] done in 130ms @ http://localhost:3000/_next/static/chunks/01vs_next_dist_0z7rf41._.js:2477
[ 4369928ms] [LOG] [Fast Refresh] rebuilding @ http://localhost:3000/_next/static/chunks/01vs_next_dist_0z7rf41._.js:2477
[ 4370190ms] [LOG] [Fast Refresh] done in 334ms @ http://localhost:3000/_next/static/chunks/01vs_next_dist_0z7rf41._.js:2477
[ 5678700ms] [LOG] [HMR] connected @ http://localhost:3000/_next/static/chunks/01vs_next_dist_0z7rf41._.js:2477
[ 6130020ms] [LOG] [Fast Refresh] rebuilding @ http://localhost:3000/_next/static/chunks/01vs_next_dist_0z7rf41._.js:2477
[ 6130321ms] [LOG] [Fast Refresh] done in 328ms @ http://localhost:3000/_next/static/chunks/01vs_next_dist_0z7rf41._.js:2477
[ 6140111ms] [LOG] [Fast Refresh] rebuilding @ http://localhost:3000/_next/static/chunks/01vs_next_dist_0z7rf41._.js:2477
[ 6140207ms] [LOG] [Fast Refresh] done in 197ms @ http://localhost:3000/_next/static/chunks/01vs_next_dist_0z7rf41._.js:2477
[ 6149017ms] [LOG] [Fast Refresh] rebuilding @ http://localhost:3000/_next/static/chunks/01vs_next_dist_0z7rf41._.js:2477
[ 6150982ms] [WARNING] [Fast Refresh] performing full reload

Fast Refresh will perform a full reload when you edit a file that's imported by modules outside of the React rendering tree.
You might have a file which exports a React component but also exports a value that is imported by a non-React component file.
Consider migrating the non-React component export to a separate file and importing it into both files.

It is also possible the parent component of the component you edited is a class component, which disables Fast Refresh.
Fast Refresh requires at least one parent function component in your React tree. @ http://localhost:3000/_next/static/chunks/01vs_next_dist_0z7rf41._.js:2477
[ 6151296ms] [LOG] [Fast Refresh] done in 2036ms @ http://localhost:3000/_next/static/chunks/01vs_next_dist_0z7rf41._.js:2477
[ 6153135ms] [INFO] %cDownload the React DevTools for a better development experience: https://react.dev/link/react-devtools font-weight:bold @ http://localhost:3000/_next/static/chunks/01vs_next_dist_0z7rf41._.js:2477
[ 6153172ms] [LOG] [HMR] connected @ http://localhost:3000/_next/static/chunks/01vs_next_dist_0z7rf41._.js:2477
[ 6153269ms] [WARNING] Image with src "http://localhost:3000/images/logo-symbol.svg" has either width or height modified, but not the other. If you use CSS to change the size of your image, also include the styles 'width: "auto"' or 'height: "auto"' to maintain the aspect ratio. @ http://localhost:3000/_next/static/chunks/01vs_next_dist_0z7rf41._.js:2477
[ 6153270ms] [WARNING] Image with src "http://localhost:3000/images/logo-wordmark.svg" has either width or height modified, but not the other. If you use CSS to change the size of your image, also include the styles 'width: "auto"' or 'height: "auto"' to maintain the aspect ratio. @ http://localhost:3000/_next/static/chunks/01vs_next_dist_0z7rf41._.js:2477
[ 6153271ms] [WARNING] Image with src "/images/auth-billboard.png" has "fill" but is missing "sizes" prop. Please add it to improve page performance. Read more: https://nextjs.org/docs/api-reference/next/image#sizes @ http://localhost:3000/_next/static/chunks/01vs_next_dist_0z7rf41._.js:2477
[ 6153316ms] [WARNING] Clerk: Clerk has been loaded with development keys. Development instances have strict usage limits and should not be used when deploying your application to production. Learn more: https://clerk.com/docs/deployments/overview @ http://localhost:3000/_next/static/chunks/01vs_next_dist_0z7rf41._.js:2477
[ 6153853ms] [VERBOSE] [DOM] Input elements should have autocomplete attributes (suggested: "current-password"): (More info: https://goo.gl/9p2vKq) %o @ http://localhost:3000/sign-in?redirect_url=http%3A%2F%2Flocalhost%3A3000%2Fdashboard%2Fupload:0
[ 6157557ms] [LOG] [Fast Refresh] rebuilding @ http://localhost:3000/_next/static/chunks/01vs_next_dist_0z7rf41._.js:2477
[ 6157935ms] [LOG] [Fast Refresh] done in 363ms @ http://localhost:3000/_next/static/chunks/01vs_next_dist_0z7rf41._.js:2477
