[    1134ms] [INFO] %cDownload the React DevTools for a better development experience: https://react.dev/link/react-devtools font-weight:bold @ http://localhost:3000/_next/static/chunks/01vs_next_dist_0z7rf41._.js:2477
[    1181ms] [LOG] [HMR] connected @ http://localhost:3000/_next/static/chunks/01vs_next_dist_0z7rf41._.js:2477
[    1331ms] [LOG] [Fast Refresh] rebuilding @ http://localhost:3000/_next/static/chunks/01vs_next_dist_0z7rf41._.js:2477
[    1380ms] [LOG] [Fast Refresh] done in 160ms @ http://localhost:3000/_next/static/chunks/01vs_next_dist_0z7rf41._.js:2477
[    1380ms] [WARNING] Clerk: Clerk has been loaded with development keys. Development instances have strict usage limits and should not be used when deploying your application to production. Learn more: https://clerk.com/docs/deployments/overview @ http://localhost:3000/_next/static/chunks/01vs_next_dist_0z7rf41._.js:2477
[    1412ms] [WARNING] Image with src "http://localhost:3000/images/logo-symbol.svg" has either width or height modified, but not the other. If you use CSS to change the size of your image, also include the styles 'width: "auto"' or 'height: "auto"' to maintain the aspect ratio. @ http://localhost:3000/_next/static/chunks/01vs_next_dist_0z7rf41._.js:2477
[    1413ms] [WARNING] Image with src "https://i.vimeocdn.com/video/666069685-b8830d1617363db0055a21e24423e90026a79403f7a9603ca22981bdc7671ccb-d_640?region=us" has "fill" but is missing "sizes" prop. Please add it to improve page performance. Read more: https://nextjs.org/docs/api-reference/next/image#sizes @ http://localhost:3000/_next/static/chunks/01vs_next_dist_0z7rf41._.js:2477
[    1413ms] [WARNING] Image with src "https://videodelivery.net/3b2696f077d0e769ac9b2813876877e7/thumbnails/thumbnail.jpg" has "fill" but is missing "sizes" prop. Please add it to improve page performance. Read more: https://nextjs.org/docs/api-reference/next/image#sizes @ http://localhost:3000/_next/static/chunks/01vs_next_dist_0z7rf41._.js:2477
[    1413ms] [WARNING] Image with src "https://videodelivery.net/7091e379841bf28eab0e59f4355f10ed/thumbnails/thumbnail.jpg" has "fill" but is missing "sizes" prop. Please add it to improve page performance. Read more: https://nextjs.org/docs/api-reference/next/image#sizes @ http://localhost:3000/_next/static/chunks/01vs_next_dist_0z7rf41._.js:2477
[    1416ms] [WARNING] Image with src "https://videodelivery.net/f2bb6fb9317cad488e7ffa6963b39926/thumbnails/thumbnail.jpg" has "fill" but is missing "sizes" prop. Please add it to improve page performance. Read more: https://nextjs.org/docs/api-reference/next/image#sizes @ http://localhost:3000/_next/static/chunks/01vs_next_dist_0z7rf41._.js:2477
[    1419ms] [WARNING] Image with src "https://videodelivery.net/9d192f545911ca0ef3da7d49c69f72c6/thumbnails/thumbnail.jpg" has "fill" but is missing "sizes" prop. Please add it to improve page performance. Read more: https://nextjs.org/docs/api-reference/next/image#sizes @ http://localhost:3000/_next/static/chunks/01vs_next_dist_0z7rf41._.js:2477
[    1419ms] [WARNING] Image with src "https://videodelivery.net/ac5c216b2ab9d970a27be47af24505d2/thumbnails/thumbnail.jpg" has "fill" but is missing "sizes" prop. Please add it to improve page performance. Read more: https://nextjs.org/docs/api-reference/next/image#sizes @ http://localhost:3000/_next/static/chunks/01vs_next_dist_0z7rf41._.js:2477
[    1419ms] [WARNING] Image with src "https://videodelivery.net/3c5400eef9dfe517b10625fd633e44d1/thumbnails/thumbnail.jpg" has "fill" but is missing "sizes" prop. Please add it to improve page performance. Read more: https://nextjs.org/docs/api-reference/next/image#sizes @ http://localhost:3000/_next/static/chunks/01vs_next_dist_0z7rf41._.js:2477
[    1420ms] [WARNING] Image with src "https://videodelivery.net/f0aefd3848d742388dc95db1e2466723/thumbnails/thumbnail.jpg" has "fill" but is missing "sizes" prop. Please add it to improve page performance. Read more: https://nextjs.org/docs/api-reference/next/image#sizes @ http://localhost:3000/_next/static/chunks/01vs_next_dist_0z7rf41._.js:2477
[    1421ms] [WARNING] Image with src "https://videodelivery.net/68de5b1f368d16a9f7f798129d8f25c4/thumbnails/thumbnail.jpg" has "fill" but is missing "sizes" prop. Please add it to improve page performance. Read more: https://nextjs.org/docs/api-reference/next/image#sizes @ http://localhost:3000/_next/static/chunks/01vs_next_dist_0z7rf41._.js:2477
[    5388ms] [LOG] [Fast Refresh] rebuilding @ http://localhost:3000/_next/static/chunks/01vs_next_dist_0z7rf41._.js:2477
[    5465ms] [LOG] [Fast Refresh] done in 178ms @ http://localhost:3000/_next/static/chunks/01vs_next_dist_0z7rf41._.js:2477
[  530888ms] [LOG] [Fast Refresh] rebuilding @ http://localhost:3000/_next/static/chunks/01vs_next_dist_0z7rf41._.js:2477
[  530906ms] [LOG] [Fast Refresh] done in 119ms @ http://localhost:3000/_next/static/chunks/01vs_next_dist_0z7rf41._.js:2477
[  535257ms] [LOG] [Fast Refresh] rebuilding @ http://localhost:3000/_next/static/chunks/01vs_next_dist_0z7rf41._.js:2477
[  535270ms] [LOG] [Fast Refresh] done in 114ms @ http://localhost:3000/_next/static/chunks/01vs_next_dist_0z7rf41._.js:2477
[  537085ms] [LOG] [Fast Refresh] rebuilding @ http://localhost:3000/_next/static/chunks/01vs_next_dist_0z7rf41._.js:2477
[  537105ms] [LOG] [Fast Refresh] done in 73ms @ http://localhost:3000/_next/static/chunks/01vs_next_dist_0z7rf41._.js:2477
[  549987ms] [LOG] [Fast Refresh] rebuilding @ http://localhost:3000/_next/static/chunks/01vs_next_dist_0z7rf41._.js:2477
[  549988ms] [LOG] [Fast Refresh] done in 101ms @ http://localhost:3000/_next/static/chunks/01vs_next_dist_0z7rf41._.js:2477
[  563369ms] [LOG] [Fast Refresh] rebuilding @ http://localhost:3000/_next/static/chunks/01vs_next_dist_0z7rf41._.js:2477
[  563389ms] [LOG] [Fast Refresh] done in 73ms @ http://localhost:3000/_next/static/chunks/01vs_next_dist_0z7rf41._.js:2477
[  567275ms] [LOG] [Fast Refresh] rebuilding @ http://localhost:3000/_next/static/chunks/01vs_next_dist_0z7rf41._.js:2477
[  567295ms] [LOG] [Fast Refresh] done in 69ms @ http://localhost:3000/_next/static/chunks/01vs_next_dist_0z7rf41._.js:2477
[  571690ms] [LOG] [Fast Refresh] rebuilding @ http://localhost:3000/_next/static/chunks/01vs_next_dist_0z7rf41._.js:2477
[  571736ms] [LOG] [Fast Refresh] done in 73ms @ http://localhost:3000/_next/static/chunks/01vs_next_dist_0z7rf41._.js:2477
[  579405ms] [LOG] [Fast Refresh] rebuilding @ http://localhost:3000/_next/static/chunks/01vs_next_dist_0z7rf41._.js:2477
[  579420ms] [LOG] [Fast Refresh] done in 81ms @ http://localhost:3000/_next/static/chunks/01vs_next_dist_0z7rf41._.js:2477
[  590134ms] [LOG] [Fast Refresh] rebuilding @ http://localhost:3000/_next/static/chunks/01vs_next_dist_0z7rf41._.js:2477
[  590217ms] [LOG] [Fast Refresh] done in 40ms @ http://localhost:3000/_next/static/chunks/01vs_next_dist_0z7rf41._.js:2477
[  590346ms] [LOG] [Fast Refresh] rebuilding @ http://localhost:3000/_next/static/chunks/01vs_next_dist_0z7rf41._.js:2477
[  590347ms] [LOG] [Fast Refresh] done in 102ms @ http://localhost:3000/_next/static/chunks/01vs_next_dist_0z7rf41._.js:2477
[  593849ms] [LOG] [Fast Refresh] rebuilding @ http://localhost:3000/_next/static/chunks/01vs_next_dist_0z7rf41._.js:2477
[  593884ms] [LOG] [Fast Refresh] done in 27ms @ http://localhost:3000/_next/static/chunks/01vs_next_dist_0z7rf41._.js:2477
