[    1450ms] [WARNING] Allow attribute will take precedence over 'allowfullscreen'. @ http://localhost:3000/v/cmpqyp5m900050f2guq8ghnj3:0
[    1496ms] [INFO] %cDownload the React DevTools for a better development experience: https://react.dev/link/react-devtools font-weight:bold @ http://localhost:3000/_next/static/chunks/01vs_next_dist_0z7rf41._.js:2477
[    1594ms] [LOG] [HMR] connected @ http://localhost:3000/_next/static/chunks/01vs_next_dist_0z7rf41._.js:2477
[    1662ms] [WARNING] Image with src "http://localhost:3000/images/logo-symbol.svg" has either width or height modified, but not the other. If you use CSS to change the size of your image, also include the styles 'width: "auto"' or 'height: "auto"' to maintain the aspect ratio. @ http://localhost:3000/_next/static/chunks/01vs_next_dist_0z7rf41._.js:2477
[    1724ms] [WARNING] Clerk: Clerk has been loaded with development keys. Development instances have strict usage limits and should not be used when deploying your application to production. Learn more: https://clerk.com/docs/deployments/overview @ http://localhost:3000/_next/static/chunks/01vs_next_dist_0z7rf41._.js:2477
[    2412ms] [LOG] [Fast Refresh] rebuilding @ http://localhost:3000/_next/static/chunks/01vs_next_dist_0z7rf41._.js:2477
[    2430ms] [LOG] [Fast Refresh] done in 120ms @ http://localhost:3000/_next/static/chunks/01vs_next_dist_0z7rf41._.js:2477
[    6844ms] [LOG] [Fast Refresh] rebuilding @ http://localhost:3000/_next/static/chunks/01vs_next_dist_0z7rf41._.js:2477
[    6905ms] [LOG] [Fast Refresh] done in 162ms @ http://localhost:3000/_next/static/chunks/01vs_next_dist_0z7rf41._.js:2477
[   64047ms] [LOG] [Fast Refresh] rebuilding @ http://localhost:3000/_next/static/chunks/01vs_next_dist_0z7rf41._.js:2477
[   64084ms] [LOG] [Fast Refresh] done in 90ms @ http://localhost:3000/_next/static/chunks/01vs_next_dist_0z7rf41._.js:2477
[   67931ms] [LOG] [Fast Refresh] rebuilding @ http://localhost:3000/_next/static/chunks/01vs_next_dist_0z7rf41._.js:2477
[   67969ms] [LOG] [Fast Refresh] done in 104ms @ http://localhost:3000/_next/static/chunks/01vs_next_dist_0z7rf41._.js:2477
[   71302ms] [LOG] [Fast Refresh] rebuilding @ http://localhost:3000/_next/static/chunks/01vs_next_dist_0z7rf41._.js:2477
[   71352ms] [LOG] [Fast Refresh] done in 49ms @ http://localhost:3000/_next/static/chunks/01vs_next_dist_0z7rf41._.js:2477
[   86332ms] [LOG] [Fast Refresh] rebuilding @ http://localhost:3000/_next/static/chunks/01vs_next_dist_0z7rf41._.js:2477
[   86407ms] [LOG] [Fast Refresh] done in 158ms @ http://localhost:3000/_next/static/chunks/01vs_next_dist_0z7rf41._.js:2477
[   92315ms] [LOG] [Fast Refresh] rebuilding @ http://localhost:3000/_next/static/chunks/01vs_next_dist_0z7rf41._.js:2477
[   92448ms] [LOG] [Fast Refresh] done in 220ms @ http://localhost:3000/_next/static/chunks/01vs_next_dist_0z7rf41._.js:2477
[ 1114619ms] [LOG] [HMR] connected @ http://localhost:3000/_next/static/chunks/01vs_next_dist_0z7rf41._.js:2477
[ 1809330ms] [ERROR] Failed to load resource: net::ERR_CONNECTION_RESET @ https://communal-tortoise-59.clerk.accounts.dev/v1/client/sessions/sess_3ERq9XS5MJMZhmr7HesD7a9w08q/tokens?__clerk_api_version=2025-11-10&_clerk_js_version=6.12.1&__clerk_db_jwt=dvb_3ERppu27U1QbQDvoVhIqtqZBt4y:0
[ 1809330ms] [ERROR] Failed to load resource: net::ERR_CONNECTION_RESET @ https://communal-tortoise-59.clerk.accounts.dev/v1/client/sessions/sess_3ERq9XS5MJMZhmr7HesD7a9w08q/tokens?__clerk_api_version=2025-11-10&_clerk_js_version=6.12.1&__clerk_db_jwt=dvb_3ERppu27U1QbQDvoVhIqtqZBt4y:0
